Component: ARM Compiler 5.06 update 7 (build 960) Tool: armlink [4d3601]

==============================================================================

Section Cross References

    startup_stm32f407xx.o(STACK) refers (Special) to heapauxi.o(.text) for __use_two_region_memory
    startup_stm32f407xx.o(HEAP) refers (Special) to heapauxi.o(.text) for __use_two_region_memory
    startup_stm32f407xx.o(RESET) refers (Special) to heapauxi.o(.text) for __use_two_region_memory
    startup_stm32f407xx.o(RESET) refers to startup_stm32f407xx.o(STACK) for __initial_sp
    startup_stm32f407xx.o(RESET) refers to startup_stm32f407xx.o(.text) for Reset_Handler
    startup_stm32f407xx.o(RESET) refers to stm32f4xx_it.o(i.NMI_Handler) for NMI_Handler
    startup_stm32f407xx.o(RESET) refers to stm32f4xx_it.o(i.HardFault_Handler) for HardFault_Handler
    startup_stm32f407xx.o(RESET) refers to stm32f4xx_it.o(i.MemManage_Handler) for MemManage_Handler
    startup_stm32f407xx.o(RESET) refers to stm32f4xx_it.o(i.BusFault_Handler) for BusFault_Handler
    startup_stm32f407xx.o(RESET) refers to stm32f4xx_it.o(i.UsageFault_Handler) for UsageFault_Handler
    startup_stm32f407xx.o(RESET) refers to port.o(.emb_text) for SVC_Handler
    startup_stm32f407xx.o(RESET) refers to stm32f4xx_it.o(i.DebugMon_Handler) for DebugMon_Handler
    startup_stm32f407xx.o(RESET) refers to port.o(i.SysTick_Handler) for SysTick_Handler
    startup_stm32f407xx.o(RESET) refers to stm32f4xx_it.o(i.EXTI0_IRQHandler) for EXTI0_IRQHandler
    startup_stm32f407xx.o(RESET) refers to stm32f4xx_it.o(i.EXTI4_IRQHandler) for EXTI4_IRQHandler
    startup_stm32f407xx.o(RESET) refers to stm32f4xx_it.o(i.DMA1_Stream1_IRQHandler) for DMA1_Stream1_IRQHandler
    startup_stm32f407xx.o(RESET) refers to stm32f4xx_it.o(i.CAN1_RX0_IRQHandler) for CAN1_RX0_IRQHandler
    startup_stm32f407xx.o(RESET) refers to stm32f4xx_it.o(i.EXTI9_5_IRQHandler) for EXTI9_5_IRQHandler
    startup_stm32f407xx.o(RESET) refers to stm32f4xx_it.o(i.TIM3_IRQHandler) for TIM3_IRQHandler
    startup_stm32f407xx.o(RESET) refers to stm32f4xx_it.o(i.USART1_IRQHandler) for USART1_IRQHandler
    startup_stm32f407xx.o(RESET) refers to remote_control.o(i.USART3_IRQHandler) for USART3_IRQHandler
    startup_stm32f407xx.o(RESET) refers to stm32f4xx_it.o(i.DMA2_Stream1_IRQHandler) for DMA2_Stream1_IRQHandler
    startup_stm32f407xx.o(RESET) refers to ins_task.o(i.DMA2_Stream2_IRQHandler) for DMA2_Stream2_IRQHandler
    startup_stm32f407xx.o(RESET) refers to stm32f4xx_it.o(i.DMA2_Stream3_IRQHandler) for DMA2_Stream3_IRQHandler
    startup_stm32f407xx.o(RESET) refers to stm32f4xx_it.o(i.CAN2_RX0_IRQHandler) for CAN2_RX0_IRQHandler
    startup_stm32f407xx.o(RESET) refers to stm32f4xx_it.o(i.DMA2_Stream6_IRQHandler) for DMA2_Stream6_IRQHandler
    startup_stm32f407xx.o(RESET) refers to referee_task.o(i.USART6_IRQHandler) for USART6_IRQHandler
    startup_stm32f407xx.o(.text) refers (Special) to heapauxi.o(.text) for __use_two_region_memory
    startup_stm32f407xx.o(.text) refers to system_stm32f4xx.o(i.SystemInit) for SystemInit
    startup_stm32f407xx.o(.text) refers to __main.o(!!!main) for __main
    startup_stm32f407xx.o(.text) refers to startup_stm32f407xx.o(HEAP) for Heap_Mem
    startup_stm32f407xx.o(.text) refers to startup_stm32f407xx.o(STACK) for Stack_Mem
    main.o(i.HAL_TIM_PeriodElapsedCallback) refers to stm32f4xx_hal.o(i.HAL_IncTick) for HAL_IncTick
    main.o(i.SystemClock_Config) refers to rt_memclr_w.o(.text) for __aeabi_memclr4
    main.o(i.SystemClock_Config) refers to stm32f4xx_hal_rcc.o(i.HAL_RCC_OscConfig) for HAL_RCC_OscConfig
    main.o(i.SystemClock_Config) refers to main.o(i.Error_Handler) for Error_Handler
    main.o(i.SystemClock_Config) refers to stm32f4xx_hal_rcc.o(i.HAL_RCC_ClockConfig) for HAL_RCC_ClockConfig
    main.o(i.main) refers to stm32f4xx_hal.o(i.HAL_Init) for HAL_Init
    main.o(i.main) refers to main.o(i.SystemClock_Config) for SystemClock_Config
    main.o(i.main) refers to stm32f4xx_hal.o(i.HAL_Delay) for HAL_Delay
    main.o(i.main) refers to gpio.o(i.MX_GPIO_Init) for MX_GPIO_Init
    main.o(i.main) refers to dma.o(i.MX_DMA_Init) for MX_DMA_Init
    main.o(i.main) refers to can.o(i.MX_CAN1_Init) for MX_CAN1_Init
    main.o(i.main) refers to can.o(i.MX_CAN2_Init) for MX_CAN2_Init
    main.o(i.main) refers to spi.o(i.MX_SPI1_Init) for MX_SPI1_Init
    main.o(i.main) refers to usart.o(i.MX_USART1_UART_Init) for MX_USART1_UART_Init
    main.o(i.main) refers to usart.o(i.MX_USART3_UART_Init) for MX_USART3_UART_Init
    main.o(i.main) refers to usart.o(i.MX_USART6_UART_Init) for MX_USART6_UART_Init
    main.o(i.main) refers to tim.o(i.MX_TIM5_Init) for MX_TIM5_Init
    main.o(i.main) refers to tim.o(i.MX_TIM4_Init) for MX_TIM4_Init
    main.o(i.main) refers to tim.o(i.MX_TIM10_Init) for MX_TIM10_Init
    main.o(i.main) refers to tim.o(i.MX_TIM1_Init) for MX_TIM1_Init
    main.o(i.main) refers to tim.o(i.MX_TIM8_Init) for MX_TIM8_Init
[...]
    __fpl_dnaninf                            0x080109a1   Thumb Code   156  dnaninf.o(x$fpl$dnaninf)
    __fpl_dretinf                            0x08010a3d   Thumb Code    12  dretinf.o(x$fpl$dretinf)
    __aeabi_cdrcmple                         0x08010a49   Thumb Code     0  drleqf.o(x$fpl$drleqf)
    _drcmple                                 0x08010a49   Thumb Code   108  drleqf.o(x$fpl$drleqf)
    __aeabi_drsub                            0x08010ab5   Thumb Code     0  daddsub_clz.o(x$fpl$drsb)
    _drsb                                    0x08010ab5   Thumb Code    22  daddsub_clz.o(x$fpl$drsb)
    _dsqrt                                   0x08010acd   Thumb Code   404  dsqrt_umaal.o(x$fpl$dsqrt)
    __aeabi_dsub                             0x08010c65   Thumb Code     0  daddsub_clz.o(x$fpl$dsub)
    _dsub                                    0x08010c65   Thumb Code   464  daddsub_clz.o(x$fpl$dsub)
    __aeabi_f2d                              0x08010e39   Thumb Code     0  f2d.o(x$fpl$f2d)
    _f2d                                     0x08010e39   Thumb Code    86  f2d.o(x$fpl$f2d)
    __fpl_fnaninf                            0x08010e8f   Thumb Code   140  fnaninf.o(x$fpl$fnaninf)
    _fp_init                                 0x08010f1b   Thumb Code    10  fpinit.o(x$fpl$fpinit)
    __fplib_config_fpu_vfp                   0x08010f23   Thumb Code     0  fpinit.o(x$fpl$fpinit)
    __fplib_config_pureend_doubles           0x08010f23   Thumb Code     0  fpinit.o(x$fpl$fpinit)
    __fpl_fretinf                            0x08010f25   Thumb Code    10  fretinf.o(x$fpl$fretinf)
    __I$use$fp                               0x08010f2e   Number         0  usenofp.o(x$fpl$usenofp)
    AHBPrescTable                            0x0801106c   Data          16  system_stm32f4xx.o(.constdata)
    APBPrescTable                            0x0801107c   Data           8  system_stm32f4xx.o(.constdata)
    CRC8_table                               0x08011162   Data         256  crc8_crc16.o(.constdata)
    wCRC_table                               0x08011262   Data         512  crc8_crc16.o(.constdata)
    __mathlib_zero                           0x080115c8   Data           8  qnan.o(.constdata)
    Region$$Table$$Base                      0x08011778   Number         0  anon$$obj.o(Region$$Table)
    Region$$Table$$Limit                     0x08011798   Number         0  anon$$obj.o(Region$$Table)
    defaultTaskHandle                        0x20000000   Data           4  freertos.o(.data)
    led_taskHandle                           0x20000004   Data           4  freertos.o(.data)
    buzzer_taskHandle                        0x20000008   Data           4  freertos.o(.data)
    chassis_taskHandle                       0x2000000c   Data           4  freertos.o(.data)
    supercap_taskHandle                      0x20000010   Data           4  freertos.o(.data)
    referee_taskHandle                       0x20000014   Data           4  freertos.o(.data)
    ins_taskHandle                           0x20000018   Data           4  freertos.o(.data)
    calibrate_taskHandle                     0x2000001c   Data           4  freertos.o(.data)
    detect_taskHandle                        0x20000020   Data           4  freertos.o(.data)
    gimbal_taskHandle                        0x20000024   Data           4  freertos.o(.data)
    telescope_taskHandle                     0x20000028   Data           4  freertos.o(.data)
    uwTickFreq                               0x20000030   Data           1  stm32f4xx_hal.o(.data)
    uwTickPrio                               0x20000034   Data           4  stm32f4xx_hal.o(.data)
    uwTick                                   0x20000038   Data           4  stm32f4xx_hal.o(.data)
    SystemCoreClock                          0x2000003c   Data           4  system_stm32f4xx.o(.data)
    pxCurrentTCB                             0x20000040   Data           4  tasks.o(.data)
    BuzzerCount                              0x200000a8   Data           1  buzzer_task.o(.data)
    last_B_key                               0x200000aa   Data           2  buzzer_task.o(.data)
    calibrate_flag                           0x200000ac   Data           1  calibrate_task.o(.data)
    start_count                              0x200000ae   Data           2  calibrate_task.o(.data)
    calibration_count                        0x200000b0   Data           2  calibrate_task.o(.data)
    gyro_x_zero                              0x200000b4   Data           4  calibrate_task.o(.data)
    gyro_y_zero                              0x200000b8   Data           4  calibrate_task.o(.data)
    gyro_z_zero                              0x200000bc   Data           4  calibrate_task.o(.data)
    sum_x                                    0x200000c0   Data           4  calibrate_task.o(.data)
    sum_y                                    0x200000c4   Data           4  calibrate_task.o(.data)
    sum_z                                    0x200000c8   Data           4  calibrate_task.o(.data)
    cap_send_num                             0x200000cc   Data           1  chassis_task.o(.data)
    chassis_send_num                         0x200000cd   Data           1  chassis_task.o(.data)
    spin_w_flag                              0x200000ce   Data           1  chassis_task.o(.data)
    send_num                                 0x200000d0   Data           2  chassis_task.o(.data)
    chassis_mode_time                        0x200000d8   Data           2  chassis_task.o(.data)
    spin_w_count                             0x200000da   Data           2  chassis_task.o(.data)
    chassis_init_time                        0x200000dc   Data           2  chassis_task.o(.data)
    relative_Pmax                            0x200000e0   Data           4  chassis_task.o(.data)
    Reset_cont                               0x200000e4   Data           1  detect_task.o(.data)
    remote_control_data_error_flag           0x200000e5   Data           1  detect_task.o(.data)
    rollover_flag                            0x200000e6   Data           1  detect_task.o(.data)
    trigger_motor3508_block_flag             0x200000e7   Data           1  detect_task.o(.data)
    rc_receive_flag                          0x200000e8   Data           1  detect_task.o(.data)
    fric_send_num                            0x200000f2   Data           1  gimbal_task.o(.data)
    gimbal_init_flag                         0x200000f9   Data           1  gimbal_task.o(.data)
    shoot_mode_flag                          0x200000fa   Data           1  gimbal_task.o(.data)
    servo_send_num                           0x200000fc   Data           2  gimbal_task.o(.data)
    last_z_key                               0x200000fe   Data           2  gimbal_task.o(.data)
    shoot_mode_sned_num                      0x20000100   Data           2  gimbal_task.o(.data)
    q_send_num                               0x20000102   Data           2  gimbal_task.o(.data)
    gimbal_init_over_time                    0x20000104   Data           2  gimbal_task.o(.data)
    gimbal_init_time                         0x20000106   Data           2  gimbal_task.o(.data)
    turnover_cold_time                       0x20000108   Data           2  gimbal_task.o(.data)
    gimbal_into_zero_force_time              0x2000010a   Data           2  gimbal_task.o(.data)
    gyro_update_flag                         0x2000010c   Data           1  ins_task.o(.data)
    accel_update_flag                        0x2000010d   Data           1  ins_task.o(.data)
    accel_temp_update_flag                   0x2000010e   Data           1  ins_task.o(.data)
    imu_start_dma_flag                       0x2000010f   Data           1  ins_task.o(.data)
    first_temperate                          0x20000111   Data           1  ins_task.o(.data)
    accel_temp_dma_tx_buf                    0x20000112   Data           4  ins_task.o(.data)
    twoKp                                    0x20000118   Data           4  ins_task.o(.data)
    twoKi                                    0x2000011c   Data           4  ins_task.o(.data)
    integralFBx                              0x20000120   Data           4  ins_task.o(.data)
    integralFBy                              0x20000124   Data           4  ins_task.o(.data)
    integralFBz                              0x20000128   Data           4  ins_task.o(.data)
    accel_temp_dma_rx_buf                    0x20000134   Data           4  ins_task.o(.data)
    gyro_dma_tx_buf                          0x20000138   Data           8  ins_task.o(.data)
    gyro_dma_rx_buf                          0x20000140   Data           8  ins_task.o(.data)
    accel_dma_tx_buf                         0x20000148   Data           9  ins_task.o(.data)
    af_ImuTempPID                            0x20000154   Data          12  ins_task.o(.data)
    blue                                     0x20000160   Data           2  led_task.o(.data)
    green                                    0x20000162   Data           2  led_task.o(.data)
    red                                      0x20000164   Data           2  led_task.o(.data)
    capdraw                                  0x20000168   Data           1  referee_task.o(.data)
    energy_draw                              0x20000169   Data           1  referee_task.o(.data)
    auto_state                               0x2000016a   Data           1  referee_task.o(.data)
    shoot                                    0x2000016b   Data           1  referee_task.o(.data)
    number_7_robot_HP_draw                   0x2000016c   Data           1  referee_task.o(.data)
    ext_game_result                          0x2000016d   Data           1  referee_task.o(.data)
    ext_hurt_data                            0x2000016e   Data           1  referee_task.o(.data)
    ext_radar_info                           0x2000016f   Data           1  referee_task.o(.data)
    MY_CLIENT_ID                             0x20000170   Data           2  referee_task.o(.data)
    ext_air_support_data                     0x20000174   Data           2  referee_task.o(.data)
    ext_referee_warning                      0x20000176   Data           3  referee_task.o(.data)
    ext_dart_info                            0x20000179   Data           3  referee_task.o(.data)
    MY_ROBOT_ID                              0x2000017c   Data           4  referee_task.o(.data)
    ext_event_data                           0x20000180   Data           4  referee_task.o(.data)
    ext_supply_projectile_action             0x20000184   Data           4  referee_task.o(.data)
    ext_rfid_status                          0x20000188   Data           4  referee_task.o(.data)
    ext_sentry_info                          0x2000018c   Data           4  referee_task.o(.data)
    ext_dart_client_cmd                      0x20000190   Data           5  referee_task.o(.data)
    ext_referee_receive_header               0x20000195   Data           5  referee_task.o(.data)
    ext_referee_send_header                  0x2000019a   Data           5  referee_task.o(.data)
    ext_projectile_allowance                 0x2000019f   Data           6  referee_task.o(.data)
    ext_radar_mark_data                      0x200001a5   Data           6  referee_task.o(.data)
    ext_robot_interactive_header_data        0x200001ab   Data           6  referee_task.o(.data)
    ext_buff                                 0x200001b1   Data           7  referee_task.o(.data)
    ext_robot_shoot_data                     0x200001b8   Data           7  referee_task.o(.data)
    cap_en_flag                              0x200001c0   Data           1  supercap_task.o(.data)
    CAN2_Cap_flag                            0x200001c1   Data           1  supercap_task.o(.data)
    cap_FSM                                  0x200001c2   Data           1  supercap_task.o(.data)
    cap_FSM_ex                               0x200001c3   Data           1  supercap_task.o(.data)
    cap_flag                                 0x200001c4   Data           1  supercap_task.o(.data)
    low_vol_flag                             0x200001c5   Data           1  supercap_task.o(.data)
    cap_num                                  0x200001c6   Data           2  supercap_task.o(.data)
    cap_mode_change_cold_time                0x200001c8   Data           2  supercap_task.o(.data)
    BMI088_ACCEL_SEN                         0x200001cc   Data           4  bmi088driver.o(.data)
    BMI088_GYRO_SEN                          0x200001d0   Data           4  bmi088driver.o(.data)
    can1_flag                                0x200001fa   Data           1  can_task.o(.data)
    can2_flag                                0x200001fb   Data           1  can_task.o(.data)
    byte                                     0x200001fc   Data           4  can_task.o(.data)
    Motor_Can_ID                             0x20000200   Data           4  can_task.o(.data)
    CRC16_INIT                               0x20000204   Data           2  crc8_crc16.o(.data)
    speed_match_flag                         0x20000208   Data           1  power_control.o(.data)
    w_match_flag                             0x20000209   Data           1  power_control.o(.data)
    Pin                                      0x2000020c   Data           4  power_control.o(.data)
    K                                        0x20000210   Data           4  power_control.o(.data)
    K_buffer                                 0x20000214   Data           4  power_control.o(.data)
    infact_Pmax                              0x20000220   Data           4  power_control.o(.data)
    count_Pmax                               0x20000224   Data           4  power_control.o(.data)
    filter_Pmax                              0x20000228   Data           4  power_control.o(.data)
    sum_energy                               0x2000022c   Data           4  power_control.o(.data)
    w_match                                  0x20000230   Data           4  power_control.o(.data)
    vx_match                                 0x20000234   Data           4  power_control.o(.data)
    vy_match                                 0x20000238   Data           4  power_control.o(.data)
    rc_receive_num                           0x2000023c   Data           2  remote_control.o(.data)
    continue_shoot_mode                      0x20000240   Data           1  shoot_task.o(.data)
    shoot_init_time                          0x20000242   Data           2  shoot_task.o(.data)
    shoot_init_over_time                     0x20000244   Data           2  shoot_task.o(.data)
    shoot_continue_time                      0x20000246   Data           2  shoot_task.o(.data)
    shoot_single_time_count                  0x20000248   Data           2  shoot_task.o(.data)
    shooting_single_count                    0x2000024a   Data           2  shoot_task.o(.data)
    continue_shoot_mode_time                 0x2000024c   Data           2  shoot_task.o(.data)
    clear_time                               0x2000024e   Data           2  shoot_task.o(.data)
    radar_time                               0x20000250   Data           2  shoot_task.o(.data)
    last_q_key                               0x20000252   Data           2  servo_task.o(.data)
    last_e_key                               0x20000254   Data           2  servo_task.o(.data)
    hcan1                                    0x200004ac   Data          40  can.o(.bss)
    hcan2                                    0x200004d4   Data          40  can.o(.bss)
    hspi1                                    0x200004fc   Data          88  spi.o(.bss)
    hdma_spi1_rx                             0x20000554   Data          96  spi.o(.bss)
    hdma_spi1_tx                             0x200005b4   Data          96  spi.o(.bss)
    htim1                                    0x20000614   Data          72  tim.o(.bss)
    htim4                                    0x2000065c   Data          72  tim.o(.bss)
    htim5                                    0x200006a4   Data          72  tim.o(.bss)
    htim8                                    0x200006ec   Data          72  tim.o(.bss)
    htim10                                   0x20000734   Data          72  tim.o(.bss)
    huart1                                   0x2000077c   Data          72  usart.o(.bss)
    huart3                                   0x200007c4   Data          72  usart.o(.bss)
    huart6                                   0x2000080c   Data          72  usart.o(.bss)
    hdma_usart3_rx                           0x20000854   Data          96  usart.o(.bss)
    hdma_usart6_rx                           0x200008b4   Data          96  usart.o(.bss)
    hdma_usart6_tx                           0x20000914   Data          96  usart.o(.bss)
    htim3                                    0x20000974   Data          72  stm32f4xx_hal_timebase_tim.o(.bss)
    chassis_move_data                        0x20005b60   Data         116  chassis_task.o(.bss)
    gimbal_data                              0x20005bd4   Data         548  gimbal_task.o(.bss)
    INS_gyro                                 0x20005df8   Data          12  ins_task.o(.bss)
    INS_accel                                0x20005e04   Data          12  ins_task.o(.bss)
    INS_accel_z                              0x20005e10   Data          24  ins_task.o(.bss)
    INS_quat                                 0x20005e28   Data          16  ins_task.o(.bss)
    INS_eulers                               0x20005e38   Data          12  ins_task.o(.bss)
    accel_dma_rx_buf                         0x20005e44   Data           9  ins_task.o(.bss)
    imu_temp_pid                             0x20005e50   Data          64  ins_task.o(.bss)
    bmi088_real_data                         0x20005e90   Data          36  ins_task.o(.bss)
    ext_game_status                          0x20006013   Data          11  referee_task.o(.bss)
    ext_game_robot_HP                        0x2000601e   Data          32  referee_task.o(.bss)
    ext_robot_status                         0x2000603e   Data          13  referee_task.o(.bss)
    ext_power_heat_data                      0x2000604b   Data          16  referee_task.o(.bss)
    ext_robot_pos                            0x2000605b   Data          12  referee_task.o(.bss)
    ext_ground_robot_position                0x20006067   Data          40  referee_task.o(.bss)
    robot_interactive_data                   0x2000608f   Data         119  referee_task.o(.bss)
    ext_custom_robot_data                    0x20006106   Data          30  referee_task.o(.bss)
    ext_map_command                          0x20006124   Data          16  referee_task.o(.bss)
    ext_remote_control                       0x20006134   Data          12  referee_task.o(.bss)
    referee_fifo                             0x20006140   Data          24  referee_task.o(.bss)
    referee_fifo_buf                         0x20006158   Data        1024  referee_task.o(.bss)
    referee_unpack_obj                       0x20006558   Data         137  referee_task.o(.bss)
    usart6_buf                               0x200065e1   Data        1024  referee_task.o(.bss)
    Personal_Data                            0x200069e1   Data         128  referee_task.o(.bss)
    cap_control                              0x20006a64   Data          68  supercap_task.o(.bss)
    chassis_state                            0x20006aa8   Data          20  supercap_task.o(.bss)
    chassis_motor3508_measure                0x20006abc   Data          40  can_task.o(.bss)
    trigger_motor3508_measure                0x20006ae4   Data          10  can_task.o(.bss)
    gimbal_motor3508_measure                 0x20006aee   Data          30  can_task.o(.bss)
    gimbal_motor2006_measure                 0x20006b0c   Data          20  can_task.o(.bss)
    gimbal_motormi_measure                   0x20006b20   Data         200  can_task.o(.bss)
    chassis_motor3508_data                   0x20006be8   Data        1168  can_task.o(.bss)
    trigger_motor3508_data                   0x20007078   Data         292  can_task.o(.bss)
    gimbal_motor3508_data                    0x2000719c   Data         876  can_task.o(.bss)
    gimbal_motor2006_data                    0x20007508   Data         584  can_task.o(.bss)
    gimbal_motor4310_data                    0x20007750   Data         180  can_task.o(.bss)
    gimbal_motormi_data                      0x20007804   Data         292  can_task.o(.bss)
    txMsg                                    0x20007928   Data          24  can_task.o(.bss)
    cap_data                                 0x20007940   Data          16  can_task.o(.bss)
    autoaim_measure                          0x20007950   Data          16  can_task.o(.bss)
    plot_frame                               0x20007960   Data          43  plot.o(.bss)
    ctl                                      0x2000798c   Data          22  remote_control.o(.bss)
    shoot_data                               0x200079a4   Data          28  shoot_task.o(.bss)
    ocular_servo                             0x200079c0   Data          12  servo_task.o(.bss)
    secondpitch_servo                        0x200079cc   Data          16  servo_task.o(.bss)
    basepitch_servo                          0x200079dc   Data          16  servo_task.o(.bss)
    sbus_buf                                 0x200079ec   Data          36  bsp_usart.o(.bss)
    __libspace_start                         0x20007a10   Data          96  libspace.o(.bss)
    __temporary_stack_top$libspace           0x20007a70   Data           0  libspace.o(.bss)



==============================================================================

Memory Map of the image

  Image Entry point : 0x08000189

  Load Region LR_IROM1 (Base: 0x08000000, Size: 0x000119f0, Max: 0x00100000, ABSOLUTE, COMPRESSED[0x00011804])

    Execution Region ER_IROM1 (Exec base: 0x08000000, Load base: 0x08000000, Size: 0x00011798, Max: 0x00100000, ABSOLUTE)

    Exec Addr    Load Addr    Size         Type   Attr      Idx    E Section Name        Object

    0x08000000   0x08000000   0x00000188   Data   RO            3    RESET               startup_stm32f407xx.o
    0x08000188   0x08000188   0x00000008   Code   RO         7917  * !!!main             c_w.l(__main.o)
    0x08000190   0x08000190   0x00000034   Code   RO         8353    !!!scatter          c_w.l(__scatter.o)
    0x080001c4   0x080001c4   0x0000005a   Code   RO         8351    !!dczerorl2         c_w.l(__dczerorl2.o)
    0x0800021e   0x0800021e   0x00000002   PAD
    0x08000220   0x08000220   0x0000001c   Code   RO         8355    !!handler_zi        c_w.l(__scatter_zi.o)
    0x0800023c   0x0800023c   0x00000002   Code   RO         8292    .ARM.Collect$$libinit$$00000000  c_w.l(libinit.o)
    0x0800023e   0x0800023e   0x00000004   Code   RO         8093    .ARM.Collect$$libinit$$00000001  c_w.l(libinit2.o)
    0x08000242   0x08000242   0x00000000   Code   RO         8096    .ARM.Collect$$libinit$$00000004  c_w.l(libinit2.o)
    0x08000242   0x08000242   0x00000000   Code   RO         8099    .ARM.Collect$$libinit$$0000000A  c_w.l(libinit2.o)
    0x08000242   0x08000242   0x00000000   Code   RO         8101    .ARM.Collect$$libinit$$0000000C  c_w.l(libinit2.o)
    0x08000242   0x08000242   0x00000000   Code   RO         8103    .ARM.Collect$$libinit$$0000000E  c_w.l(libinit2.o)
    0x08000242   0x08000242   0x00000000   Code   RO         8106    .ARM.Collect$$libinit$$00000011  c_w.l(libinit2.o)
    0x08000242   0x08000242   0x00000000   Code   RO         8108    .ARM.Collect$$libinit$$00000013  c_w.l(libinit2.o)
    0x08000242   0x08000242   0x00000000   Code   RO         8110    .ARM.Collect$$libinit$$00000015  c_w.l(libinit2.o)
    0x08000242   0x08000242   0x00000000   Code   RO         8112    .ARM.Collect$$libinit$$00000017  c_w.l(libinit2.o)
    0x08000242   0x08000242   0x00000000   Code   RO         8114    .ARM.Collect$$libinit$$00000019  c_w.l(libinit2.o)
    0x08000242   0x08000242   0x00000000   Code   RO         8116    .ARM.Collect$$libinit$$0000001B  c_w.l(libinit2.o)
    0x08000242   0x08000242   0x00000000   Code   RO         8118    .ARM.Collect$$libinit$$0000001D  c_w.l(libinit2.o)
    0x08000242   0x08000242   0x00000000   Code   RO         8120    .ARM.Collect$$libinit$$0000001F  c_w.l(libinit2.o)
    0x08000242   0x08000242   0x00000000   Code   RO         8122    .ARM.Collect$$libinit$$00000021  c_w.l(libinit2.o)
    0x08000242   0x08000242   0x00000000   Code   RO         8124    .ARM.Collect$$libinit$$00000023  c_w.l(libinit2.o)
    0x08000242   0x08000242   0x00000000   Code   RO         8126    .ARM.Collect$$libinit$$00000025  c_w.l(libinit2.o)
    0x08000242   0x08000242   0x00000000   Code   RO         8130    .ARM.Collect$$libinit$$0000002C  c_w.l(libinit2.o)
    0x08000242   0x08000242   0x00000000   Code   RO         8132    .ARM.Collect$$libinit$$0000002E  c_w.l(libinit2.o)
    0x08000242   0x08000242   0x00000000   Code   RO         8134    .ARM.Collect$$libinit$$00000030  c_w.l(libinit2.o)
    0x08000242   0x08000242   0x00000000   Code   RO         8136    .ARM.Collect$$libinit$$00000032  c_w.l(libinit2.o)
    0x08000242   0x08000242   0x00000002   Code   RO         8137    .ARM.Collect$$libinit$$00000033  c_w.l(libinit2.o)
    0x08000244   0x08000244   0x00000002   Code   RO         8348    .ARM.Collect$$libshutdown$$00000000  c_w.l(libshutdown.o)
    0x08000246   0x08000246   0x00000000   Code   RO         8306    .ARM.Collect$$libshutdown$$00000002  c_w.l(libshutdown2.o)
    0x08000246   0x08000246   0x00000000   Code   RO         8308    .ARM.Collect$$libshutdown$$00000004  c_w.l(libshutdown2.o)
    0x08000246   0x08000246   0x00000000   Code   RO         8310    .ARM.Collect$$libshutdown$$00000006  c_w.l(libshutdown2.o)
    0x08000246   0x08000246   0x00000000   Code   RO         8313    .ARM.Collect$$libshutdown$$00000009  c_w.l(libshutdown2.o)
    0x08000246   0x08000246   0x00000000   Code   RO         8316    .ARM.Collect$$libshutdown$$0000000C  c_w.l(libshutdown2.o)
    0x08000246   0x08000246   0x00000000   Code   RO         8318    .ARM.Collect$$libshutdown$$0000000E  c_w.l(libshutdown2.o)
    0x08000246   0x08000246   0x00000000   Code   RO         8321    .ARM.Collect$$libshutdown$$00000011  c_w.l(libshutdown2.o)
    0x08000246   0x08000246   0x00000002   Code   RO         8322    .ARM.Collect$$libshutdown$$00000012  c_w.l(libshutdown2.o)
    0x08000248   0x08000248   0x00000000   Code   RO         8059    .ARM.Collect$$rtentry$$00000000  c_w.l(__rtentry.o)
    0x08000248   0x08000248   0x00000000   Code   RO         8221    .ARM.Collect$$rtentry$$00000002  c_w.l(__rtentry2.o)
    0x08000248   0x08000248   0x00000006   Code   RO         8233    .ARM.Collect$$rtentry$$00000004  c_w.l(__rtentry4.o)
    0x0800024e   0x0800024e   0x00000000   Code   RO         8223    .ARM.Collect$$rtentry$$00000009  c_w.l(__rtentry2.o)
    0x0800024e   0x0800024e   0x00000004   Code   RO         8224    .ARM.Collect$$rtentry$$0000000A  c_w.l(__rtentry2.o)
    0x08000252   0x08000252   0x00000000   Code   RO         8226    .ARM.Collect$$rtentry$$0000000C  c_w.l(__rtentry2.o)
    0x08000252   0x08000252   0x00000008   Code   RO         8227    .ARM.Collect$$rtentry$$0000000D  c_w.l(__rtentry2.o)
    0x0800025a   0x0800025a   0x00000002   Code   RO         8293    .ARM.Collect$$rtexit$$00000000  c_w.l(rtexit.o)
    0x0800025c   0x0800025c   0x00000000   Code   RO         8324    .ARM.Collect$$rtexit$$00000002  c_w.l(rtexit2.o)
    0x0800025c   0x0800025c   0x00000004   Code   RO         8325    .ARM.Collect$$rtexit$$00000003  c_w.l(rtexit2.o)
    0x08000260   0x08000260   0x00000006   Code   RO         8326    .ARM.Collect$$rtexit$$00000004  c_w.l(rtexit2.o)
    0x08000266   0x08000266   0x00000002   PAD
    0x08000268   0x08000268   0x000000be   Code   RO         5311    .emb_text           port.o
    0x08000326   0x08000326   0x00000002   PAD
    0x08000328   0x08000328   0x00000040   Code   RO            4    .text               startup_stm32f407xx.o
    0x08000368   0x08000368   0x00000002   Code   RO         7835    .text               c_w.l(use_no_semi_2.o)
    0x0800036a   0x0800036a   0x000000ee   Code   RO         7899    .text               c_w.l(lludivv7m.o)
    0x08000458   0x08000458   0x0000003e   Code   RO         7901    .text               c_w.l(strlen.o)
    0x08000496   0x08000496   0x0000008a   Code   RO         7903    .text               c_w.l(rt_memcpy_v6.o)
    0x08000520   0x08000520   0x00000064   Code   RO         7905    .text               c_w.l(rt_memcpy_w.o)
    0x08000584   0x08000584   0x00000010   Code   RO         7909    .text               c_w.l(aeabi_memset.o)
    0x08000594   0x08000594   0x00000044   Code   RO         7911    .text               c_w.l(rt_memclr.o)
    0x080005d8   0x080005d8   0x0000004e   Code   RO         7913    .text               c_w.l(rt_memclr_w.o)
    0x08000626   0x08000626   0x00000006   Code   RO         7915    .text               c_w.l(heapauxi.o)
    0x0800062c   0x0800062c   0x00000002   Code   RO         8055    .text               c_w.l(use_no_semi.o)
    0x0800062e   0x0800062e   0x00000016   Code   RO         8089    .text               c_w.l(_rserrno.o)
    0x08000644   0x08000644   0x00000008   Code   RO         8217    .text               c_w.l(libspace.o)
    0x0800064c   0x0800064c   0x00000008   Code   RO         8240    .text               c_w.l(rt_errno_addr_intlibspace.o)
    0x08000654   0x08000654   0x0000004a   Code   RO         8267    .text               c_w.l(sys_stackheap_outer.o)
    0x0800069e   0x0800069e   0x00000012   Code   RO         8273    .text               c_w.l(exit.o)
    0x080006b0   0x080006b0   0x00000010   Code   RO         6638    i.BMI088_ACCEL_NS_H  bmi088middleware.o
    0x080006c0   0x080006c0   0x00000010   Code   RO         6639    i.BMI088_ACCEL_NS_L  bmi088middleware.o
    0x080006d0   0x080006d0   0x00000002   Code   RO         6640    i.BMI088_GPIO_init  bmi088middleware.o
    0x080006d2   0x080006d2   0x00000002   PAD
    0x080006d4   0x080006d4   0x00000010   Code   RO         6641    i.BMI088_GYRO_NS_H  bmi088middleware.o
    0x080006e4   0x080006e4   0x00000010   Code   RO         6642    i.BMI088_GYRO_NS_L  bmi088middleware.o
    0x080006f4   0x080006f4   0x00000088   Code   RO         6498    i.BMI088_accel_read_over  bmi088driver.o
    0x0800077c   0x0800077c   0x00000002   Code   RO         6643    i.BMI088_com_init   bmi088middleware.o
    0x0800077e   0x0800077e   0x00000018   Code   RO         6644    i.BMI088_delay_ms   bmi088middleware.o
    0x08000796   0x08000796   0x00000030   Code   RO         6645    i.BMI088_delay_us   bmi088middleware.o
    0x080007c6   0x080007c6   0x00000002   PAD
    0x080007c8   0x080007c8   0x00000060   Code   RO         6499    i.BMI088_gyro_read_over  bmi088driver.o
    0x08000828   0x08000828   0x0000002e   Code   RO         6500    i.BMI088_init       bmi088driver.o
    0x08000856   0x08000856   0x00000002   PAD
    0x08000858   0x08000858   0x0000015c   Code   RO         6501    i.BMI088_read       bmi088driver.o
    0x080009b4   0x080009b4   0x00000024   Code   RO         6504    i.BMI088_read_muli_reg  bmi088driver.o
    0x080009d8   0x080009d8   0x00000016   Code   RO         6505    i.BMI088_read_single_reg  bmi088driver.o
    0x080009ee   0x080009ee   0x00000002   PAD
    0x080009f0   0x080009f0   0x00000020   Code   RO         6646    i.BMI088_read_write_byte  bmi088middleware.o
    0x08000a10   0x08000a10   0x00000030   Code   RO         6506    i.BMI088_temperature_read_over  bmi088driver.o
    0x08000a40   0x08000a40   0x00000012   Code   RO         6507    i.BMI088_write_single_reg  bmi088driver.o
    0x08000a52   0x08000a52   0x00000002   Code   RO          676    i.BusFault_Handler  stm32f4xx_it.o
    0x08000a54   0x08000a54   0x000000cc   Code   RO         5391    i.Buzzer_Task       buzzer_task.o
    0x08000b20   0x08000b20   0x0000000c   Code   RO          677    i.CAN1_RX0_IRQHandler  stm32f4xx_it.o
    0x08000b2c   0x08000b2c   0x0000000c   Code   RO          678    i.CAN2_RX0_IRQHandler  stm32f4xx_it.o
    0x08000b38   0x08000b38   0x0000001c   Code   RO         5482    i.Calibrate_Task    calibrate_task.o
    0x08000b54   0x08000b54   0x00000178   Code   RO         5560    i.Chassis_Task      chassis_task.o
    0x08000ccc   0x08000ccc   0x0000000c   Code   RO          679    i.DMA1_Stream1_IRQHandler  stm32f4xx_it.o
    0x08000cd8   0x08000cd8   0x0000000c   Code   RO          680    i.DMA2_Stream1_IRQHandler  stm32f4xx_it.o
    0x08000ce4   0x08000ce4   0x000004cc   Code   RO         5970    i.DMA2_Stream2_IRQHandler  ins_task.o
    0x080011b0   0x080011b0   0x0000000c   Code   RO          681    i.DMA2_Stream3_IRQHandler  stm32f4xx_it.o
    0x080011bc   0x080011bc   0x0000000c   Code   RO          682    i.DMA2_Stream6_IRQHandler  stm32f4xx_it.o
    0x080011c8   0x080011c8   0x0000002c   Code   RO         2585    i.DMA_CalcBaseAndBitshift  stm32f4xx_hal_dma.o
    0x080011f4   0x080011f4   0x00000078   Code   RO         2586    i.DMA_CheckFifoParam  stm32f4xx_hal_dma.o
    0x0800126c   0x0800126c   0x00000002   Code   RO          683    i.DebugMon_Handler  stm32f4xx_it.o
    0x0800126e   0x0800126e   0x00000002   PAD
    0x08001270   0x08001270   0x0000005c   Code   RO         5649    i.Detect_Task       detect_task.o
    0x080012cc   0x080012cc   0x00000006   Code   RO          684    i.EXTI0_IRQHandler  stm32f4xx_it.o
    0x080012d2   0x080012d2   0x00000006   Code   RO          685    i.EXTI4_IRQHandler  stm32f4xx_it.o
    0x080012d8   0x080012d8   0x00000006   Code   RO          686    i.EXTI9_5_IRQHandler  stm32f4xx_it.o
    0x080012de   0x080012de   0x00000004   Code   RO           13    i.Error_Handler     main.o
    0x080012e2   0x080012e2   0x00000002   PAD
    0x080012e4   0x080012e4   0x0000001c   Code   RO         6711    i.Float_to_Byte     can_task.o
    0x08001300   0x08001300   0x00000006   Code   RO         6712    i.Get_Motor_ID      can_task.o
    0x08001306   0x08001306   0x00000002   PAD
    0x08001308   0x08001308   0x00000194   Code   RO         5891    i.Gimbal_Task       gimbal_task.o
    0x0800149c   0x0800149c   0x00000024   Code   RO         1848    i.HAL_CAN_ActivateNotification  stm32f4xx_hal_can.o
    0x080014c0   0x080014c0   0x000000e2   Code   RO         1849    i.HAL_CAN_AddTxMessage  stm32f4xx_hal_can.o
    0x080015a2   0x080015a2   0x00000002   PAD
    0x080015a4   0x080015a4   0x00000110   Code   RO         1850    i.HAL_CAN_ConfigFilter  stm32f4xx_hal_can.o
    0x080016b4   0x080016b4   0x00000002   Code   RO         1853    i.HAL_CAN_ErrorCallback  stm32f4xx_hal_can.o
    0x080016b6   0x080016b6   0x00000112   Code   RO         1856    i.HAL_CAN_GetRxMessage  stm32f4xx_hal_can.o
    0x080017c8   0x080017c8   0x000001fc   Code   RO         1860    i.HAL_CAN_IRQHandler  stm32f4xx_hal_can.o
    0x080019c4   0x080019c4   0x00000152   Code   RO         1861    i.HAL_CAN_Init      stm32f4xx_hal_can.o
    0x08001b16   0x08001b16   0x00000002   PAD
    0x08001b18   0x08001b18   0x00000100   Code   RO          395    i.HAL_CAN_MspInit   can.o
    0x08001c18   0x08001c18   0x00000002   Code   RO         1868    i.HAL_CAN_RxFifo0FullCallback  stm32f4xx_hal_can.o
    0x08001c1a   0x08001c1a   0x00000002   PAD
    0x08001c1c   0x08001c1c   0x0000016c   Code   RO         6713    i.HAL_CAN_RxFifo0MsgPendingCallback  can_task.o
    0x08001d88   0x08001d88   0x00000002   Code   RO         1870    i.HAL_CAN_RxFifo1FullCallback  stm32f4xx_hal_can.o
    0x08001d8a   0x08001d8a   0x00000002   Code   RO         1871    i.HAL_CAN_RxFifo1MsgPendingCallback  stm32f4xx_hal_can.o
    0x08001d8c   0x08001d8c   0x00000002   Code   RO         1872    i.HAL_CAN_SleepCallback  stm32f4xx_hal_can.o
    0x08001d8e   0x08001d8e   0x00000058   Code   RO         1873    i.HAL_CAN_Start     stm32f4xx_hal_can.o
    0x08001de6   0x08001de6   0x00000002   Code   RO         1875    i.HAL_CAN_TxMailbox0AbortCallback  stm32f4xx_hal_can.o
    0x08001de8   0x08001de8   0x00000002   Code   RO         1876    i.HAL_CAN_TxMailbox0CompleteCallback  stm32f4xx_hal_can.o
    0x08001dea   0x08001dea   0x00000002   Code   RO         1877    i.HAL_CAN_TxMailbox1AbortCallback  stm32f4xx_hal_can.o
    0x08001dec   0x08001dec   0x00000002   Code   RO         1878    i.HAL_CAN_TxMailbox1CompleteCallback  stm32f4xx_hal_can.o
    0x08001dee   0x08001dee   0x00000002   Code   RO         1879    i.HAL_CAN_TxMailbox2AbortCallback  stm32f4xx_hal_can.o
    0x08001df0   0x08001df0   0x00000002   Code   RO         1880    i.HAL_CAN_TxMailbox2CompleteCallback  stm32f4xx_hal_can.o
    0x08001df2   0x08001df2   0x00000002   Code   RO         1882    i.HAL_CAN_WakeUpFromRxMsgCallback  stm32f4xx_hal_can.o
    0x08001df4   0x08001df4   0x0000008e   Code   RO         2588    i.HAL_DMA_Abort     stm32f4xx_hal_dma.o
    0x08001e82   0x08001e82   0x00000024   Code   RO         2589    i.HAL_DMA_Abort_IT  stm32f4xx_hal_dma.o
    0x08001ea6   0x08001ea6   0x00000002   PAD
    0x08001ea8   0x08001ea8   0x000001d0   Code   RO         2593    i.HAL_DMA_IRQHandler  stm32f4xx_hal_dma.o
    0x08002078   0x08002078   0x000000d4   Code   RO         2594    i.HAL_DMA_Init      stm32f4xx_hal_dma.o
    0x0800214c   0x0800214c   0x00000024   Code   RO         3025    i.HAL_Delay         stm32f4xx_hal.o
    0x08002170   0x08002170   0x00000078   Code   RO         5971    i.HAL_GPIO_EXTI_Callback  ins_task.o
    0x080021e8   0x080021e8   0x00000018   Code   RO         2480    i.HAL_GPIO_EXTI_IRQHandler  stm32f4xx_hal_gpio.o
    0x08002200   0x08002200   0x000001d0   Code   RO         2481    i.HAL_GPIO_Init     stm32f4xx_hal_gpio.o
    0x080023d0   0x080023d0   0x0000000e   Code   RO         2485    i.HAL_GPIO_WritePin  stm32f4xx_hal_gpio.o
    0x080023de   0x080023de   0x00000002   PAD
    0x080023e0   0x080023e0   0x0000000c   Code   RO         3031    i.HAL_GetTick       stm32f4xx_hal.o
    0x080023ec   0x080023ec   0x00000010   Code   RO         3037    i.HAL_IncTick       stm32f4xx_hal.o
    0x080023fc   0x080023fc   0x00000034   Code   RO         3038    i.HAL_Init          stm32f4xx_hal.o
    0x08002430   0x08002430   0x00000098   Code   RO          824    i.HAL_InitTick      stm32f4xx_hal_timebase_tim.o
    0x080024c8   0x080024c8   0x00000038   Code   RO          800    i.HAL_MspInit       stm32f4xx_hal_msp.o
    0x08002500   0x08002500   0x0000001a   Code   RO         2873    i.HAL_NVIC_EnableIRQ  stm32f4xx_hal_cortex.o
    0x0800251a   0x0800251a   0x00000002   PAD
    0x0800251c   0x0800251c   0x00000040   Code   RO         2879    i.HAL_NVIC_SetPriority  stm32f4xx_hal_cortex.o
    0x0800255c   0x0800255c   0x00000024   Code   RO         2880    i.HAL_NVIC_SetPriorityGrouping  stm32f4xx_hal_cortex.o
    0x08002580   0x08002580   0x00000024   Code   RO         2881    i.HAL_NVIC_SystemReset  stm32f4xx_hal_cortex.o
    0x080025a4   0x080025a4   0x0000014c   Code   RO         2082    i.HAL_RCC_ClockConfig  stm32f4xx_hal_rcc.o
    0x080026f0   0x080026f0   0x0000003c   Code   RO         2086    i.HAL_RCC_GetClockConfig  stm32f4xx_hal_rcc.o
    0x0800272c   0x0800272c   0x0000000c   Code   RO         2087    i.HAL_RCC_GetHCLKFreq  stm32f4xx_hal_rcc.o
    0x08002738   0x08002738   0x00000020   Code   RO         2089    i.HAL_RCC_GetPCLK1Freq  stm32f4xx_hal_rcc.o
    0x08002758   0x08002758   0x00000020   Code   RO         2090    i.HAL_RCC_GetPCLK2Freq  stm32f4xx_hal_rcc.o
    0x08002778   0x08002778   0x0000006c   Code   RO         2091    i.HAL_RCC_GetSysClockFreq  stm32f4xx_hal_rcc.o
    0x080027e4   0x080027e4   0x000003c0   Code   RO         2094    i.HAL_RCC_OscConfig  stm32f4xx_hal_rcc.o
    0x08002ba4   0x08002ba4   0x000000be   Code   RO         3287    i.HAL_SPI_Init      stm32f4xx_hal_spi.o
    0x08002c62   0x08002c62   0x00000002   PAD
    0x08002c64   0x08002c64   0x00000110   Code   RO          468    i.HAL_SPI_MspInit   spi.o
    0x08002d74   0x08002d74   0x000001fa   Code   RO         3296    i.HAL_SPI_TransmitReceive  stm32f4xx_hal_spi.o
    0x08002f6e   0x08002f6e   0x00000002   Code   RO         1580    i.HAL_TIMEx_BreakCallback  stm32f4xx_hal_tim_ex.o
    0x08002f70   0x08002f70   0x00000002   Code   RO         1581    i.HAL_TIMEx_CommutCallback  stm32f4xx_hal_tim_ex.o
    0x08002f72   0x08002f72   0x00000054   Code   RO         1583    i.HAL_TIMEx_ConfigBreakDeadTime  stm32f4xx_hal_tim_ex.o
    0x08002fc6   0x08002fc6   0x00000002   PAD
    0x08002fc8   0x08002fc8   0x00000090   Code   RO         1599    i.HAL_TIMEx_MasterConfigSynchronization  stm32f4xx_hal_tim_ex.o
    0x08003058   0x08003058   0x0000004a   Code   RO          865    i.HAL_TIM_Base_Init  stm32f4xx_hal_tim.o
    0x080030a2   0x080030a2   0x00000002   PAD
    0x080030a4   0x080030a4   0x00000048   Code   RO          510    i.HAL_TIM_Base_MspInit  tim.o
    0x080030ec   0x080030ec   0x00000080   Code   RO          868    i.HAL_TIM_Base_Start  stm32f4xx_hal_tim.o
    0x0800316c   0x0800316c   0x0000008c   Code   RO          870    i.HAL_TIM_Base_Start_IT  stm32f4xx_hal_tim.o
    0x080031f8   0x080031f8   0x000000e8   Code   RO          874    i.HAL_TIM_ConfigClockSource  stm32f4xx_hal_tim.o
    0x080032e0   0x080032e0   0x00000002   Code   RO          899    i.HAL_TIM_IC_CaptureCallback  stm32f4xx_hal_tim.o
    0x080032e2   0x080032e2   0x00000138   Code   RO          913    i.HAL_TIM_IRQHandler  stm32f4xx_hal_tim.o
    0x0800341a   0x0800341a   0x00000002   PAD
    0x0800341c   0x0800341c   0x00000150   Code   RO          511    i.HAL_TIM_MspPostInit  tim.o
    0x0800356c   0x0800356c   0x00000002   Code   RO          916    i.HAL_TIM_OC_DelayElapsedCallback  stm32f4xx_hal_tim.o
    0x0800356e   0x0800356e   0x000000d8   Code   RO          937    i.HAL_TIM_PWM_ConfigChannel  stm32f4xx_hal_tim.o
    0x08003646   0x08003646   0x0000004a   Code   RO          940    i.HAL_TIM_PWM_Init  stm32f4xx_hal_tim.o
    0x08003690   0x08003690   0x00000064   Code   RO          513    i.HAL_TIM_PWM_MspInit  tim.o
    0x080036f4   0x080036f4   0x00000002   Code   RO          943    i.HAL_TIM_PWM_PulseFinishedCallback  stm32f4xx_hal_tim.o
    0x080036f6   0x080036f6   0x00000002   PAD
    0x080036f8   0x080036f8   0x000000dc   Code   RO          945    i.HAL_TIM_PWM_Start  stm32f4xx_hal_tim.o
    0x080037d4   0x080037d4   0x00000014   Code   RO           14    i.HAL_TIM_PeriodElapsedCallback  main.o
    0x080037e8   0x080037e8   0x00000002   Code   RO          956    i.HAL_TIM_TriggerCallback  stm32f4xx_hal_tim.o
    0x080037ea   0x080037ea   0x00000002   Code   RO         3610    i.HAL_UARTEx_RxEventCallback  stm32f4xx_hal_uart.o
    0x080037ec   0x080037ec   0x00000002   Code   RO         3624    i.HAL_UART_ErrorCallback  stm32f4xx_hal_uart.o
    0x080037ee   0x080037ee   0x00000002   PAD
    0x080037f0   0x080037f0   0x00000230   Code   RO         3627    i.HAL_UART_IRQHandler  stm32f4xx_hal_uart.o
    0x08003a20   0x08003a20   0x00000066   Code   RO         3628    i.HAL_UART_Init     stm32f4xx_hal_uart.o
    0x08003a86   0x08003a86   0x00000002   PAD
    0x08003a88   0x08003a88   0x0000020c   Code   RO          594    i.HAL_UART_MspInit  usart.o
    0x08003c94   0x08003c94   0x00000002   Code   RO         3634    i.HAL_UART_RxCpltCallback  stm32f4xx_hal_uart.o
    0x08003c96   0x08003c96   0x000000ae   Code   RO         3636    i.HAL_UART_Transmit  stm32f4xx_hal_uart.o
    0x08003d44   0x08003d44   0x00000002   Code   RO         3639    i.HAL_UART_TxCpltCallback  stm32f4xx_hal_uart.o
    0x08003d46   0x08003d46   0x00000002   Code   RO          687    i.HardFault_Handler  stm32f4xx_it.o
    0x08003d48   0x08003d48   0x000001e8   Code   RO         5972    i.Ins_Task          ins_task.o
    0x08003f30   0x08003f30   0x0000003c   Code   RO         6066    i.LED_Task          led_task.o
    0x08003f6c   0x08003f6c   0x00000044   Code   RO          396    i.MX_CAN1_Init      can.o
    0x08003fb0   0x08003fb0   0x00000048   Code   RO          397    i.MX_CAN2_Init      can.o
    0x08003ff8   0x08003ff8   0x0000007c   Code   RO          443    i.MX_DMA_Init       dma.o
    0x08004074   0x08004074   0x00000104   Code   RO          291    i.MX_FREERTOS_Init  freertos.o
    0x08004178   0x08004178   0x00000150   Code   RO          260    i.MX_GPIO_Init      gpio.o
    0x080042c8   0x080042c8   0x00000048   Code   RO          469    i.MX_SPI1_Init      spi.o
    0x08004310   0x08004310   0x00000064   Code   RO          514    i.MX_TIM10_Init     tim.o
    0x08004374   0x08004374   0x000000c4   Code   RO          515    i.MX_TIM1_Init      tim.o
    0x08004438   0x08004438   0x00000070   Code   RO          516    i.MX_TIM4_Init      tim.o
    0x080044a8   0x080044a8   0x000000b8   Code   RO          517    i.MX_TIM5_Init      tim.o
    0x08004560   0x08004560   0x000000d0   Code   RO          518    i.MX_TIM8_Init      tim.o
    0x08004630   0x08004630   0x00000038   Code   RO          595    i.MX_USART1_UART_Init  usart.o
    0x08004668   0x08004668   0x00000040   Code   RO          596    i.MX_USART3_UART_Init  usart.o
    0x080046a8   0x080046a8   0x00000038   Code   RO          597    i.MX_USART6_UART_Init  usart.o
    0x080046e0   0x080046e0   0x00000002   Code   RO          688    i.MemManage_Handler  stm32f4xx_it.o
    0x080046e2   0x080046e2   0x00000002   Code   RO          689    i.NMI_Handler       stm32f4xx_it.o
    0x080046e4   0x080046e4   0x0000006c   Code   RO         7794    i.RC_Init           bsp_usart.o
    0x08004750   0x08004750   0x0000013c   Code   RO         6145    i.Referee_Task      referee_task.o
    0x0800488c   0x0800488c   0x0000184c   Code   RO         7732    i.SPI1_DMA_enable   bsp_spi.o
    0x080060d8   0x080060d8   0x0000010c   Code   RO         7733    i.SPI1_DMA_init     bsp_spi.o
    0x080061e4   0x080061e4   0x0000007c   Code   RO         3325    i.SPI_EndRxTxTransaction  stm32f4xx_hal_spi.o
    0x08006260   0x08006260   0x000000bc   Code   RO         3330    i.SPI_WaitFlagStateUntilTimeout  stm32f4xx_hal_spi.o
    0x0800631c   0x0800631c   0x0000007c   Code   RO         6714    i.Set_Motor_Parameter  can_task.o
    0x08006398   0x08006398   0x00000008   Code   RO          293    i.StartDefaultTask  freertos.o
    0x080063a0   0x080063a0   0x00000028   Code   RO         6394    i.SuperCap_Task     supercap_task.o
    0x080063c8   0x080063c8   0x0000002c   Code   RO         5312    i.SysTick_Handler   port.o
    0x080063f4   0x080063f4   0x00000094   Code   RO           15    i.SystemClock_Config  main.o
    0x08006488   0x08006488   0x00000010   Code   RO         3972    i.SystemInit        system_stm32f4xx.o
    0x08006498   0x08006498   0x0000000c   Code   RO          690    i.TIM3_IRQHandler   stm32f4xx_it.o
    0x080064a4   0x080064a4   0x000000dc   Code   RO          958    i.TIM_Base_SetConfig  stm32f4xx_hal_tim.o
    0x08006580   0x08006580   0x0000001a   Code   RO          959    i.TIM_CCxChannelCmd  stm32f4xx_hal_tim.o
    0x0800659a   0x0800659a   0x00000014   Code   RO          969    i.TIM_ETR_SetConfig  stm32f4xx_hal_tim.o
    0x080065ae   0x080065ae   0x00000010   Code   RO          970    i.TIM_ITRx_SetConfig  stm32f4xx_hal_tim.o
    0x080065be   0x080065be   0x00000002   PAD
    0x080065c0   0x080065c0   0x00000068   Code   RO          971    i.TIM_OC1_SetConfig  stm32f4xx_hal_tim.o
    0x08006628   0x08006628   0x00000074   Code   RO          972    i.TIM_OC2_SetConfig  stm32f4xx_hal_tim.o
    0x0800669c   0x0800669c   0x00000070   Code   RO          973    i.TIM_OC3_SetConfig  stm32f4xx_hal_tim.o
    0x0800670c   0x0800670c   0x00000054   Code   RO          974    i.TIM_OC4_SetConfig  stm32f4xx_hal_tim.o
    0x08006760   0x08006760   0x00000022   Code   RO          976    i.TIM_TI1_ConfigInputStage  stm32f4xx_hal_tim.o
    0x08006782   0x08006782   0x00000024   Code   RO          978    i.TIM_TI2_ConfigInputStage  stm32f4xx_hal_tim.o
    0x080067a6   0x080067a6   0x00000016   Code   RO         6448    i.Telescope_Task    telescope_task.o
    0x080067bc   0x080067bc   0x00000010   Code   RO         3641    i.UART_DMAAbortOnError  stm32f4xx_hal_uart.o
    0x080067cc   0x080067cc   0x0000004e   Code   RO         3651    i.UART_EndRxTransfer  stm32f4xx_hal_uart.o
    0x0800681a   0x0800681a   0x0000001a   Code   RO         3652    i.UART_EndTransmit_IT  stm32f4xx_hal_uart.o
    0x08006834   0x08006834   0x000000c8   Code   RO         3654    i.UART_Receive_IT   stm32f4xx_hal_uart.o
    0x080068fc   0x080068fc   0x00000114   Code   RO         3655    i.UART_SetConfig    stm32f4xx_hal_uart.o
    0x08006a10   0x08006a10   0x0000005e   Code   RO         3658    i.UART_Transmit_IT  stm32f4xx_hal_uart.o
    0x08006a6e   0x08006a6e   0x00000074   Code   RO         3659    i.UART_WaitOnFlagUntilTimeout  stm32f4xx_hal_uart.o
    0x08006ae2   0x08006ae2   0x00000002   PAD
    0x08006ae4   0x08006ae4   0x0000000c   Code   RO          691    i.USART1_IRQHandler  stm32f4xx_it.o
    0x08006af0   0x08006af0   0x000000c4   Code   RO         7344    i.USART3_IRQHandler  remote_control.o
    0x08006bb4   0x08006bb4   0x000000b4   Code   RO         6146    i.USART6_IRQHandler  referee_task.o
    0x08006c68   0x08006c68   0x00000002   Code   RO          692    i.UsageFault_Handler  stm32f4xx_it.o
    0x08006c6a   0x08006c6a   0x00000030   Code   RO         8265    i.__ARM_fpclassify  m_wm.l(fpclassify.o)
    0x08006c9a   0x08006c9a   0x00000026   Code   RO         8184    i.__ARM_fpclassifyf  m_wm.l(fpclassifyf.o)
    0x08006cc0   0x08006cc0   0x00000020   Code   RO         2886    i.__NVIC_SetPriority  stm32f4xx_hal_cortex.o
    0x08006ce0   0x08006ce0   0x00000358   Code   RO         7951    i.__hardfp_acos     m_wm.l(acos.o)
    0x08007038   0x08007038   0x000002d8   Code   RO         8153    i.__hardfp_atan     m_wm.l(atan.o)
    0x08007310   0x08007310   0x00000200   Code   RO         7965    i.__hardfp_atan2    m_wm.l(atan2.o)
    0x08007510   0x08007510   0x000002ac   Code   RO         7977    i.__hardfp_atan2f   m_wm.l(atan2f.o)
    0x080077bc   0x080077bc   0x00000004   PAD
    0x080077c0   0x080077c0   0x000000c8   Code   RO         7989    i.__hardfp_cos      m_wm.l(cos.o)
    0x08007888   0x08007888   0x00000150   Code   RO         8001    i.__hardfp_cosf     m_wm.l(cosf.o)
    0x080079d8   0x080079d8   0x00000014   Code   RO         8013    i.__hardfp_fabs     m_wm.l(fabs.o)
    0x080079ec   0x080079ec   0x00000004   PAD
    0x080079f0   0x080079f0   0x000000c8   Code   RO         8019    i.__hardfp_sin      m_wm.l(sin.o)
    0x08007ab8   0x08007ab8   0x00000190   Code   RO         8031    i.__hardfp_sinf     m_wm.l(sinf.o)
    0x08007c48   0x08007c48   0x0000007a   Code   RO         8043    i.__hardfp_sqrt     m_wm.l(sqrt.o)
    0x08007cc2   0x08007cc2   0x00000006   PAD
    0x08007cc8   0x08007cc8   0x00000438   Code   RO         8203    i.__ieee754_rem_pio2  m_wm.l(rred.o)
    0x08008100   0x08008100   0x00000170   Code   RO         8167    i.__kernel_cos      m_wm.l(cos_i.o)
    0x08008270   0x08008270   0x000000f8   Code   RO         8200    i.__kernel_poly     m_wm.l(poly.o)
    0x08008368   0x08008368   0x00000130   Code   RO         8211    i.__kernel_sin      m_wm.l(sin_i.o)
    0x08008498   0x08008498   0x00000014   Code   RO         8171    i.__mathlib_dbl_infnan  m_wm.l(dunder.o)
    0x080084ac   0x080084ac   0x00000014   Code   RO         8172    i.__mathlib_dbl_infnan2  m_wm.l(dunder.o)
    0x080084c0   0x080084c0   0x00000020   Code   RO         8173    i.__mathlib_dbl_invalid  m_wm.l(dunder.o)
    0x080084e0   0x080084e0   0x00000020   Code   RO         8176    i.__mathlib_dbl_underflow  m_wm.l(dunder.o)
    0x08008500   0x08008500   0x00000006   Code   RO         8187    i.__mathlib_flt_infnan  m_wm.l(funder.o)
    0x08008506   0x08008506   0x00000006   Code   RO         8188    i.__mathlib_flt_infnan2  m_wm.l(funder.o)
    0x0800850c   0x0800850c   0x00000010   Code   RO         8189    i.__mathlib_flt_invalid  m_wm.l(funder.o)
    0x0800851c   0x0800851c   0x00000010   Code   RO         8192    i.__mathlib_flt_underflow  m_wm.l(funder.o)
    0x0800852c   0x0800852c   0x00000154   Code   RO         8208    i.__mathlib_rredf2  m_wm.l(rredf.o)
    0x08008680   0x08008680   0x00000002   Code   RO          599    i._sys_exit         usart.o
    0x08008682   0x08008682   0x00000002   PAD
    0x08008684   0x08008684   0x0000002c   Code   RO         6937    i.append_CRC16_check_sum  crc8_crc16.o
    0x080086b0   0x080086b0   0x00000020   Code   RO         6938    i.append_CRC8_check_sum  crc8_crc16.o
    0x080086d0   0x080086d0   0x00000010   Code   RO         8155    i.atan              m_wm.l(atan.o)
    0x080086e0   0x080086e0   0x0000011c   Code   RO         6508    i.bmi088_accel_init  bmi088driver.o
    0x080087fc   0x080087fc   0x000002b0   Code   RO         6509    i.bmi088_accel_self_test  bmi088driver.o
    0x08008aac   0x08008aac   0x000000dc   Code   RO         6510    i.bmi088_gyro_init  bmi088driver.o
    0x08008b88   0x08008b88   0x000000ca   Code   RO         6511    i.bmi088_gyro_self_test  bmi088driver.o
    0x08008c52   0x08008c52   0x00000002   PAD
    0x08008c54   0x08008c54   0x00000058   Code   RO         7705    i.can_filter_init   bsp_can.o
    0x08008cac   0x08008cac   0x00000018   Code   RO         8015    i.fabs              m_wm.l(fabs.o)
    0x08008cc4   0x08008cc4   0x0000002e   Code   RO         7016    i.fifo_s_get        fifo.o
    0x08008cf2   0x08008cf2   0x00000016   Code   RO         7019    i.fifo_s_init       fifo.o
    0x08008d08   0x08008d08   0x00000084   Code   RO         7025    i.fifo_s_puts       fifo.o
    0x08008d8c   0x08008d8c   0x00000004   Code   RO         7027    i.fifo_s_used       fifo.o
    0x08008d90   0x08008d90   0x00000028   Code   RO         7560    i.float_to_uint     math_lib.o
    0x08008db8   0x08008db8   0x0000004a   Code   RO         6715    i.float_to_uint_mi  can_task.o
    0x08008e02   0x08008e02   0x00000002   PAD
    0x08008e04   0x08008e04   0x00000110   Code   RO         5973    i.fn_AHRS_init      ins_task.o
    0x08008f14   0x08008f14   0x00000010   Code   RO         5392    i.fn_BuzzerClose    buzzer_task.o
    0x08008f24   0x08008f24   0x0000002c   Code   RO         5393    i.fn_BuzzerPrompt   buzzer_task.o
    0x08008f50   0x08008f50   0x00000048   Code   RO         5483    i.fn_CalibrationInit  calibrate_task.o
    0x08008f98   0x08008f98   0x00000078   Code   RO         5484    i.fn_CalibrationStart  calibrate_task.o
    0x08009010   0x08009010   0x000000bc   Code   RO         5561    i.fn_ChassisInit    chassis_task.o
    0x080090cc   0x080090cc   0x000000d8   Code   RO         5562    i.fn_ChassisMode    chassis_task.o
    0x080091a4   0x080091a4   0x00000070   Code   RO         6716    i.fn_ChassisMotor3508Data  can_task.o
    0x08009214   0x08009214   0x000000c0   Code   RO         5563    i.fn_ChassisMotorInit  chassis_task.o
    0x080092d4   0x080092d4   0x00000cc8   Code   RO         5564    i.fn_ChassisMove    chassis_task.o
    0x08009f9c   0x08009f9c   0x00000048   Code   RO         6718    i.fn_DM_start_motor  can_task.o
    0x08009fe4   0x08009fe4   0x00000014   Code   RO         5650    i.fn_ErrorFlagInit  detect_task.o
    0x08009ff8   0x08009ff8   0x00000024   Code   RO         7561    i.fn_Fp32Limit      math_lib.o
    0x0800a01c   0x0800a01c   0x00000174   Code   RO         5892    i.fn_GimbalInit     gimbal_task.o
    0x0800a190   0x0800a190   0x000000dc   Code   RO         5893    i.fn_GimbalMode     gimbal_task.o
    0x0800a26c   0x0800a26c   0x000000e0   Code   RO         6719    i.fn_GimbalMotor2006data  can_task.o
    0x0800a34c   0x0800a34c   0x00000050   Code   RO         6720    i.fn_GimbalMotor3508Data  can_task.o
    0x0800a39c   0x0800a39c   0x00000114   Code   RO         5894    i.fn_GimbalMotorInit  gimbal_task.o
    0x0800a4b0   0x0800a4b0   0x0000004c   Code   RO         6721    i.fn_GimbalMotorMidata  can_task.o
    0x0800a4fc   0x0800a4fc   0x00000720   Code   RO         5895    i.fn_GimbalMove     gimbal_task.o
    0x0800ac1c   0x0800ac1c   0x00000098   Code   RO         5485    i.fn_GyroCalibration  calibrate_task.o
    0x0800acb4   0x0800acb4   0x00000044   Code   RO         5974    i.fn_INSInit        ins_task.o
    0x0800acf8   0x0800acf8   0x0000009c   Code   RO         7660    i.fn_Iclear_PidClac  pid.o
    0x0800ad94   0x0800ad94   0x000000c0   Code   RO         7661    i.fn_Iclear_PidClacAngle  pid.o
    0x0800ae54   0x0800ae54   0x0000002c   Code   RO         7563    i.fn_InvSqrt        math_lib.o
    0x0800ae80   0x0800ae80   0x00000044   Code   RO         6067    i.fn_LedBlue        led_task.o
    0x0800aec4   0x0800aec4   0x00000044   Code   RO         6068    i.fn_LedGreen       led_task.o
    0x0800af08   0x0800af08   0x00000024   Code   RO         6069    i.fn_LedInit        led_task.o
    0x0800af2c   0x0800af2c   0x00000044   Code   RO         6070    i.fn_LedRed         led_task.o
    0x0800af70   0x0800af70   0x00000200   Code   RO         5975    i.fn_MahonyAHRSupdateIMU  ins_task.o
    0x0800b170   0x0800b170   0x00000040   Code   RO         5896    i.fn_MotorMode      gimbal_task.o
    0x0800b1b0   0x0800b1b0   0x00000086   Code   RO         7662    i.fn_PidClac        pid.o
    0x0800b236   0x0800b236   0x00000002   PAD
    0x0800b238   0x0800b238   0x000000a8   Code   RO         7663    i.fn_PidClacAngle   pid.o
    0x0800b2e0   0x0800b2e0   0x00000058   Code   RO         7664    i.fn_PidInit        pid.o
    0x0800b338   0x0800b338   0x00000044   Code   RO         7564    i.fn_RadFormat      math_lib.o
    0x0800b37c   0x0800b37c   0x00000098   Code   RO         5651    i.fn_RemoteControlDataErrorTest  detect_task.o
    0x0800b414   0x0800b414   0x0000004c   Code   RO         5652    i.fn_RolloverTest   detect_task.o
    0x0800b460   0x0800b460   0x00000100   Code   RO         7398    i.fn_ShootMode      shoot_task.o
    0x0800b560   0x0800b560   0x00000114   Code   RO         7399    i.fn_ShootMotorInit  shoot_task.o
    0x0800b674   0x0800b674   0x000004a2   Code   RO         7400    i.fn_ShootMove      shoot_task.o
    0x0800bb16   0x0800bb16   0x00000002   PAD
    0x0800bb18   0x0800bb18   0x000000f8   Code   RO         6449    i.fn_TelescopeInit  telescope_task.o
    0x0800bc10   0x0800bc10   0x00000078   Code   RO         6450    i.fn_TelescopeMode  telescope_task.o
    0x0800bc88   0x0800bc88   0x00000108   Code   RO         6722    i.fn_TriggerMotor3508Data  can_task.o
    0x0800bd90   0x0800bd90   0x00000104   Code   RO         7567    i.fn_WheelSpeedW1   math_lib.o
    0x0800be94   0x0800be94   0x00000108   Code   RO         7568    i.fn_WheelSpeedW2   math_lib.o
    0x0800bf9c   0x0800bf9c   0x00000108   Code   RO         7569    i.fn_WheelSpeedW3   math_lib.o
    0x0800c0a4   0x0800c0a4   0x00000104   Code   RO         7570    i.fn_WheelSpeedW4   math_lib.o
    0x0800c1a8   0x0800c1a8   0x00000028   Code   RO         7465    i.fn_basepitch_servo_init  servo_task.o
    0x0800c1d0   0x0800c1d0   0x000000dc   Code   RO         6395    i.fn_cap_Contorl    supercap_task.o
    0x0800c2ac   0x0800c2ac   0x0000001c   Code   RO         6396    i.fn_cap_init       supercap_task.o
    0x0800c2c8   0x0800c2c8   0x000001b8   Code   RO         7275    i.fn_chassis_power_control  power_control.o
    0x0800c480   0x0800c480   0x0000016c   Code   RO         7276    i.fn_chassis_speed_autoset  power_control.o
    0x0800c5ec   0x0800c5ec   0x00000020   Code   RO         7277    i.fn_chassis_speed_reset_speed  power_control.o
    0x0800c60c   0x0800c60c   0x00000020   Code   RO         7278    i.fn_chassis_speed_reset_w  power_control.o
    0x0800c62c   0x0800c62c   0x00000050   Code   RO         6723    i.fn_cmd_CAN1GimbalMotor1  can_task.o
    0x0800c67c   0x0800c67c   0x00000050   Code   RO         6725    i.fn_cmd_CAN2ChassisMotor  can_task.o
    0x0800c6cc   0x0800c6cc   0x00000058   Code   RO         6726    i.fn_cmd_CAN2TriggerMotor  can_task.o
    0x0800c724   0x0800c724   0x00000098   Code   RO         6727    i.fn_cmd_quat_to_computer  can_task.o
    0x0800c7bc   0x0800c7bc   0x00000050   Code   RO         6728    i.fn_cmd_shoot_data_to_computer  can_task.o
    0x0800c80c   0x0800c80c   0x0000006c   Code   RO         6729    i.fn_cmd_supercap   can_task.o
    0x0800c878   0x0800c878   0x000000e4   Code   RO         6730    i.fn_ctrl_DM_motor  can_task.o
    0x0800c95c   0x0800c95c   0x000000cc   Code   RO         7401    i.fn_fric_state     shoot_task.o
    0x0800ca28   0x0800ca28   0x00000010   Code   RO         5897    i.fn_get_pitch_zero_encode  gimbal_task.o
    0x0800ca38   0x0800ca38   0x00000098   Code   RO         7279    i.fn_level_power_limit  power_control.o
    0x0800cad0   0x0800cad0   0x0000001a   Code   RO         7542    i.fn_low_filter     filter.o
    0x0800caea   0x0800caea   0x00000002   PAD
    0x0800caec   0x0800caec   0x00000024   Code   RO         7466    i.fn_ocular_servo_init  servo_task.o
    0x0800cb10   0x0800cb10   0x00000034   Code   RO         5653    i.fn_rc_work_state_test  detect_task.o
    0x0800cb44   0x0800cb44   0x0000001c   Code   RO         7571    i.fn_scope_judgment  math_lib.o
    0x0800cb60   0x0800cb60   0x0000002c   Code   RO         7467    i.fn_secondpitch_servo_init  servo_task.o
    0x0800cb8c   0x0800cb8c   0x00000034   Code   RO         7766    i.fn_servo_pwm_set  bsp_tim.o
    0x0800cbc0   0x0800cbc0   0x0000008c   Code   RO         7468    i.fn_setmode_secondpitch  servo_task.o
    0x0800cc4c   0x0800cc4c   0x0000001c   Code   RO         7469    i.fn_setpwm_basepitch  servo_task.o
    0x0800cc68   0x0800cc68   0x00000024   Code   RO         7470    i.fn_setpwm_ocular  servo_task.o
    0x0800cc8c   0x0800cc8c   0x00000098   Code   RO         7471    i.fn_setpwm_secondpitch  servo_task.o
    0x0800cd24   0x0800cd24   0x0000006c   Code   RO         7402    i.fn_shoot_init     shoot_task.o
    0x0800cd90   0x0800cd90   0x000000c0   Code   RO         7403    i.fn_shoot_motor3508_init  shoot_task.o
    0x0800ce50   0x0800ce50   0x00000084   Code   RO         5654    i.fn_trigger_motor_block  detect_task.o
    0x0800ced4   0x0800ced4   0x00000030   Code   RO         6939    i.get_CRC16_check_sum  crc8_crc16.o
    0x0800cf04   0x0800cf04   0x0000001c   Code   RO         6940    i.get_CRC8_check_sum  crc8_crc16.o
    0x0800cf20   0x0800cf20   0x0000004c   Code   RO         6731    i.get_autoaim_measure  can_task.o
    0x0800cf6c   0x0800cf6c   0x00000064   Code   RO         6732    i.get_cap_data      can_task.o
    0x0800cfd0   0x0800cfd0   0x00000024   Code   RO         6147    i.get_chassis_power_and_buffer  referee_task.o
    0x0800cff4   0x0800cff4   0x00000098   Code   RO         6733    i.get_dm_motor_data  can_task.o
    0x0800d08c   0x0800d08c   0x0000007c   Code   RO         6734    i.get_mi_motor_data  can_task.o
    0x0800d108   0x0800d108   0x00000028   Code   RO         6735    i.get_motor_measure  can_task.o
    0x0800d130   0x0800d130   0x000000c4   Code   RO         6148    i.get_robot_id      referee_task.o
    0x0800d1f4   0x0800d1f4   0x00000010   Code   RO         6149    i.get_shoot_speed   referee_task.o
    0x0800d204   0x0800d204   0x00000124   Code   RO         5976    i.imu_cmd_spi_dma   ins_task.o
    0x0800d328   0x0800d328   0x00000080   Code   RO         5977    i.imu_temp_control  ins_task.o
    0x0800d3a8   0x0800d3a8   0x0000002c   Code   RO         6736    i.init_cybergear    can_task.o
    0x0800d3d4   0x0800d3d4   0x000000d0   Code   RO         6150    i.init_referee_struct_data  referee_task.o
    0x0800d4a4   0x0800d4a4   0x000000d0   Code   RO           16    i.main              main.o
    0x0800d574   0x0800d574   0x0000000c   Code   RO         4865    i.makeFreeRtosPriority  cmsis_os.o
    0x0800d580   0x0800d580   0x00000120   Code   RO         6737    i.motor_mi_controlmode  can_task.o
    0x0800d6a0   0x0800d6a0   0x00000010   Code   RO         4867    i.osDelay           cmsis_os.o
    0x0800d6b0   0x0800d6b0   0x0000000a   Code   RO         4870    i.osKernelStart     cmsis_os.o
    0x0800d6ba   0x0800d6ba   0x00000058   Code   RO         4904    i.osThreadCreate    cmsis_os.o
    0x0800d712   0x0800d712   0x00000002   PAD
    0x0800d714   0x0800d714   0x00000024   Code   RO         4496    i.pcTaskGetName     tasks.o
    0x0800d738   0x0800d738   0x0000003c   Code   RO         7211    i.plot3             plot.o
    0x0800d774   0x0800d774   0x00000078   Code   RO         4497    i.prvAddCurrentTaskToDelayedList  tasks.o
    0x0800d7ec   0x0800d7ec   0x00000088   Code   RO         4498    i.prvAddNewTaskToReadyList  tasks.o
    0x0800d874   0x0800d874   0x0000003c   Code   RO         4499    i.prvCheckTasksWaitingTermination  tasks.o
    0x0800d8b0   0x0800d8b0   0x00000040   Code   RO         4500    i.prvDeleteTCB      tasks.o
    0x0800d8f0   0x0800d8f0   0x0000004c   Code   RO         5244    i.prvHeapInit       heap_4.o
    0x0800d93c   0x0800d93c   0x00000028   Code   RO         4501    i.prvIdleTask       tasks.o
    0x0800d964   0x0800d964   0x000000ac   Code   RO         4502    i.prvInitialiseNewTask  tasks.o
    0x0800da10   0x0800da10   0x00000058   Code   RO         4503    i.prvInitialiseTaskLists  tasks.o
    0x0800da68   0x0800da68   0x00000054   Code   RO         5245    i.prvInsertBlockIntoFreeList  heap_4.o
    0x0800dabc   0x0800dabc   0x00000024   Code   RO         4504    i.prvResetNextTaskUnblockTime  tasks.o
    0x0800dae0   0x0800dae0   0x00000066   Code   RO         4505    i.prvSearchForNameWithinSingleList  tasks.o
    0x0800db46   0x0800db46   0x00000002   PAD
    0x0800db48   0x0800db48   0x0000002c   Code   RO         5313    i.prvTaskExitError  port.o
    0x0800db74   0x0800db74   0x000000dc   Code   RO         5246    i.pvPortMalloc      heap_4.o
    0x0800dc50   0x0800dc50   0x00000024   Code   RO         5314    i.pxPortInitialiseStack  port.o
    0x0800dc74   0x0800dc74   0x000003c8   Code   RO         5978    i.quaternion2eulers  ins_task.o
    0x0800e03c   0x0800e03c   0x000001c8   Code   RO         6151    i.referee_data_solve  referee_task.o
    0x0800e204   0x0800e204   0x00000070   Code   RO         6152    i.referee_send_client_character  referee_task.o
    0x0800e274   0x0800e274   0x00000070   Code   RO         6153    i.referee_send_client_graphic  referee_task.o
    0x0800e2e4   0x0800e2e4   0x0000006c   Code   RO         6155    i.referee_send_multi_graphic  referee_task.o
    0x0800e350   0x0800e350   0x0000012c   Code   RO         6157    i.referee_unpack_fifo_data  referee_task.o
    0x0800e47c   0x0800e47c   0x00000010   Code   RO         7345    i.remote_control_init  remote_control.o
    0x0800e48c   0x0800e48c   0x000000d8   Code   RO         7346    i.sbus_to_rc        remote_control.o
    0x0800e564   0x0800e564   0x00000100   Code   RO         6159    i.send_capvol_graphic  referee_task.o
    0x0800e664   0x0800e664   0x000000f0   Code   RO         6161    i.send_direction    referee_task.o
    0x0800e754   0x0800e754   0x00000110   Code   RO         6163    i.send_energy_graphic  referee_task.o
    0x0800e864   0x0800e864   0x000000b0   Code   RO         6164    i.send_energy_static  referee_task.o
    0x0800e914   0x0800e914   0x00000524   Code   RO         6166    i.send_multi_dynamic_graphic  referee_task.o
    0x0800ee38   0x0800ee38   0x0000041c   Code   RO         6167    i.send_multi_static_graphic  referee_task.o
    0x0800f254   0x0800f254   0x0000013c   Code   RO         6168    i.send_pitch_angle  referee_task.o
    0x0800f390   0x0800f390   0x00000110   Code   RO         6171    i.send_sentry_HP_graphic  referee_task.o
    0x0800f4a0   0x0800f4a0   0x000000b4   Code   RO         6172    i.send_sentry_HP_static  referee_task.o
    0x0800f554   0x0800f554   0x000000b8   Code   RO         6176    i.send_string       referee_task.o
    0x0800f60c   0x0800f60c   0x00000012   Code   RO         6738    i.set_mode_cybergear  can_task.o
    0x0800f61e   0x0800f61e   0x0000006e   Code   RO         8045    i.sqrt              m_wm.l(sqrt.o)
    0x0800f68c   0x0800f68c   0x00000028   Code   RO         6739    i.start_cybergear   can_task.o
    0x0800f6b4   0x0800f6b4   0x0000003c   Code   RO         5395    i.tim1              buzzer_task.o
    0x0800f6f0   0x0800f6f0   0x0000003c   Code   RO         5396    i.tim2              buzzer_task.o
    0x0800f72c   0x0800f72c   0x0000003c   Code   RO         5397    i.tim3              buzzer_task.o
    0x0800f768   0x0800f768   0x00000028   Code   RO         6740    i.uint16_to_float   can_task.o
    0x0800f790   0x0800f790   0x00000028   Code   RO         7572    i.uint_to_float     math_lib.o
    0x0800f7b8   0x0800f7b8   0x00000068   Code   RO         4509    i.ulTaskNotifyTake  tasks.o
    0x0800f820   0x0800f820   0x000000d4   Code   RO         7795    i.usart6_init       bsp_usart.o
    0x0800f8f4   0x0800f8f4   0x00000074   Code   RO         7796    i.usart6_tx_dma_enable  bsp_usart.o
    0x0800f968   0x0800f968   0x00000026   Code   RO         4110    i.uxListRemove      list.o
    0x0800f98e   0x0800f98e   0x00000002   PAD
    0x0800f990   0x0800f990   0x00000014   Code   RO          296    i.vApplicationGetIdleTaskMemory  freertos.o
    0x0800f9a4   0x0800f9a4   0x00000016   Code   RO         4111    i.vListInitialise   list.o
    0x0800f9ba   0x0800f9ba   0x00000006   Code   RO         4112    i.vListInitialiseItem  list.o
    0x0800f9c0   0x0800f9c0   0x00000030   Code   RO         4113    i.vListInsert       list.o
    0x0800f9f0   0x0800f9f0   0x00000018   Code   RO         4114    i.vListInsertEnd    list.o
    0x0800fa08   0x0800fa08   0x00000040   Code   RO         5316    i.vPortEnterCritical  port.o
    0x0800fa48   0x0800fa48   0x0000002c   Code   RO         5317    i.vPortExitCritical  port.o
    0x0800fa74   0x0800fa74   0x00000064   Code   RO         5247    i.vPortFree         heap_4.o
    0x0800fad8   0x0800fad8   0x00000024   Code   RO         5318    i.vPortSetupTimerInterrupt  port.o
    0x0800fafc   0x0800fafc   0x00000054   Code   RO         5319    i.vPortValidateInterruptPriority  port.o
    0x0800fb50   0x0800fb50   0x00000050   Code   RO         4517    i.vTaskDelay        tasks.o
    0x0800fba0   0x0800fba0   0x000000bc   Code   RO         4522    i.vTaskNotifyGiveFromISR  tasks.o
    0x0800fc5c   0x0800fc5c   0x00000088   Code   RO         4530    i.vTaskStartScheduler  tasks.o
    0x0800fce4   0x0800fce4   0x00000010   Code   RO         4532    i.vTaskSuspendAll   tasks.o
    0x0800fcf4   0x0800fcf4   0x00000060   Code   RO         4533    i.vTaskSwitchContext  tasks.o
    0x0800fd54   0x0800fd54   0x00000040   Code   RO         6941    i.verify_CRC16_check_sum  crc8_crc16.o
    0x0800fd94   0x0800fd94   0x0000002e   Code   RO         6942    i.verify_CRC8_check_sum  crc8_crc16.o
    0x0800fdc2   0x0800fdc2   0x00000002   PAD
    0x0800fdc4   0x0800fdc4   0x000000f4   Code   RO         5320    i.xPortStartScheduler  port.o
    0x0800feb8   0x0800feb8   0x00000064   Code   RO         4537    i.xTaskCreate       tasks.o
    0x0800ff1c   0x0800ff1c   0x0000005c   Code   RO         4538    i.xTaskCreateStatic  tasks.o
    0x0800ff78   0x0800ff78   0x00000088   Code   RO         4542    i.xTaskGetHandle    tasks.o
    0x08010000   0x08010000   0x0000001c   Code   RO         4543    i.xTaskGetSchedulerState  tasks.o
    0x0801001c   0x0801001c   0x000000d0   Code   RO         4546    i.xTaskIncrementTick  tasks.o
    0x080100ec   0x080100ec   0x000000cc   Code   RO         4552    i.xTaskResumeAll    tasks.o
    0x080101b8   0x080101b8   0x00000018   Code   RO         7919    x$fpl$basic         fz_wm.l(basic.o)
    0x080101d0   0x080101d0   0x00000062   Code   RO         7921    x$fpl$d2f           fz_wm.l(d2f.o)
    0x08010232   0x08010232   0x00000002   PAD
    0x08010234   0x08010234   0x00000150   Code   RO         7923    x$fpl$dadd          fz_wm.l(daddsub_clz.o)
    0x08010384   0x08010384   0x00000018   Code   RO         8138    x$fpl$dcmpinf       fz_wm.l(dcmpi.o)
    0x0801039c   0x0801039c   0x000002b0   Code   RO         7930    x$fpl$ddiv          fz_wm.l(ddiv.o)
    0x0801064c   0x0801064c   0x00000078   Code   RO         8140    x$fpl$deqf          fz_wm.l(deqf.o)
    0x080106c4   0x080106c4   0x0000005e   Code   RO         8259    x$fpl$dfix          fz_wm.l(dfix.o)
    0x08010722   0x08010722   0x00000002   PAD
    0x08010724   0x08010724   0x0000005a   Code   RO         7933    x$fpl$dfixu         fz_wm.l(dfixu.o)
    0x0801077e   0x0801077e   0x0000002e   Code   RO         7938    x$fpl$dflt          fz_wm.l(dflt_clz.o)
    0x080107ac   0x080107ac   0x00000026   Code   RO         7937    x$fpl$dfltu         fz_wm.l(dflt_clz.o)
    0x080107d2   0x080107d2   0x00000002   PAD
    0x080107d4   0x080107d4   0x00000078   Code   RO         7943    x$fpl$dleqf         fz_wm.l(dleqf.o)
    0x0801084c   0x0801084c   0x00000154   Code   RO         7945    x$fpl$dmul          fz_wm.l(dmul.o)
    0x080109a0   0x080109a0   0x0000009c   Code   RO         8142    x$fpl$dnaninf       fz_wm.l(dnaninf.o)
    0x08010a3c   0x08010a3c   0x0000000c   Code   RO         8144    x$fpl$dretinf       fz_wm.l(dretinf.o)
    0x08010a48   0x08010a48   0x0000006c   Code   RO         7947    x$fpl$drleqf        fz_wm.l(drleqf.o)
    0x08010ab4   0x08010ab4   0x00000016   Code   RO         7924    x$fpl$drsb          fz_wm.l(daddsub_clz.o)
    0x08010aca   0x08010aca   0x00000002   PAD
    0x08010acc   0x08010acc   0x00000198   Code   RO         8146    x$fpl$dsqrt         fz_wm.l(dsqrt_umaal.o)
    0x08010c64   0x08010c64   0x000001d4   Code   RO         7925    x$fpl$dsub          fz_wm.l(daddsub_clz.o)
    0x08010e38   0x08010e38   0x00000056   Code   RO         7949    x$fpl$f2d           fz_wm.l(f2d.o)
    0x08010e8e   0x08010e8e   0x0000008c   Code   RO         8148    x$fpl$fnaninf       fz_wm.l(fnaninf.o)
    0x08010f1a   0x08010f1a   0x0000000a   Code   RO         8263    x$fpl$fpinit        fz_wm.l(fpinit.o)
    0x08010f24   0x08010f24   0x0000000a   Code   RO         8150    x$fpl$fretinf       fz_wm.l(fretinf.o)
    0x08010f2e   0x08010f2e   0x00000000   Code   RO         8152    x$fpl$usenofp       fz_wm.l(usenofp.o)
    0x08010f2e   0x08010f2e   0x00000002   PAD
    0x08010f30   0x08010f30   0x00000134   Data   RO          298    .constdata          freertos.o
    0x08011064   0x08011064   0x00000008   Data   RO         2600    .constdata          stm32f4xx_hal_dma.o
    0x0801106c   0x0801106c   0x00000010   Data   RO         3973    .constdata          system_stm32f4xx.o
    0x0801107c   0x0801107c   0x00000008   Data   RO         3974    .constdata          system_stm32f4xx.o
    0x08011084   0x08011084   0x0000003c   Data   RO         5566    .constdata          chassis_task.o
    0x080110c0   0x080110c0   0x00000090   Data   RO         5899    .constdata          gimbal_task.o
    0x08011150   0x08011150   0x00000012   Data   RO         6516    .constdata          bmi088driver.o
    0x08011162   0x08011162   0x00000300   Data   RO         6944    .constdata          crc8_crc16.o
    0x08011462   0x08011462   0x00000002   PAD
    0x08011464   0x08011464   0x00000048   Data   RO         7405    .constdata          shoot_task.o
    0x080114ac   0x080114ac   0x00000004   PAD
    0x080114b0   0x080114b0   0x00000050   Data   RO         7954    .constdata          m_wm.l(acos.o)
    0x08011500   0x08011500   0x00000098   Data   RO         8156    .constdata          m_wm.l(atan.o)
    0x08011598   0x08011598   0x00000030   Data   RO         8168    .constdata          m_wm.l(cos_i.o)
    0x080115c8   0x080115c8   0x00000008   Data   RO         8202    .constdata          m_wm.l(qnan.o)
    0x080115d0   0x080115d0   0x000000c8   Data   RO         8205    .constdata          m_wm.l(rred.o)
    0x08011698   0x08011698   0x00000020   Data   RO         8209    .constdata          m_wm.l(rredf.o)
    0x080116b8   0x080116b8   0x00000028   Data   RO         8212    .constdata          m_wm.l(sin_i.o)
    0x080116e0   0x080116e0   0x00000098   Data   RO          299    .conststring        freertos.o
    0x08011778   0x08011778   0x00000020   Data   RO         8349    Region$$Table       anon$$obj.o


    Execution Region RW_IRAM1 (Exec base: 0x20000000, Load base: 0x08011798, Size: 0x00008070, Max: 0x0001c000, ABSOLUTE, COMPRESSED[0x0000006c])

    Exec Addr    Load Addr    Size         Type   Attr      Idx    E Section Name        Object

    0x20000000   COMPRESSED   0x0000002c   Data   RW          300    .data               freertos.o
    0x2000002c   COMPRESSED   0x00000004   Data   RW          399    .data               can.o
    0x20000030   COMPRESSED   0x0000000c   Data   RW         3045    .data               stm32f4xx_hal.o
    0x2000003c   COMPRESSED   0x00000004   Data   RW         3975    .data               system_stm32f4xx.o
    0x20000040   COMPRESSED   0x0000003c   Data   RW         4555    .data               tasks.o
    0x2000007c   COMPRESSED   0x00000020   Data   RW         5253    .data               heap_4.o
    0x2000009c   COMPRESSED   0x0000000c   Data   RW         5321    .data               port.o
    0x200000a8   COMPRESSED   0x00000004   Data   RW         5403    .data               buzzer_task.o
    0x200000ac   COMPRESSED   0x00000020   Data   RW         5486    .data               calibrate_task.o
    0x200000cc   COMPRESSED   0x00000018   Data   RW         5567    .data               chassis_task.o
    0x200000e4   COMPRESSED   0x0000000e   Data   RW         5655    .data               detect_task.o
    0x200000f2   COMPRESSED   0x0000001a   Data   RW         5902    .data               gimbal_task.o
    0x2000010c   COMPRESSED   0x00000054   Data   RW         5980    .data               ins_task.o
    0x20000160   COMPRESSED   0x00000006   Data   RW         6071    .data               led_task.o
    0x20000166   COMPRESSED   0x00000002   PAD
    0x20000168   COMPRESSED   0x00000057   Data   RW         6188    .data               referee_task.o
    0x200001bf   COMPRESSED   0x00000001   PAD
    0x200001c0   COMPRESSED   0x0000000a   Data   RW         6398    .data               supercap_task.o
    0x200001ca   COMPRESSED   0x00000002   PAD
    0x200001cc   COMPRESSED   0x0000002c   Data   RW         6517    .data               bmi088driver.o
    0x200001f8   COMPRESSED   0x0000000c   Data   RW         6743    .data               can_task.o
    0x20000204   COMPRESSED   0x00000002   Data   RW         6945    .data               crc8_crc16.o
    0x20000206   COMPRESSED   0x00000002   PAD
    0x20000208   COMPRESSED   0x00000018   Data   RW         7280    .data               power_control.o
    0x20000220   COMPRESSED   0x00000004   Data   RW         7281    .data               power_control.o
    0x20000224   COMPRESSED   0x00000004   Data   RW         7282    .data               power_control.o
    0x20000228   COMPRESSED   0x00000004   Data   RW         7283    .data               power_control.o
    0x2000022c   COMPRESSED   0x00000004   Data   RW         7284    .data               power_control.o
    0x20000230   COMPRESSED   0x00000004   Data   RW         7285    .data               power_control.o
    0x20000234   COMPRESSED   0x00000004   Data   RW         7286    .data               power_control.o
    0x20000238   COMPRESSED   0x00000004   Data   RW         7287    .data               power_control.o
    0x2000023c   COMPRESSED   0x00000004   Data   RW         7348    .data               remote_control.o
    0x20000240   COMPRESSED   0x00000012   Data   RW         7407    .data               shoot_task.o
    0x20000252   COMPRESSED   0x00000004   Data   RW         7473    .data               servo_task.o
    0x20000256   COMPRESSED   0x00000002   PAD
    0x20000258        -       0x00000254   Zero   RW          297    .bss                freertos.o
    0x200004ac        -       0x00000050   Zero   RW          398    .bss                can.o
    0x200004fc        -       0x00000118   Zero   RW          470    .bss                spi.o
    0x20000614        -       0x00000168   Zero   RW          519    .bss                tim.o
    0x2000077c        -       0x000001f8   Zero   RW          602    .bss                usart.o
    0x20000974        -       0x00000048   Zero   RW          827    .bss                stm32f4xx_hal_timebase_tim.o
    0x200009bc        -       0x000000f0   Zero   RW         4554    .bss                tasks.o
    0x20000aac        -       0x000050b4   Zero   RW         5252    .bss                heap_4.o
    0x20005b60        -       0x00000074   Zero   RW         5565    .bss                chassis_task.o
    0x20005bd4        -       0x00000224   Zero   RW         5898    .bss                gimbal_task.o
    0x20005df8        -       0x000000bc   Zero   RW         5979    .bss                ins_task.o
    0x20005eb4        -       0x00000bad   Zero   RW         6177    .bss                referee_task.o
    0x20006a61   COMPRESSED   0x00000003   PAD
    0x20006a64        -       0x00000058   Zero   RW         6397    .bss                supercap_task.o
    0x20006abc        -       0x00000ea4   Zero   RW         6741    .bss                can_task.o
    0x20007960        -       0x0000002b   Zero   RW         7216    .bss                plot.o
    0x2000798b   COMPRESSED   0x00000001   PAD
    0x2000798c        -       0x00000016   Zero   RW         7347    .bss                remote_control.o
    0x200079a2   COMPRESSED   0x00000002   PAD
    0x200079a4        -       0x0000001c   Zero   RW         7404    .bss                shoot_task.o
    0x200079c0        -       0x0000002c   Zero   RW         7472    .bss                servo_task.o
    0x200079ec        -       0x00000024   Zero   RW         7797    .bss                bsp_usart.o
    0x20007a10        -       0x00000060   Zero   RW         8218    .bss                c_w.l(libspace.o)
    0x20007a70        -       0x00000200   Zero   RW            2    HEAP                startup_stm32f407xx.o
    0x20007c70        -       0x00000400   Zero   RW            1    STACK               startup_stm32f407xx.o


    Execution Region RW_IRAM2 (Exec base: 0x2001c000, Load base: 0x08011804, Size: 0x00000000, Max: 0x00004000, ABSOLUTE)

    **** No section assigned to this execution region ****


==============================================================================

Image component sizes


      Code (inc. data)   RO Data    RW Data    ZI Data      Debug   Object Name

      2144         36         18         44          0      10939   bmi088driver.o
       172         28          0          0          0       4580   bmi088middleware.o
        88          8          0          0          0        558   bsp_can.o
      6488         86          0          0          0       5382   bsp_spi.o
        52         14          0          0          0        603   bsp_tim.o
       436         54          0          0         36       2506   bsp_usart.o
       444         70          0          4          0       4239   buzzer_task.o
       372         44          0         32          0       2698   calibrate_task.o
       396         44          0          4         80       2494   can.o
      3162        310          0         12       3748      26191   can_task.o
      4244        452         60         24        116       8462   chassis_task.o
       126          0          0          0          0      22875   cmsis_os.o
       262         18        768          2          0       5058   crc8_crc16.o
       524         52          0         14          0     581739   detect_task.o
       124          4          0          0          0        830   dma.o
         0          0          0          0          0      16588   event_groups.o
       204          0          0          0          0       9583   fifo.o
        26          0          0          0          0        868   filter.o
       288         16        460         44        596       3454   freertos.o
      3176        286        144         26        548       9896   gimbal_task.o
       336         22          0          0          0       1195   gpio.o
       480         28          0         32      20660       7499   heap_4.o
      4076        224          0         84        188      14553   ins_task.o
       300         42          0          6          0       2900   led_task.o
       138          0          0          0          0       3538   list.o
       380         36          0          0          0     743568   main.o
      1304         50          0          0          0       7907   math_lib.o
       738         32          0          0          0       4413   pid.o
        60         10          0          0         43       1109   plot.o
       786         84          0         12          0      11893   port.o
      1020         90          0         52          0      10758   power_control.o
      6304        310          0         87       2989      30737   referee_task.o
       428         44          0          4         22       5924   remote_control.o
       476         54          0          4         44       5426   servo_task.o
      2222        216         72         18         28       8263   shoot_task.o
       344         32          0          0        280       1907   spi.o
        64         26        392          0       1536        840   startup_stm32f407xx.o
       116         18          0         12          0       8686   stm32f4xx_hal.o
      1766          6          0          0          0      14579   stm32f4xx_hal_can.o
       194         24          0          0          0      33701   stm32f4xx_hal_cortex.o
      1018         14          8          0          0       5791   stm32f4xx_hal_dma.o
       502         50          0          0          0       2911   stm32f4xx_hal_gpio.o
        56          4          0          0          0        850   stm32f4xx_hal_msp.o
      1536         88          0          0          0       6957   stm32f4xx_hal_rcc.o
      1008         14          0          0          0       4865   stm32f4xx_hal_spi.o
      2172        170          0          0          0      17147   stm32f4xx_hal_tim.o
       232         30          0          0          0       3381   stm32f4xx_hal_tim_ex.o
       152         20          0          0         72       1539   stm32f4xx_hal_timebase_tim.o
      1650         14          0          0          0      11716   stm32f4xx_hal_uart.o
       126         48          0          0          0       7906   stm32f4xx_it.o
         0          0          0          0          0        392   stream_buffer.o
       288         46          0         10         88       4412   supercap_task.o
        16          4         24          4          0       1115   system_stm32f4xx.o
      2242        156          0         60        240      26307   tasks.o
       390         40          0          0          0       2127   telescope_task.o
      1308        124          0          0        360       6232   tim.o
       702         74          0          0        504       5269   usart.o

    ----------------------------------------------------------------------
     57724       3766       1984        600      32184    1747856   Object Totals
         0          0         32          0          0          0   (incl. Generated)
        66          0          6          9          6          0   (incl. Padding)

    ----------------------------------------------------------------------

      Code (inc. data)   RO Data    RW Data    ZI Data      Debug   Library Member Name

        90          0          0          0          0          0   __dczerorl2.o
         8          0          0          0          0         68   __main.o
         0          0          0          0          0          0   __rtentry.o
        12          0          0          0          0          0   __rtentry2.o
         6          0          0          0          0          0   __rtentry4.o
        52          8          0          0          0          0   __scatter.o
        28          0          0          0          0          0   __scatter_zi.o
        22          0          0          0          0        100   _rserrno.o
        16          0          0          0          0         68   aeabi_memset.o
        18          0          0          0          0         80   exit.o
         6          0          0          0          0        152   heapauxi.o
         2          0          0          0          0          0   libinit.o
         6          0          0          0          0          0   libinit2.o
         2          0          0          0          0          0   libshutdown.o
         2          0          0          0          0          0   libshutdown2.o
         8          4          0          0         96         68   libspace.o
       238          0          0          0          0        100   lludivv7m.o
         8          4          0          0          0         68   rt_errno_addr_intlibspace.o
        68          0          0          0          0         68   rt_memclr.o
        78          0          0          0          0         80   rt_memclr_w.o
       138          0          0          0          0         68   rt_memcpy_v6.o
       100          0          0          0          0         80   rt_memcpy_w.o
         2          0          0          0          0          0   rtexit.o
        10          0          0          0          0          0   rtexit2.o
        62          0          0          0          0         76   strlen.o
        74          0          0          0          0         80   sys_stackheap_outer.o
         2          0          0          0          0         68   use_no_semi.o
         2          0          0          0          0         68   use_no_semi_2.o
        24          0          0          0          0        164   basic.o
        98          4          0          0          0        140   d2f.o
       826         16          0          0          0        492   daddsub_clz.o
        24          0          0          0          0        116   dcmpi.o
       688        140          0          0          0        256   ddiv.o
       120          4          0          0          0        140   deqf.o
        94          4          0          0          0        140   dfix.o
        90          4          0          0          0        140   dfixu.o
        84          0          0          0          0        232   dflt_clz.o
       120          4          0          0          0        140   dleqf.o
       340         12          0          0          0        152   dmul.o
       156          4          0          0          0        140   dnaninf.o
        12          0          0          0          0        116   dretinf.o
       108          0          0          0          0        128   drleqf.o
       408         56          0          0          0        168   dsqrt_umaal.o
        86          4          0          0          0        132   f2d.o
       140          4          0          0          0        132   fnaninf.o
        10          0          0          0          0        116   fpinit.o
        10          0          0          0          0        116   fretinf.o
         0          0          0          0          0          0   usenofp.o
       856        118         80          0          0        288   acos.o
       744        106        152          0          0        352   atan.o
       512         64          0          0          0        208   atan2.o
       684         90          0          0          0        208   atan2f.o
       200         20          0          0          0        164   cos.o
       368         46         48          0          0        200   cos_i.o
       336         56          0          0          0        136   cosf.o
       104         16          0          0          0        496   dunder.o
        44          0          0          0          0        248   fabs.o
        48          0          0          0          0        124   fpclassify.o
        38          0          0          0          0        116   fpclassifyf.o
        44         12          0          0          0        464   funder.o
       248          0          0          0          0        152   poly.o
         0          0          8          0          0          0   qnan.o
      1080        142        200          0          0        188   rred.o
       340         24         32          0          0        160   rredf.o
       200         20          0          0          0        164   sin.o
       304         24         40          0          0        208   sin_i.o
       400         56          0          0          0        212   sinf.o
       232          0          0          0          0        296   sqrt.o

    ----------------------------------------------------------------------
     11308       1070        560          0         96       8836   Library Totals
        28          4          0          0          0          0   (incl. Padding)

    ----------------------------------------------------------------------

      Code (inc. data)   RO Data    RW Data    ZI Data      Debug   Library Name

      1060         16          0          0         96       1292   c_w.l
      3438        256          0          0          0       3160   fz_wm.l
      6782        794        560          0          0       4384   m_wm.l

    ----------------------------------------------------------------------
     11308       1070        560          0         96       8836   Library Totals

    ----------------------------------------------------------------------

==============================================================================


      Code (inc. data)   RO Data    RW Data    ZI Data      Debug   

     69032       4836       2544        600      32280    1717668   Grand Totals
     69032       4836       2544        108      32280    1717668   ELF Image Totals (compressed)
     69032       4836       2544        108          0          0   ROM Totals

==============================================================================

    Total RO  Size (Code + RO Data)                71576 (  69.90kB)
    Total RW  Size (RW Data + ZI Data)             32880 (  32.11kB)
    Total ROM Size (Code + RO Data + RW Data)      71684 (  70.00kB)

==============================================================================

