Component: ARM Compiler 5.06 update 7 (build 960) Tool: armlink [4d3601]

==============================================================================

Section Cross References

    startup_stm32f407xx.o(STACK) refers (Special) to heapauxi.o(.text) for __use_two_region_memory
    startup_stm32f407xx.o(HEAP) refers (Special) to heapauxi.o(.text) for __use_two_region_memory
    startup_stm32f407xx.o(RESET) refers (Special) to heapauxi.o(.text) for __use_two_region_memory
    startup_stm32f407xx.o(RESET) refers to startup_stm32f407xx.o(STACK) for __initial_sp
    startup_stm32f407xx.o(RESET) refers to startup_stm32f407xx.o(.text) for Reset_Handler
    startup_stm32f407xx.o(RESET) refers to stm32f4xx_it.o(i.NMI_Handler) for NMI_Handler
    startup_stm32f407xx.o(RESET) refers to stm32f4xx_it.o(i.HardFault_Handler) for HardFault_Handler
    startup_stm32f407xx.o(RESET) refers to stm32f4xx_it.o(i.MemManage_Handler) for MemManage_Handler
    startup_stm32f407xx.o(RESET) refers to stm32f4xx_it.o(i.BusFault_Handler) for BusFault_Handler
    startup_stm32f407xx.o(RESET) refers to stm32f4xx_it.o(i.UsageFault_Handler) for UsageFault_Handler
    startup_stm32f407xx.o(RESET) refers to port.o(.emb_text) for SVC_Handler
    startup_stm32f407xx.o(RESET) refers to stm32f4xx_it.o(i.DebugMon_Handler) for DebugMon_Handler
    startup_stm32f407xx.o(RESET) refers to port.o(i.SysTick_Handler) for SysTick_Handler
    startup_stm32f407xx.o(RESET) refers to stm32f4xx_it.o(i.EXTI0_IRQHandler) for EXTI0_IRQHandler
    startup_stm32f407xx.o(RESET) refers to stm32f4xx_it.o(i.EXTI4_IRQHandler) for EXTI4_IRQHandler
    startup_stm32f407xx.o(RESET) refers to stm32f4xx_it.o(i.DMA1_Stream1_IRQHandler) for DMA1_Stream1_IRQHandler
    startup_stm32f407xx.o(RESET) refers to stm32f4xx_it.o(i.CAN1_RX0_IRQHandler) for CAN1_RX0_IRQHandler
    startup_stm32f407xx.o(RESET) refers to stm32f4xx_it.o(i.EXTI9_5_IRQHandler) for EXTI9_5_IRQHandler
    startup_stm32f407xx.o(RESET) refers to stm32f4xx_it.o(i.TIM3_IRQHandler) for TIM3_IRQHandler
    startup_stm32f407xx.o(RESET) refers to stm32f4xx_it.o(i.USART1_IRQHandler) for USART1_IRQHandler
    startup_stm32f407xx.o(RESET) refers to remote_control.o(i.USART3_IRQHandler) for USART3_IRQHandler
    startup_stm32f407xx.o(RESET) refers to stm32f4xx_it.o(i.DMA2_Stream1_IRQHandler) for DMA2_Stream1_IRQHandler
    startup_stm32f407xx.o(RESET) refers to ins_task.o(i.DMA2_Stream2_IRQHandler) for DMA2_Stream2_IRQHandler
    startup_stm32f407xx.o(RESET) refers to stm32f4xx_it.o(i.DMA2_Stream3_IRQHandler) for DMA2_Stream3_IRQHandler
    startup_stm32f407xx.o(RESET) refers to stm32f4xx_it.o(i.CAN2_RX0_IRQHandler) for CAN2_RX0_IRQHandler
    startup_stm32f407xx.o(RESET) refers to stm32f4xx_it.o(i.DMA2_Stream6_IRQHandler) for DMA2_Stream6_IRQHandler
    startup_stm32f407xx.o(RESET) refers to referee_task.o(i.USART6_IRQHandler) for USART6_IRQHandler
    startup_stm32f407xx.o(.text) refers (Special) to heapauxi.o(.text) for __use_two_region_memory
    startup_stm32f407xx.o(.text) refers to system_stm32f4xx.o(i.SystemInit) for SystemInit
    startup_stm32f407xx.o(.text) refers to __main.o(!!!main) for __main
    startup_stm32f407xx.o(.text) refers to startup_stm32f407xx.o(HEAP) for Heap_Mem
    startup_stm32f407xx.o(.text) refers to startup_stm32f407xx.o(STACK) for Stack_Mem
    main.o(i.HAL_TIM_PeriodElapsedCallback) refers to stm32f4xx_hal.o(i.HAL_IncTick) for HAL_IncTick
    main.o(i.SystemClock_Config) refers to rt_memclr_w.o(.text) for __aeabi_memclr4
    main.o(i.SystemClock_Config) refers to stm32f4xx_hal_rcc.o(i.HAL_RCC_OscConfig) for HAL_RCC_OscConfig
    main.o(i.SystemClock_Config) refers to main.o(i.Error_Handler) for Error_Handler
    main.o(i.SystemClock_Config) refers to stm32f4xx_hal_rcc.o(i.HAL_RCC_ClockConfig) for HAL_RCC_ClockConfig
    main.o(i.main) refers to stm32f4xx_hal.o(i.HAL_Init) for HAL_Init
    main.o(i.main) refers to main.o(i.SystemClock_Config) for SystemClock_Config
    main.o(i.main) refers to stm32f4xx_hal.o(i.HAL_Delay) for HAL_Delay
    main.o(i.main) refers to gpio.o(i.MX_GPIO_Init) for MX_GPIO_Init
    main.o(i.main) refers to dma.o(i.MX_DMA_Init) for MX_DMA_Init
    main.o(i.main) refers to can.o(i.MX_CAN1_Init) for MX_CAN1_Init
    main.o(i.main) refers to can.o(i.MX_CAN2_Init) for MX_CAN2_Init
    main.o(i.main) refers to spi.o(i.MX_SPI1_Init) for MX_SPI1_Init
    main.o(i.main) refers to usart.o(i.MX_USART1_UART_Init) for MX_USART1_UART_Init
    main.o(i.main) refers to usart.o(i.MX_USART3_UART_Init) for MX_USART3_UART_Init
    main.o(i.main) refers to usart.o(i.MX_USART6_UART_Init) for MX_USART6_UART_Init
    main.o(i.main) refers to tim.o(i.MX_TIM5_Init) for MX_TIM5_Init
    main.o(i.main) refers to tim.o(i.MX_TIM4_Init) for MX_TIM4_Init
    main.o(i.main) refers to tim.o(i.MX_TIM10_Init) for MX_TIM10_Init
    main.o(i.main) refers to tim.o(i.MX_TIM1_Init) for MX_TIM1_Init
    main.o(i.main) refers to tim.o(i.MX_TIM8_Init) for MX_TIM8_Init
[...]
    __hardfp_sqrt                            0x08006119   Thumb Code   122  sqrt.o(i.__hardfp_sqrt)
    __ieee754_rem_pio2                       0x08006199   Thumb Code   938  rred.o(i.__ieee754_rem_pio2)
    __kernel_cos                             0x080065d1   Thumb Code   322  cos_i.o(i.__kernel_cos)
    __kernel_poly                            0x08006741   Thumb Code   248  poly.o(i.__kernel_poly)
    __kernel_sin                             0x08006839   Thumb Code   280  sin_i.o(i.__kernel_sin)
    __mathlib_dbl_infnan                     0x08006969   Thumb Code    20  dunder.o(i.__mathlib_dbl_infnan)
    __mathlib_dbl_invalid                    0x08006981   Thumb Code    24  dunder.o(i.__mathlib_dbl_invalid)
    __mathlib_dbl_underflow                  0x080069a1   Thumb Code    24  dunder.o(i.__mathlib_dbl_underflow)
    _sys_exit                                0x080069c1   Thumb Code     2  usart.o(i._sys_exit)
    can_filter_init                          0x080069c5   Thumb Code    80  bsp_can.o(i.can_filter_init)
    fabs                                     0x08006a1d   Thumb Code    24  fabs.o(i.fabs)
    fifo_s_puts                              0x08006a35   Thumb Code   132  fifo.o(i.fifo_s_puts)
    float_to_uint                            0x08006ab9   Thumb Code    40  math_lib.o(i.float_to_uint)
    float_to_uint_mi                         0x08006ae1   Thumb Code    74  can_task.o(i.float_to_uint_mi)
    fn_BuzzerClose                           0x08006b2d   Thumb Code    10  buzzer_task.o(i.fn_BuzzerClose)
    fn_BuzzerPrompt                          0x08006b3d   Thumb Code    44  buzzer_task.o(i.fn_BuzzerPrompt)
    fn_ChassisInit                           0x08006b69   Thumb Code   138  chassis_task.o(i.fn_ChassisInit)
    fn_ChassisMode                           0x08006c25   Thumb Code   208  chassis_task.o(i.fn_ChassisMode)
    fn_ChassisMotor3508Data                  0x08006d09   Thumb Code    92  can_task.o(i.fn_ChassisMotor3508Data)
    fn_ChassisMotorInit                      0x08006d79   Thumb Code   164  chassis_task.o(i.fn_ChassisMotorInit)
    fn_ChassisMove                           0x08006e39   Thumb Code  3164  chassis_task.o(i.fn_ChassisMove)
    fn_DM_start_motor                        0x08007ae1   Thumb Code    68  can_task.o(i.fn_DM_start_motor)
    fn_Fp32Limit                             0x08007b29   Thumb Code    36  math_lib.o(i.fn_Fp32Limit)
    fn_GimbalInit                            0x08007b4d   Thumb Code   348  gimbal_task.o(i.fn_GimbalInit)
    fn_GimbalMode                            0x08007cd1   Thumb Code   118  gimbal_task.o(i.fn_GimbalMode)
    fn_GimbalMotor2006data                   0x08007d59   Thumb Code   196  can_task.o(i.fn_GimbalMotor2006data)
    fn_GimbalMotor3508Data                   0x08007e39   Thumb Code    68  can_task.o(i.fn_GimbalMotor3508Data)
    fn_GimbalMotorInit                       0x08007e89   Thumb Code   258  gimbal_task.o(i.fn_GimbalMotorInit)
    fn_GimbalMotorMidata                     0x08007fb5   Thumb Code    66  can_task.o(i.fn_GimbalMotorMidata)
    fn_GimbalMove                            0x08008005   Thumb Code  1800  gimbal_task.o(i.fn_GimbalMove)
    fn_Iclear_PidClac                        0x0800872d   Thumb Code   152  pid.o(i.fn_Iclear_PidClac)
    fn_Iclear_PidClacAngle                   0x080087c9   Thumb Code   180  pid.o(i.fn_Iclear_PidClacAngle)
    fn_LedBlue                               0x08008889   Thumb Code    60  led_task.o(i.fn_LedBlue)
    fn_LedGreen                              0x080088cd   Thumb Code    60  led_task.o(i.fn_LedGreen)
    fn_LedInit                               0x08008911   Thumb Code    26  led_task.o(i.fn_LedInit)
    fn_LedRed                                0x08008935   Thumb Code    60  led_task.o(i.fn_LedRed)
    fn_MotorMode                             0x08008979   Thumb Code    52  gimbal_task.o(i.fn_MotorMode)
    fn_PidClac                               0x080089b1   Thumb Code   134  pid.o(i.fn_PidClac)
    fn_PidClacAngle                          0x08008a39   Thumb Code   158  pid.o(i.fn_PidClacAngle)
    fn_PidInit                               0x08008ae1   Thumb Code    82  pid.o(i.fn_PidInit)
    fn_RadFormat                             0x08008b39   Thumb Code    54  math_lib.o(i.fn_RadFormat)
    fn_ShootMode                             0x08008b7d   Thumb Code   184  shoot_task.o(i.fn_ShootMode)
    fn_ShootMotorInit                        0x08008c4d   Thumb Code   234  shoot_task.o(i.fn_ShootMotorInit)
    fn_ShootMove                             0x08008d69   Thumb Code  1186  shoot_task.o(i.fn_ShootMove)
    fn_TriggerMotor3508Data                  0x0800920d   Thumb Code   226  can_task.o(i.fn_TriggerMotor3508Data)
    fn_WheelSpeedW1                          0x0800930d   Thumb Code   252  math_lib.o(i.fn_WheelSpeedW1)
    fn_WheelSpeedW2                          0x08009411   Thumb Code   256  math_lib.o(i.fn_WheelSpeedW2)
    fn_WheelSpeedW3                          0x08009519   Thumb Code   256  math_lib.o(i.fn_WheelSpeedW3)
    fn_WheelSpeedW4                          0x08009621   Thumb Code   252  math_lib.o(i.fn_WheelSpeedW4)
    fn_chassis_power_control                 0x08009725   Thumb Code   416  power_control.o(i.fn_chassis_power_control)
    fn_chassis_speed_autoset                 0x080098dd   Thumb Code   330  power_control.o(i.fn_chassis_speed_autoset)
    fn_chassis_speed_reset_speed             0x08009a49   Thumb Code    28  power_control.o(i.fn_chassis_speed_reset_speed)
    fn_chassis_speed_reset_w                 0x08009a69   Thumb Code    28  power_control.o(i.fn_chassis_speed_reset_w)
    fn_cmd_CAN1GimbalMotor1                  0x08009a89   Thumb Code    76  can_task.o(i.fn_cmd_CAN1GimbalMotor1)
    fn_cmd_CAN2ChassisMotor                  0x08009ad9   Thumb Code    76  can_task.o(i.fn_cmd_CAN2ChassisMotor)
    fn_cmd_CAN2TriggerMotor                  0x08009b29   Thumb Code    80  can_task.o(i.fn_cmd_CAN2TriggerMotor)
    fn_cmd_quat_to_computer                  0x08009b81   Thumb Code   144  can_task.o(i.fn_cmd_quat_to_computer)
    fn_cmd_shoot_data_to_computer            0x08009c19   Thumb Code    70  can_task.o(i.fn_cmd_shoot_data_to_computer)
    fn_cmd_supercap                          0x08009c69   Thumb Code    98  can_task.o(i.fn_cmd_supercap)
    fn_ctrl_DM_motor                         0x08009cd5   Thumb Code   206  can_task.o(i.fn_ctrl_DM_motor)
    fn_fric_state                            0x08009db9   Thumb Code   174  shoot_task.o(i.fn_fric_state)
    fn_level_power_limit                     0x08009e71   Thumb Code   128  power_control.o(i.fn_level_power_limit)
    fn_low_filter                            0x08009f09   Thumb Code    26  filter.o(i.fn_low_filter)
    fn_ocular_servo_init                     0x08009f25   Thumb Code    22  servo_task.o(i.fn_ocular_servo_init)
    fn_scope_judgment                        0x08009f41   Thumb Code    28  math_lib.o(i.fn_scope_judgment)
    fn_servo_pwm_set                         0x08009f5d   Thumb Code    40  bsp_tim.o(i.fn_servo_pwm_set)
    fn_setmode_secondpitch                   0x08009f8d   Thumb Code   110  servo_task.o(i.fn_setmode_secondpitch)
    fn_setpwm_ocular                         0x0800a00d   Thumb Code    24  servo_task.o(i.fn_setpwm_ocular)
    fn_setpwm_secondpitch                    0x0800a029   Thumb Code   138  servo_task.o(i.fn_setpwm_secondpitch)
    fn_shoot_init                            0x0800a0c1   Thumb Code    78  shoot_task.o(i.fn_shoot_init)
    fn_shoot_motor3508_init                  0x0800a121   Thumb Code   164  shoot_task.o(i.fn_shoot_motor3508_init)
    get_autoaim_measure                      0x0800a1e1   Thumb Code    72  can_task.o(i.get_autoaim_measure)
    get_cap_data                             0x0800a22d   Thumb Code    96  can_task.o(i.get_cap_data)
    get_dm_motor_data                        0x0800a291   Thumb Code   140  can_task.o(i.get_dm_motor_data)
    get_mi_motor_data                        0x0800a329   Thumb Code   114  can_task.o(i.get_mi_motor_data)
    get_motor_measure                        0x0800a3a5   Thumb Code    40  can_task.o(i.get_motor_measure)
    get_shoot_speed                          0x0800a3cd   Thumb Code    10  referee_task.o(i.get_shoot_speed)
    imu_cmd_spi_dma                          0x0800a3dd   Thumb Code   270  ins_task.o(i.imu_cmd_spi_dma)
    init_cybergear                           0x0800a501   Thumb Code    38  can_task.o(i.init_cybergear)
    main                                     0x0800a52d   Thumb Code   178  main.o(i.main)
    motor_mi_controlmode                     0x0800a601   Thumb Code   258  can_task.o(i.motor_mi_controlmode)
    osDelay                                  0x0800a721   Thumb Code    16  cmsis_os.o(i.osDelay)
    osKernelStart                            0x0800a731   Thumb Code    10  cmsis_os.o(i.osKernelStart)
    osThreadCreate                           0x0800a73b   Thumb Code    88  cmsis_os.o(i.osThreadCreate)
    plot4                                    0x0800a795   Thumb Code    58  plot.o(i.plot4)
    pvPortMalloc                             0x0800ab71   Thumb Code   214  heap_4.o(i.pvPortMalloc)
    pxPortInitialiseStack                    0x0800ac4d   Thumb Code    30  port.o(i.pxPortInitialiseStack)
    remote_control_init                      0x0800ac71   Thumb Code    12  remote_control.o(i.remote_control_init)
    sbus_to_rc                               0x0800ac81   Thumb Code   206  remote_control.o(i.sbus_to_rc)
    set_mode_cybergear                       0x0800ad59   Thumb Code    18  can_task.o(i.set_mode_cybergear)
    start_cybergear                          0x0800ad6d   Thumb Code    26  can_task.o(i.start_cybergear)
    tim1                                     0x0800ad95   Thumb Code    46  buzzer_task.o(i.tim1)
    tim2                                     0x0800add1   Thumb Code    46  buzzer_task.o(i.tim2)
    tim3                                     0x0800ae0d   Thumb Code    46  buzzer_task.o(i.tim3)
    uint16_to_float                          0x0800ae49   Thumb Code    40  can_task.o(i.uint16_to_float)
    uint_to_float                            0x0800ae71   Thumb Code    40  math_lib.o(i.uint_to_float)
    uxListRemove                             0x0800ae99   Thumb Code    38  list.o(i.uxListRemove)
    vApplicationGetIdleTaskMemory            0x0800aec1   Thumb Code    16  freertos.o(i.vApplicationGetIdleTaskMemory)
    vListInitialise                          0x0800aed5   Thumb Code    22  list.o(i.vListInitialise)
    vListInitialiseItem                      0x0800aeeb   Thumb Code     6  list.o(i.vListInitialiseItem)
    vListInsert                              0x0800aef1   Thumb Code    48  list.o(i.vListInsert)
    vListInsertEnd                           0x0800af21   Thumb Code    24  list.o(i.vListInsertEnd)
    vPortEnterCritical                       0x0800af39   Thumb Code    54  port.o(i.vPortEnterCritical)
    vPortExitCritical                        0x0800af79   Thumb Code    38  port.o(i.vPortExitCritical)
    vPortFree                                0x0800afa5   Thumb Code    94  heap_4.o(i.vPortFree)
    vPortSetupTimerInterrupt                 0x0800b009   Thumb Code    32  port.o(i.vPortSetupTimerInterrupt)
    vPortValidateInterruptPriority           0x0800b02d   Thumb Code    74  port.o(i.vPortValidateInterruptPriority)
    vTaskDelay                               0x0800b081   Thumb Code    70  tasks.o(i.vTaskDelay)
    vTaskNotifyGiveFromISR                   0x0800b0d1   Thumb Code   178  tasks.o(i.vTaskNotifyGiveFromISR)
    vTaskStartScheduler                      0x0800b18d   Thumb Code   118  tasks.o(i.vTaskStartScheduler)
    vTaskSuspendAll                          0x0800b215   Thumb Code    10  tasks.o(i.vTaskSuspendAll)
    vTaskSwitchContext                       0x0800b225   Thumb Code    86  tasks.o(i.vTaskSwitchContext)
    xPortStartScheduler                      0x0800b285   Thumb Code   222  port.o(i.xPortStartScheduler)
    xTaskCreate                              0x0800b379   Thumb Code   100  tasks.o(i.xTaskCreate)
    xTaskCreateStatic                        0x0800b3dd   Thumb Code    92  tasks.o(i.xTaskCreateStatic)
    xTaskGetSchedulerState                   0x0800b439   Thumb Code    24  tasks.o(i.xTaskGetSchedulerState)
    xTaskIncrementTick                       0x0800b455   Thumb Code   198  tasks.o(i.xTaskIncrementTick)
    xTaskResumeAll                           0x0800b525   Thumb Code   192  tasks.o(i.xTaskResumeAll)
    __aeabi_dneg                             0x0800b5f1   Thumb Code     0  basic.o(x$fpl$basic)
    _dneg                                    0x0800b5f1   Thumb Code     6  basic.o(x$fpl$basic)
    __aeabi_fneg                             0x0800b5f7   Thumb Code     0  basic.o(x$fpl$basic)
    _fneg                                    0x0800b5f7   Thumb Code     6  basic.o(x$fpl$basic)
    _dabs                                    0x0800b5fd   Thumb Code     6  basic.o(x$fpl$basic)
    _fabs                                    0x0800b603   Thumb Code     6  basic.o(x$fpl$basic)
    __aeabi_d2f                              0x0800b609   Thumb Code     0  d2f.o(x$fpl$d2f)
    _d2f                                     0x0800b609   Thumb Code    98  d2f.o(x$fpl$d2f)
    __aeabi_dadd                             0x0800b66d   Thumb Code     0  daddsub_clz.o(x$fpl$dadd)
    _dadd                                    0x0800b66d   Thumb Code   332  daddsub_clz.o(x$fpl$dadd)
    __fpl_dcmp_Inf                           0x0800b7bd   Thumb Code    24  dcmpi.o(x$fpl$dcmpinf)
    __aeabi_ddiv                             0x0800b7d5   Thumb Code     0  ddiv.o(x$fpl$ddiv)
    _ddiv                                    0x0800b7d5   Thumb Code   552  ddiv.o(x$fpl$ddiv)
    __aeabi_d2iz                             0x0800ba85   Thumb Code     0  dfix.o(x$fpl$dfix)
    _dfix                                    0x0800ba85   Thumb Code    94  dfix.o(x$fpl$dfix)
    __aeabi_d2uiz                            0x0800bae5   Thumb Code     0  dfixu.o(x$fpl$dfixu)
    _dfixu                                   0x0800bae5   Thumb Code    90  dfixu.o(x$fpl$dfixu)
    __aeabi_i2d                              0x0800bb3f   Thumb Code     0  dflt_clz.o(x$fpl$dflt)
    _dflt                                    0x0800bb3f   Thumb Code    46  dflt_clz.o(x$fpl$dflt)
    __aeabi_ui2d                             0x0800bb6d   Thumb Code     0  dflt_clz.o(x$fpl$dfltu)
    _dfltu                                   0x0800bb6d   Thumb Code    38  dflt_clz.o(x$fpl$dfltu)
    __aeabi_cdcmple                          0x0800bb95   Thumb Code     0  dleqf.o(x$fpl$dleqf)
    _dcmple                                  0x0800bb95   Thumb Code   120  dleqf.o(x$fpl$dleqf)
    __fpl_dcmple_InfNaN                      0x0800bbf7   Thumb Code     0  dleqf.o(x$fpl$dleqf)
    __aeabi_dmul                             0x0800bc0d   Thumb Code     0  dmul.o(x$fpl$dmul)
    _dmul                                    0x0800bc0d   Thumb Code   332  dmul.o(x$fpl$dmul)
    __fpl_dnaninf                            0x0800bd61   Thumb Code   156  dnaninf.o(x$fpl$dnaninf)
    __fpl_dretinf                            0x0800bdfd   Thumb Code    12  dretinf.o(x$fpl$dretinf)
    __aeabi_cdrcmple                         0x0800be09   Thumb Code     0  drleqf.o(x$fpl$drleqf)
    _drcmple                                 0x0800be09   Thumb Code   108  drleqf.o(x$fpl$drleqf)
    __aeabi_drsub                            0x0800be75   Thumb Code     0  daddsub_clz.o(x$fpl$drsb)
    _drsb                                    0x0800be75   Thumb Code    22  daddsub_clz.o(x$fpl$drsb)
    _dsqrt                                   0x0800be8d   Thumb Code   404  dsqrt_umaal.o(x$fpl$dsqrt)
    __aeabi_dsub                             0x0800c025   Thumb Code     0  daddsub_clz.o(x$fpl$dsub)
    _dsub                                    0x0800c025   Thumb Code   464  daddsub_clz.o(x$fpl$dsub)
    __aeabi_f2d                              0x0800c1f9   Thumb Code     0  f2d.o(x$fpl$f2d)
    _f2d                                     0x0800c1f9   Thumb Code    86  f2d.o(x$fpl$f2d)
    __fpl_fnaninf                            0x0800c24f   Thumb Code   140  fnaninf.o(x$fpl$fnaninf)
    _fp_init                                 0x0800c2db   Thumb Code    10  fpinit.o(x$fpl$fpinit)
    __fplib_config_fpu_vfp                   0x0800c2e3   Thumb Code     0  fpinit.o(x$fpl$fpinit)
    __fplib_config_pureend_doubles           0x0800c2e3   Thumb Code     0  fpinit.o(x$fpl$fpinit)
    __fpl_fretinf                            0x0800c2e5   Thumb Code    10  fretinf.o(x$fpl$fretinf)
    __I$use$fp                               0x0800c2ee   Number         0  usenofp.o(x$fpl$usenofp)
    AHBPrescTable                            0x0800c384   Data          16  system_stm32f4xx.o(.constdata)
    APBPrescTable                            0x0800c394   Data           8  system_stm32f4xx.o(.constdata)
    Region$$Table$$Base                      0x0800c610   Number         0  anon$$obj.o(Region$$Table)
    Region$$Table$$Limit                     0x0800c630   Number         0  anon$$obj.o(Region$$Table)
    defaultTaskHandle                        0x20000000   Data           4  freertos.o(.data)
    led_taskHandle                           0x20000004   Data           4  freertos.o(.data)
    buzzer_taskHandle                        0x20000008   Data           4  freertos.o(.data)
    chassis_taskHandle                       0x2000000c   Data           4  freertos.o(.data)
    gimbal_taskHandle                        0x20000010   Data           4  freertos.o(.data)
    uwTickFreq                               0x20000018   Data           1  stm32f4xx_hal.o(.data)
    uwTickPrio                               0x2000001c   Data           4  stm32f4xx_hal.o(.data)
    uwTick                                   0x20000020   Data           4  stm32f4xx_hal.o(.data)
    SystemCoreClock                          0x20000024   Data           4  system_stm32f4xx.o(.data)
    pxCurrentTCB                             0x20000028   Data           4  tasks.o(.data)
    BuzzerCount                              0x20000090   Data           1  buzzer_task.o(.data)
    last_B_key                               0x20000092   Data           2  buzzer_task.o(.data)
    calibrate_flag                           0x20000094   Data           1  calibrate_task.o(.data)
    start_count                              0x20000096   Data           2  calibrate_task.o(.data)
    calibration_count                        0x20000098   Data           2  calibrate_task.o(.data)
    gyro_x_zero                              0x2000009c   Data           4  calibrate_task.o(.data)
    gyro_y_zero                              0x200000a0   Data           4  calibrate_task.o(.data)
    gyro_z_zero                              0x200000a4   Data           4  calibrate_task.o(.data)
    sum_x                                    0x200000a8   Data           4  calibrate_task.o(.data)
    sum_y                                    0x200000ac   Data           4  calibrate_task.o(.data)
    sum_z                                    0x200000b0   Data           4  calibrate_task.o(.data)
    cap_send_num                             0x200000b4   Data           1  chassis_task.o(.data)
    chassis_send_num                         0x200000b5   Data           1  chassis_task.o(.data)
    spin_w_flag                              0x200000b6   Data           1  chassis_task.o(.data)
    send_num                                 0x200000b8   Data           2  chassis_task.o(.data)
    chassis_mode_time                        0x200000c0   Data           2  chassis_task.o(.data)
    spin_w_count                             0x200000c2   Data           2  chassis_task.o(.data)
    chassis_init_time                        0x200000c4   Data           2  chassis_task.o(.data)
    relative_Pmax                            0x200000c8   Data           4  chassis_task.o(.data)
    Reset_cont                               0x200000cc   Data           1  detect_task.o(.data)
    remote_control_data_error_flag           0x200000cd   Data           1  detect_task.o(.data)
    rollover_flag                            0x200000ce   Data           1  detect_task.o(.data)
    trigger_motor3508_block_flag             0x200000cf   Data           1  detect_task.o(.data)
    rc_receive_flag                          0x200000d0   Data           1  detect_task.o(.data)
    fric_send_num                            0x200000da   Data           1  gimbal_task.o(.data)
    gimbal_init_flag                         0x200000e1   Data           1  gimbal_task.o(.data)
    shoot_mode_flag                          0x200000e2   Data           1  gimbal_task.o(.data)
    servo_send_num                           0x200000e4   Data           2  gimbal_task.o(.data)
    shoot_mode_sned_num                      0x200000e6   Data           2  gimbal_task.o(.data)
    q_send_num                               0x200000e8   Data           2  gimbal_task.o(.data)
    gimbal_init_over_time                    0x200000ea   Data           2  gimbal_task.o(.data)
    gimbal_init_time                         0x200000ec   Data           2  gimbal_task.o(.data)
    turnover_cold_time                       0x200000ee   Data           2  gimbal_task.o(.data)
    gimbal_into_zero_force_time              0x200000f0   Data           2  gimbal_task.o(.data)
    gyro_update_flag                         0x200000f4   Data           1  ins_task.o(.data)
    accel_update_flag                        0x200000f5   Data           1  ins_task.o(.data)
    accel_temp_update_flag                   0x200000f6   Data           1  ins_task.o(.data)
    imu_start_dma_flag                       0x200000f7   Data           1  ins_task.o(.data)
    first_temperate                          0x200000f9   Data           1  ins_task.o(.data)
    accel_temp_dma_tx_buf                    0x200000fa   Data           4  ins_task.o(.data)
    twoKp                                    0x20000100   Data           4  ins_task.o(.data)
    twoKi                                    0x20000104   Data           4  ins_task.o(.data)
    integralFBx                              0x20000108   Data           4  ins_task.o(.data)
    integralFBy                              0x2000010c   Data           4  ins_task.o(.data)
    integralFBz                              0x20000110   Data           4  ins_task.o(.data)
    accel_temp_dma_rx_buf                    0x2000011c   Data           4  ins_task.o(.data)
    gyro_dma_tx_buf                          0x20000120   Data           8  ins_task.o(.data)
    gyro_dma_rx_buf                          0x20000128   Data           8  ins_task.o(.data)
    accel_dma_tx_buf                         0x20000130   Data           9  ins_task.o(.data)
    af_ImuTempPID                            0x2000013c   Data          12  ins_task.o(.data)
    blue                                     0x20000148   Data           2  led_task.o(.data)
    green                                    0x2000014a   Data           2  led_task.o(.data)
    red                                      0x2000014c   Data           2  led_task.o(.data)
    capdraw                                  0x20000150   Data           1  referee_task.o(.data)
    energy_draw                              0x20000151   Data           1  referee_task.o(.data)
    auto_state                               0x20000152   Data           1  referee_task.o(.data)
    shoot                                    0x20000153   Data           1  referee_task.o(.data)
    ext_game_result                          0x20000154   Data           1  referee_task.o(.data)
    ext_hurt_data                            0x20000155   Data           1  referee_task.o(.data)
    ext_radar_info                           0x20000156   Data           1  referee_task.o(.data)
    MY_CLIENT_ID                             0x20000158   Data           2  referee_task.o(.data)
    ext_air_support_data                     0x2000015c   Data           2  referee_task.o(.data)
    ext_referee_warning                      0x2000015e   Data           3  referee_task.o(.data)
    ext_dart_info                            0x20000161   Data           3  referee_task.o(.data)
    MY_ROBOT_ID                              0x20000164   Data           4  referee_task.o(.data)
    ext_event_data                           0x20000168   Data           4  referee_task.o(.data)
    ext_supply_projectile_action             0x2000016c   Data           4  referee_task.o(.data)
    ext_rfid_status                          0x20000170   Data           4  referee_task.o(.data)
    ext_sentry_info                          0x20000174   Data           4  referee_task.o(.data)
    ext_dart_client_cmd                      0x20000178   Data           5  referee_task.o(.data)
    ext_referee_receive_header               0x2000017d   Data           5  referee_task.o(.data)
    ext_referee_send_header                  0x20000182   Data           5  referee_task.o(.data)
    ext_projectile_allowance                 0x20000187   Data           6  referee_task.o(.data)
    ext_radar_mark_data                      0x2000018d   Data           6  referee_task.o(.data)
    ext_robot_interactive_header_data        0x20000193   Data           6  referee_task.o(.data)
    ext_buff                                 0x20000199   Data           7  referee_task.o(.data)
    ext_robot_shoot_data                     0x200001a0   Data           7  referee_task.o(.data)
    cap_en_flag                              0x200001a8   Data           1  supercap_task.o(.data)
    CAN2_Cap_flag                            0x200001a9   Data           1  supercap_task.o(.data)
    cap_FSM                                  0x200001aa   Data           1  supercap_task.o(.data)
    cap_FSM_ex                               0x200001ab   Data           1  supercap_task.o(.data)
    cap_flag                                 0x200001ac   Data           1  supercap_task.o(.data)
    low_vol_flag                             0x200001ad   Data           1  supercap_task.o(.data)
    cap_num                                  0x200001ae   Data           2  supercap_task.o(.data)
    cap_mode_change_cold_time                0x200001b0   Data           2  supercap_task.o(.data)
    can1_flag                                0x200001b6   Data           1  can_task.o(.data)
    can2_flag                                0x200001b7   Data           1  can_task.o(.data)
    byte                                     0x200001b8   Data           4  can_task.o(.data)
    Motor_Can_ID                             0x200001bc   Data           4  can_task.o(.data)
    speed_match_flag                         0x200001c0   Data           1  power_control.o(.data)
    w_match_flag                             0x200001c1   Data           1  power_control.o(.data)
    Pin                                      0x200001c4   Data           4  power_control.o(.data)
    K                                        0x200001c8   Data           4  power_control.o(.data)
    K_buffer                                 0x200001cc   Data           4  power_control.o(.data)
    infact_Pmax                              0x200001d8   Data           4  power_control.o(.data)
    count_Pmax                               0x200001dc   Data           4  power_control.o(.data)
    filter_Pmax                              0x200001e0   Data           4  power_control.o(.data)
    sum_energy                               0x200001e4   Data           4  power_control.o(.data)
    w_match                                  0x200001e8   Data           4  power_control.o(.data)
    vx_match                                 0x200001ec   Data           4  power_control.o(.data)
    vy_match                                 0x200001f0   Data           4  power_control.o(.data)
    rc_receive_num                           0x200001f4   Data           2  remote_control.o(.data)
    continue_shoot_mode                      0x200001f8   Data           1  shoot_task.o(.data)
    shoot_init_time                          0x200001fa   Data           2  shoot_task.o(.data)
    shoot_init_over_time                     0x200001fc   Data           2  shoot_task.o(.data)
    shoot_continue_time                      0x200001fe   Data           2  shoot_task.o(.data)
    shoot_single_time_count                  0x20000200   Data           2  shoot_task.o(.data)
    shooting_single_count                    0x20000202   Data           2  shoot_task.o(.data)
    continue_shoot_mode_time                 0x20000204   Data           2  shoot_task.o(.data)
    clear_time                               0x20000206   Data           2  shoot_task.o(.data)
    last_q_key                               0x20000208   Data           2  servo_task.o(.data)
    last_e_key                               0x2000020a   Data           2  servo_task.o(.data)
    hcan1                                    0x20000460   Data          40  can.o(.bss)
    hcan2                                    0x20000488   Data          40  can.o(.bss)
    hspi1                                    0x200004b0   Data          88  spi.o(.bss)
    hdma_spi1_rx                             0x20000508   Data          96  spi.o(.bss)
    hdma_spi1_tx                             0x20000568   Data          96  spi.o(.bss)
    htim1                                    0x200005c8   Data          72  tim.o(.bss)
    htim4                                    0x20000610   Data          72  tim.o(.bss)
    htim5                                    0x20000658   Data          72  tim.o(.bss)
    htim8                                    0x200006a0   Data          72  tim.o(.bss)
    htim10                                   0x200006e8   Data          72  tim.o(.bss)
    huart1                                   0x20000730   Data          72  usart.o(.bss)
    huart3                                   0x20000778   Data          72  usart.o(.bss)
    huart6                                   0x200007c0   Data          72  usart.o(.bss)
    hdma_usart3_rx                           0x20000808   Data          96  usart.o(.bss)
    hdma_usart6_rx                           0x20000868   Data          96  usart.o(.bss)
    hdma_usart6_tx                           0x200008c8   Data          96  usart.o(.bss)
    htim3                                    0x20000928   Data          72  stm32f4xx_hal_timebase_tim.o(.bss)
    chassis_move_data                        0x20005b14   Data         116  chassis_task.o(.bss)
    gimbal_data                              0x20005b88   Data         548  gimbal_task.o(.bss)
    INS_gyro                                 0x20005dac   Data          12  ins_task.o(.bss)
    INS_accel                                0x20005db8   Data          12  ins_task.o(.bss)
    INS_accel_z                              0x20005dc4   Data          24  ins_task.o(.bss)
    INS_quat                                 0x20005ddc   Data          16  ins_task.o(.bss)
    INS_eulers                               0x20005dec   Data          12  ins_task.o(.bss)
    accel_dma_rx_buf                         0x20005df8   Data           9  ins_task.o(.bss)
    imu_temp_pid                             0x20005e04   Data          64  ins_task.o(.bss)
    bmi088_real_data                         0x20005e44   Data          36  ins_task.o(.bss)
    ext_game_status                          0x20005fc7   Data          11  referee_task.o(.bss)
    ext_game_robot_HP                        0x20005fd2   Data          32  referee_task.o(.bss)
    ext_robot_status                         0x20005ff2   Data          13  referee_task.o(.bss)
    ext_power_heat_data                      0x20005fff   Data          16  referee_task.o(.bss)
    ext_robot_pos                            0x2000600f   Data          12  referee_task.o(.bss)
    ext_ground_robot_position                0x2000601b   Data          40  referee_task.o(.bss)
    robot_interactive_data                   0x20006043   Data         119  referee_task.o(.bss)
    ext_custom_robot_data                    0x200060ba   Data          30  referee_task.o(.bss)
    ext_map_command                          0x200060d8   Data          16  referee_task.o(.bss)
    ext_remote_control                       0x200060e8   Data          12  referee_task.o(.bss)
    referee_fifo                             0x200060f4   Data          24  referee_task.o(.bss)
    referee_fifo_buf                         0x2000610c   Data        1024  referee_task.o(.bss)
    referee_unpack_obj                       0x2000650c   Data         137  referee_task.o(.bss)
    usart6_buf                               0x20006595   Data        1024  referee_task.o(.bss)
    Personal_Data                            0x20006995   Data         128  referee_task.o(.bss)
    chassis_motor3508_measure                0x20006a18   Data          40  can_task.o(.bss)
    trigger_motor3508_measure                0x20006a40   Data          10  can_task.o(.bss)
    gimbal_motor3508_measure                 0x20006a4a   Data          30  can_task.o(.bss)
    gimbal_motor2006_measure                 0x20006a68   Data          20  can_task.o(.bss)
    gimbal_motormi_measure                   0x20006a7c   Data         200  can_task.o(.bss)
    chassis_motor3508_data                   0x20006b44   Data        1168  can_task.o(.bss)
    trigger_motor3508_data                   0x20006fd4   Data         292  can_task.o(.bss)
    gimbal_motor3508_data                    0x200070f8   Data         876  can_task.o(.bss)
    gimbal_motor2006_data                    0x20007464   Data         584  can_task.o(.bss)
    gimbal_motor4310_data                    0x200076ac   Data         180  can_task.o(.bss)
    gimbal_motormi_data                      0x20007760   Data         292  can_task.o(.bss)
    txMsg                                    0x20007884   Data          24  can_task.o(.bss)
    cap_data                                 0x2000789c   Data          16  can_task.o(.bss)
    autoaim_measure                          0x200078ac   Data          12  can_task.o(.bss)
    plot_frame                               0x200078b8   Data          43  plot.o(.bss)
    ctl                                      0x200078e4   Data          22  remote_control.o(.bss)
    shoot_data                               0x200078fc   Data          28  shoot_task.o(.bss)
    ocular_servo                             0x20007918   Data          10  servo_task.o(.bss)
    secondpitch_servo                        0x20007922   Data          16  servo_task.o(.bss)
    sbus_buf                                 0x20007932   Data          36  bsp_usart.o(.bss)
    __libspace_start                         0x20007958   Data          96  libspace.o(.bss)
    __temporary_stack_top$libspace           0x200079b8   Data           0  libspace.o(.bss)



==============================================================================

Memory Map of the image

  Image Entry point : 0x08000189

  Load Region LR_IROM1 (Base: 0x08000000, Size: 0x0000c83c, Max: 0x00100000, ABSOLUTE, COMPRESSED[0x0000c668])

    Execution Region ER_IROM1 (Exec base: 0x08000000, Load base: 0x08000000, Size: 0x0000c630, Max: 0x00100000, ABSOLUTE)

    Exec Addr    Load Addr    Size         Type   Attr      Idx    E Section Name        Object

    0x08000000   0x08000000   0x00000188   Data   RO            3    RESET               startup_stm32f407xx.o
    0x08000188   0x08000188   0x00000008   Code   RO         8196  * !!!main             c_w.l(__main.o)
    0x08000190   0x08000190   0x00000034   Code   RO         8632    !!!scatter          c_w.l(__scatter.o)
    0x080001c4   0x080001c4   0x0000005a   Code   RO         8630    !!dczerorl2         c_w.l(__dczerorl2.o)
    0x0800021e   0x0800021e   0x00000002   PAD
    0x08000220   0x08000220   0x0000001c   Code   RO         8634    !!handler_zi        c_w.l(__scatter_zi.o)
    0x0800023c   0x0800023c   0x00000002   Code   RO         8571    .ARM.Collect$$libinit$$00000000  c_w.l(libinit.o)
    0x0800023e   0x0800023e   0x00000004   Code   RO         8372    .ARM.Collect$$libinit$$00000001  c_w.l(libinit2.o)
    0x08000242   0x08000242   0x00000000   Code   RO         8375    .ARM.Collect$$libinit$$00000004  c_w.l(libinit2.o)
    0x08000242   0x08000242   0x00000000   Code   RO         8378    .ARM.Collect$$libinit$$0000000A  c_w.l(libinit2.o)
    0x08000242   0x08000242   0x00000000   Code   RO         8380    .ARM.Collect$$libinit$$0000000C  c_w.l(libinit2.o)
    0x08000242   0x08000242   0x00000000   Code   RO         8382    .ARM.Collect$$libinit$$0000000E  c_w.l(libinit2.o)
    0x08000242   0x08000242   0x00000000   Code   RO         8385    .ARM.Collect$$libinit$$00000011  c_w.l(libinit2.o)
    0x08000242   0x08000242   0x00000000   Code   RO         8387    .ARM.Collect$$libinit$$00000013  c_w.l(libinit2.o)
    0x08000242   0x08000242   0x00000000   Code   RO         8389    .ARM.Collect$$libinit$$00000015  c_w.l(libinit2.o)
    0x08000242   0x08000242   0x00000000   Code   RO         8391    .ARM.Collect$$libinit$$00000017  c_w.l(libinit2.o)
    0x08000242   0x08000242   0x00000000   Code   RO         8393    .ARM.Collect$$libinit$$00000019  c_w.l(libinit2.o)
    0x08000242   0x08000242   0x00000000   Code   RO         8395    .ARM.Collect$$libinit$$0000001B  c_w.l(libinit2.o)
    0x08000242   0x08000242   0x00000000   Code   RO         8397    .ARM.Collect$$libinit$$0000001D  c_w.l(libinit2.o)
    0x08000242   0x08000242   0x00000000   Code   RO         8399    .ARM.Collect$$libinit$$0000001F  c_w.l(libinit2.o)
    0x08000242   0x08000242   0x00000000   Code   RO         8401    .ARM.Collect$$libinit$$00000021  c_w.l(libinit2.o)
    0x08000242   0x08000242   0x00000000   Code   RO         8403    .ARM.Collect$$libinit$$00000023  c_w.l(libinit2.o)
    0x08000242   0x08000242   0x00000000   Code   RO         8405    .ARM.Collect$$libinit$$00000025  c_w.l(libinit2.o)
    0x08000242   0x08000242   0x00000000   Code   RO         8409    .ARM.Collect$$libinit$$0000002C  c_w.l(libinit2.o)
    0x08000242   0x08000242   0x00000000   Code   RO         8411    .ARM.Collect$$libinit$$0000002E  c_w.l(libinit2.o)
    0x08000242   0x08000242   0x00000000   Code   RO         8413    .ARM.Collect$$libinit$$00000030  c_w.l(libinit2.o)
    0x08000242   0x08000242   0x00000000   Code   RO         8415    .ARM.Collect$$libinit$$00000032  c_w.l(libinit2.o)
    0x08000242   0x08000242   0x00000002   Code   RO         8416    .ARM.Collect$$libinit$$00000033  c_w.l(libinit2.o)
    0x08000244   0x08000244   0x00000002   Code   RO         8627    .ARM.Collect$$libshutdown$$00000000  c_w.l(libshutdown.o)
    0x08000246   0x08000246   0x00000000   Code   RO         8585    .ARM.Collect$$libshutdown$$00000002  c_w.l(libshutdown2.o)
    0x08000246   0x08000246   0x00000000   Code   RO         8587    .ARM.Collect$$libshutdown$$00000004  c_w.l(libshutdown2.o)
    0x08000246   0x08000246   0x00000000   Code   RO         8589    .ARM.Collect$$libshutdown$$00000006  c_w.l(libshutdown2.o)
    0x08000246   0x08000246   0x00000000   Code   RO         8592    .ARM.Collect$$libshutdown$$00000009  c_w.l(libshutdown2.o)
    0x08000246   0x08000246   0x00000000   Code   RO         8595    .ARM.Collect$$libshutdown$$0000000C  c_w.l(libshutdown2.o)
    0x08000246   0x08000246   0x00000000   Code   RO         8597    .ARM.Collect$$libshutdown$$0000000E  c_w.l(libshutdown2.o)
    0x08000246   0x08000246   0x00000000   Code   RO         8600    .ARM.Collect$$libshutdown$$00000011  c_w.l(libshutdown2.o)
    0x08000246   0x08000246   0x00000002   Code   RO         8601    .ARM.Collect$$libshutdown$$00000012  c_w.l(libshutdown2.o)
    0x08000248   0x08000248   0x00000000   Code   RO         8338    .ARM.Collect$$rtentry$$00000000  c_w.l(__rtentry.o)
    0x08000248   0x08000248   0x00000000   Code   RO         8500    .ARM.Collect$$rtentry$$00000002  c_w.l(__rtentry2.o)
    0x08000248   0x08000248   0x00000006   Code   RO         8512    .ARM.Collect$$rtentry$$00000004  c_w.l(__rtentry4.o)
    0x0800024e   0x0800024e   0x00000000   Code   RO         8502    .ARM.Collect$$rtentry$$00000009  c_w.l(__rtentry2.o)
    0x0800024e   0x0800024e   0x00000004   Code   RO         8503    .ARM.Collect$$rtentry$$0000000A  c_w.l(__rtentry2.o)
    0x08000252   0x08000252   0x00000000   Code   RO         8505    .ARM.Collect$$rtentry$$0000000C  c_w.l(__rtentry2.o)
    0x08000252   0x08000252   0x00000008   Code   RO         8506    .ARM.Collect$$rtentry$$0000000D  c_w.l(__rtentry2.o)
    0x0800025a   0x0800025a   0x00000002   Code   RO         8572    .ARM.Collect$$rtexit$$00000000  c_w.l(rtexit.o)
    0x0800025c   0x0800025c   0x00000000   Code   RO         8603    .ARM.Collect$$rtexit$$00000002  c_w.l(rtexit2.o)
    0x0800025c   0x0800025c   0x00000004   Code   RO         8604    .ARM.Collect$$rtexit$$00000003  c_w.l(rtexit2.o)
    0x08000260   0x08000260   0x00000006   Code   RO         8605    .ARM.Collect$$rtexit$$00000004  c_w.l(rtexit2.o)
    0x08000266   0x08000266   0x00000002   PAD
    0x08000268   0x08000268   0x000000be   Code   RO         5587    .emb_text           port.o
    0x08000326   0x08000326   0x00000002   PAD
    0x08000328   0x08000328   0x00000040   Code   RO            4    .text               startup_stm32f407xx.o
    0x08000368   0x08000368   0x00000002   Code   RO         8114    .text               c_w.l(use_no_semi_2.o)
    0x0800036a   0x0800036a   0x000000ee   Code   RO         8178    .text               c_w.l(lludivv7m.o)
    0x08000458   0x08000458   0x0000008a   Code   RO         8182    .text               c_w.l(rt_memcpy_v6.o)
    0x080004e2   0x080004e2   0x00000064   Code   RO         8184    .text               c_w.l(rt_memcpy_w.o)
    0x08000546   0x08000546   0x00000010   Code   RO         8188    .text               c_w.l(aeabi_memset.o)
    0x08000556   0x08000556   0x00000044   Code   RO         8190    .text               c_w.l(rt_memclr.o)
    0x0800059a   0x0800059a   0x0000004e   Code   RO         8192    .text               c_w.l(rt_memclr_w.o)
    0x080005e8   0x080005e8   0x00000006   Code   RO         8194    .text               c_w.l(heapauxi.o)
    0x080005ee   0x080005ee   0x00000002   Code   RO         8334    .text               c_w.l(use_no_semi.o)
    0x080005f0   0x080005f0   0x00000016   Code   RO         8368    .text               c_w.l(_rserrno.o)
    0x08000606   0x08000606   0x00000002   PAD
    0x08000608   0x08000608   0x00000008   Code   RO         8496    .text               c_w.l(libspace.o)
    0x08000610   0x08000610   0x00000008   Code   RO         8519    .text               c_w.l(rt_errno_addr_intlibspace.o)
    0x08000618   0x08000618   0x0000004a   Code   RO         8546    .text               c_w.l(sys_stackheap_outer.o)
    0x08000662   0x08000662   0x00000012   Code   RO         8552    .text               c_w.l(exit.o)
    0x08000674   0x08000674   0x00000002   Code   RO          915    i.BusFault_Handler  stm32f4xx_it.o
    0x08000676   0x08000676   0x00000002   PAD
    0x08000678   0x08000678   0x000000a0   Code   RO         5667    i.Buzzer_Task       buzzer_task.o
    0x08000718   0x08000718   0x0000000c   Code   RO          916    i.CAN1_RX0_IRQHandler  stm32f4xx_it.o
    0x08000724   0x08000724   0x0000000c   Code   RO          917    i.CAN2_RX0_IRQHandler  stm32f4xx_it.o
    0x08000730   0x08000730   0x00000174   Code   RO         5844    i.Chassis_Task      chassis_task.o
    0x080008a4   0x080008a4   0x0000000c   Code   RO          918    i.DMA1_Stream1_IRQHandler  stm32f4xx_it.o
    0x080008b0   0x080008b0   0x0000000c   Code   RO          919    i.DMA2_Stream1_IRQHandler  stm32f4xx_it.o
    0x080008bc   0x080008bc   0x000004cc   Code   RO         6262    i.DMA2_Stream2_IRQHandler  ins_task.o
    0x08000d88   0x08000d88   0x0000000c   Code   RO          920    i.DMA2_Stream3_IRQHandler  stm32f4xx_it.o
    0x08000d94   0x08000d94   0x0000000c   Code   RO          921    i.DMA2_Stream6_IRQHandler  stm32f4xx_it.o
    0x08000da0   0x08000da0   0x0000002c   Code   RO         1840    i.DMA_CalcBaseAndBitshift  stm32f4xx_hal_dma.o
    0x08000dcc   0x08000dcc   0x00000078   Code   RO         1841    i.DMA_CheckFifoParam  stm32f4xx_hal_dma.o
    0x08000e44   0x08000e44   0x00000002   Code   RO          922    i.DebugMon_Handler  stm32f4xx_it.o
    0x08000e46   0x08000e46   0x00000006   Code   RO          923    i.EXTI0_IRQHandler  stm32f4xx_it.o
    0x08000e4c   0x08000e4c   0x00000006   Code   RO          924    i.EXTI4_IRQHandler  stm32f4xx_it.o
    0x08000e52   0x08000e52   0x00000006   Code   RO          925    i.EXTI9_5_IRQHandler  stm32f4xx_it.o
    0x08000e58   0x08000e58   0x00000004   Code   RO           13    i.Error_Handler     main.o
    0x08000e5c   0x08000e5c   0x0000001c   Code   RO         6997    i.Float_to_Byte     can_task.o
    0x08000e78   0x08000e78   0x00000006   Code   RO         6998    i.Get_Motor_ID      can_task.o
    0x08000e7e   0x08000e7e   0x00000002   PAD
    0x08000e80   0x08000e80   0x0000015c   Code   RO         6171    i.Gimbal_Task       gimbal_task.o
    0x08000fdc   0x08000fdc   0x00000024   Code   RO         1103    i.HAL_CAN_ActivateNotification  stm32f4xx_hal_can.o
    0x08001000   0x08001000   0x000000e2   Code   RO         1104    i.HAL_CAN_AddTxMessage  stm32f4xx_hal_can.o
    0x080010e2   0x080010e2   0x00000002   PAD
    0x080010e4   0x080010e4   0x00000110   Code   RO         1105    i.HAL_CAN_ConfigFilter  stm32f4xx_hal_can.o
    0x080011f4   0x080011f4   0x00000002   Code   RO         1108    i.HAL_CAN_ErrorCallback  stm32f4xx_hal_can.o
    0x080011f6   0x080011f6   0x00000112   Code   RO         1111    i.HAL_CAN_GetRxMessage  stm32f4xx_hal_can.o
    0x08001308   0x08001308   0x000001fc   Code   RO         1115    i.HAL_CAN_IRQHandler  stm32f4xx_hal_can.o
    0x08001504   0x08001504   0x00000152   Code   RO         1116    i.HAL_CAN_Init      stm32f4xx_hal_can.o
    0x08001656   0x08001656   0x00000002   PAD
    0x08001658   0x08001658   0x00000100   Code   RO          631    i.HAL_CAN_MspInit   can.o
    0x08001758   0x08001758   0x00000002   Code   RO         1123    i.HAL_CAN_RxFifo0FullCallback  stm32f4xx_hal_can.o
    0x0800175a   0x0800175a   0x00000002   PAD
    0x0800175c   0x0800175c   0x0000016c   Code   RO         6999    i.HAL_CAN_RxFifo0MsgPendingCallback  can_task.o
    0x080018c8   0x080018c8   0x00000002   Code   RO         1125    i.HAL_CAN_RxFifo1FullCallback  stm32f4xx_hal_can.o
    0x080018ca   0x080018ca   0x00000002   Code   RO         1126    i.HAL_CAN_RxFifo1MsgPendingCallback  stm32f4xx_hal_can.o
    0x080018cc   0x080018cc   0x00000002   Code   RO         1127    i.HAL_CAN_SleepCallback  stm32f4xx_hal_can.o
    0x080018ce   0x080018ce   0x00000058   Code   RO         1128    i.HAL_CAN_Start     stm32f4xx_hal_can.o
    0x08001926   0x08001926   0x00000002   Code   RO         1130    i.HAL_CAN_TxMailbox0AbortCallback  stm32f4xx_hal_can.o
    0x08001928   0x08001928   0x00000002   Code   RO         1131    i.HAL_CAN_TxMailbox0CompleteCallback  stm32f4xx_hal_can.o
    0x0800192a   0x0800192a   0x00000002   Code   RO         1132    i.HAL_CAN_TxMailbox1AbortCallback  stm32f4xx_hal_can.o
    0x0800192c   0x0800192c   0x00000002   Code   RO         1133    i.HAL_CAN_TxMailbox1CompleteCallback  stm32f4xx_hal_can.o
    0x0800192e   0x0800192e   0x00000002   Code   RO         1134    i.HAL_CAN_TxMailbox2AbortCallback  stm32f4xx_hal_can.o
    0x08001930   0x08001930   0x00000002   Code   RO         1135    i.HAL_CAN_TxMailbox2CompleteCallback  stm32f4xx_hal_can.o
    0x08001932   0x08001932   0x00000002   Code   RO         1137    i.HAL_CAN_WakeUpFromRxMsgCallback  stm32f4xx_hal_can.o
    0x08001934   0x08001934   0x0000008e   Code   RO         1843    i.HAL_DMA_Abort     stm32f4xx_hal_dma.o
    0x080019c2   0x080019c2   0x00000024   Code   RO         1844    i.HAL_DMA_Abort_IT  stm32f4xx_hal_dma.o
    0x080019e6   0x080019e6   0x00000002   PAD
    0x080019e8   0x080019e8   0x000001d0   Code   RO         1848    i.HAL_DMA_IRQHandler  stm32f4xx_hal_dma.o
    0x08001bb8   0x08001bb8   0x000000d4   Code   RO         1849    i.HAL_DMA_Init      stm32f4xx_hal_dma.o
    0x08001c8c   0x08001c8c   0x00000024   Code   RO         2280    i.HAL_Delay         stm32f4xx_hal.o
    0x08001cb0   0x08001cb0   0x00000078   Code   RO         6263    i.HAL_GPIO_EXTI_Callback  ins_task.o
    0x08001d28   0x08001d28   0x00000018   Code   RO         1735    i.HAL_GPIO_EXTI_IRQHandler  stm32f4xx_hal_gpio.o
    0x08001d40   0x08001d40   0x000001d0   Code   RO         1736    i.HAL_GPIO_Init     stm32f4xx_hal_gpio.o
    0x08001f10   0x08001f10   0x0000000e   Code   RO         1740    i.HAL_GPIO_WritePin  stm32f4xx_hal_gpio.o
    0x08001f1e   0x08001f1e   0x00000002   PAD
    0x08001f20   0x08001f20   0x0000000c   Code   RO         2286    i.HAL_GetTick       stm32f4xx_hal.o
    0x08001f2c   0x08001f2c   0x00000010   Code   RO         2292    i.HAL_IncTick       stm32f4xx_hal.o
    0x08001f3c   0x08001f3c   0x00000034   Code   RO         2293    i.HAL_Init          stm32f4xx_hal.o
    0x08001f70   0x08001f70   0x00000098   Code   RO         1063    i.HAL_InitTick      stm32f4xx_hal_timebase_tim.o
    0x08002008   0x08002008   0x00000038   Code   RO         1039    i.HAL_MspInit       stm32f4xx_hal_msp.o
    0x08002040   0x08002040   0x0000001a   Code   RO         2128    i.HAL_NVIC_EnableIRQ  stm32f4xx_hal_cortex.o
    0x0800205a   0x0800205a   0x00000002   PAD
    0x0800205c   0x0800205c   0x00000040   Code   RO         2134    i.HAL_NVIC_SetPriority  stm32f4xx_hal_cortex.o
    0x0800209c   0x0800209c   0x00000024   Code   RO         2135    i.HAL_NVIC_SetPriorityGrouping  stm32f4xx_hal_cortex.o
    0x080020c0   0x080020c0   0x0000014c   Code   RO         1337    i.HAL_RCC_ClockConfig  stm32f4xx_hal_rcc.o
    0x0800220c   0x0800220c   0x0000003c   Code   RO         1341    i.HAL_RCC_GetClockConfig  stm32f4xx_hal_rcc.o
    0x08002248   0x08002248   0x0000000c   Code   RO         1342    i.HAL_RCC_GetHCLKFreq  stm32f4xx_hal_rcc.o
    0x08002254   0x08002254   0x00000020   Code   RO         1344    i.HAL_RCC_GetPCLK1Freq  stm32f4xx_hal_rcc.o
    0x08002274   0x08002274   0x00000020   Code   RO         1345    i.HAL_RCC_GetPCLK2Freq  stm32f4xx_hal_rcc.o
    0x08002294   0x08002294   0x0000006c   Code   RO         1346    i.HAL_RCC_GetSysClockFreq  stm32f4xx_hal_rcc.o
    0x08002300   0x08002300   0x000003c0   Code   RO         1349    i.HAL_RCC_OscConfig  stm32f4xx_hal_rcc.o
    0x080026c0   0x080026c0   0x000000be   Code   RO         2542    i.HAL_SPI_Init      stm32f4xx_hal_spi.o
    0x0800277e   0x0800277e   0x00000002   PAD
    0x08002780   0x08002780   0x00000110   Code   RO          707    i.HAL_SPI_MspInit   spi.o
    0x08002890   0x08002890   0x00000002   Code   RO         3570    i.HAL_TIMEx_BreakCallback  stm32f4xx_hal_tim_ex.o
    0x08002892   0x08002892   0x00000002   Code   RO         3571    i.HAL_TIMEx_CommutCallback  stm32f4xx_hal_tim_ex.o
    0x08002894   0x08002894   0x00000054   Code   RO         3573    i.HAL_TIMEx_ConfigBreakDeadTime  stm32f4xx_hal_tim_ex.o
    0x080028e8   0x080028e8   0x00000090   Code   RO         3589    i.HAL_TIMEx_MasterConfigSynchronization  stm32f4xx_hal_tim_ex.o
    0x08002978   0x08002978   0x0000004a   Code   RO         2855    i.HAL_TIM_Base_Init  stm32f4xx_hal_tim.o
    0x080029c2   0x080029c2   0x00000002   PAD
    0x080029c4   0x080029c4   0x00000048   Code   RO          749    i.HAL_TIM_Base_MspInit  tim.o
    0x08002a0c   0x08002a0c   0x00000080   Code   RO         2858    i.HAL_TIM_Base_Start  stm32f4xx_hal_tim.o
    0x08002a8c   0x08002a8c   0x0000008c   Code   RO         2860    i.HAL_TIM_Base_Start_IT  stm32f4xx_hal_tim.o
    0x08002b18   0x08002b18   0x000000e8   Code   RO         2864    i.HAL_TIM_ConfigClockSource  stm32f4xx_hal_tim.o
    0x08002c00   0x08002c00   0x00000002   Code   RO         2889    i.HAL_TIM_IC_CaptureCallback  stm32f4xx_hal_tim.o
    0x08002c02   0x08002c02   0x00000138   Code   RO         2903    i.HAL_TIM_IRQHandler  stm32f4xx_hal_tim.o
    0x08002d3a   0x08002d3a   0x00000002   PAD
    0x08002d3c   0x08002d3c   0x0000014c   Code   RO          750    i.HAL_TIM_MspPostInit  tim.o
    0x08002e88   0x08002e88   0x00000002   Code   RO         2906    i.HAL_TIM_OC_DelayElapsedCallback  stm32f4xx_hal_tim.o
    0x08002e8a   0x08002e8a   0x000000d8   Code   RO         2927    i.HAL_TIM_PWM_ConfigChannel  stm32f4xx_hal_tim.o
    0x08002f62   0x08002f62   0x0000004a   Code   RO         2930    i.HAL_TIM_PWM_Init  stm32f4xx_hal_tim.o
    0x08002fac   0x08002fac   0x00000064   Code   RO          752    i.HAL_TIM_PWM_MspInit  tim.o
    0x08003010   0x08003010   0x00000002   Code   RO         2933    i.HAL_TIM_PWM_PulseFinishedCallback  stm32f4xx_hal_tim.o
    0x08003012   0x08003012   0x00000002   PAD
    0x08003014   0x08003014   0x000000dc   Code   RO         2935    i.HAL_TIM_PWM_Start  stm32f4xx_hal_tim.o
    0x080030f0   0x080030f0   0x00000014   Code   RO           14    i.HAL_TIM_PeriodElapsedCallback  main.o
    0x08003104   0x08003104   0x00000002   Code   RO         2946    i.HAL_TIM_TriggerCallback  stm32f4xx_hal_tim.o
    0x08003106   0x08003106   0x00000002   Code   RO         3849    i.HAL_UARTEx_RxEventCallback  stm32f4xx_hal_uart.o
    0x08003108   0x08003108   0x00000002   Code   RO         3863    i.HAL_UART_ErrorCallback  stm32f4xx_hal_uart.o
    0x0800310a   0x0800310a   0x00000002   PAD
    0x0800310c   0x0800310c   0x00000230   Code   RO         3866    i.HAL_UART_IRQHandler  stm32f4xx_hal_uart.o
    0x0800333c   0x0800333c   0x00000066   Code   RO         3867    i.HAL_UART_Init     stm32f4xx_hal_uart.o
    0x080033a2   0x080033a2   0x00000002   PAD
    0x080033a4   0x080033a4   0x0000020c   Code   RO          833    i.HAL_UART_MspInit  usart.o
    0x080035b0   0x080035b0   0x00000002   Code   RO         3873    i.HAL_UART_RxCpltCallback  stm32f4xx_hal_uart.o
    0x080035b2   0x080035b2   0x000000ae   Code   RO         3875    i.HAL_UART_Transmit  stm32f4xx_hal_uart.o
    0x08003660   0x08003660   0x00000002   Code   RO         3878    i.HAL_UART_TxCpltCallback  stm32f4xx_hal_uart.o
    0x08003662   0x08003662   0x00000002   Code   RO          926    i.HardFault_Handler  stm32f4xx_it.o
    0x08003664   0x08003664   0x00000018   Code   RO         6379    i.LED_Task          led_task.o
    0x0800367c   0x0800367c   0x00000044   Code   RO          632    i.MX_CAN1_Init      can.o
    0x080036c0   0x080036c0   0x00000048   Code   RO          633    i.MX_CAN2_Init      can.o
    0x08003708   0x08003708   0x0000007c   Code   RO          679    i.MX_DMA_Init       dma.o
    0x08003784   0x08003784   0x00000080   Code   RO          390    i.MX_FREERTOS_Init  freertos.o
    0x08003804   0x08003804   0x00000150   Code   RO          260    i.MX_GPIO_Init      gpio.o
    0x08003954   0x08003954   0x00000048   Code   RO          708    i.MX_SPI1_Init      spi.o
    0x0800399c   0x0800399c   0x00000064   Code   RO          753    i.MX_TIM10_Init     tim.o
    0x08003a00   0x08003a00   0x000000c4   Code   RO          754    i.MX_TIM1_Init      tim.o
    0x08003ac4   0x08003ac4   0x00000070   Code   RO          755    i.MX_TIM4_Init      tim.o
    0x08003b34   0x08003b34   0x000000b8   Code   RO          756    i.MX_TIM5_Init      tim.o
    0x08003bec   0x08003bec   0x000000b4   Code   RO          757    i.MX_TIM8_Init      tim.o
    0x08003ca0   0x08003ca0   0x00000038   Code   RO          834    i.MX_USART1_UART_Init  usart.o
    0x08003cd8   0x08003cd8   0x00000040   Code   RO          835    i.MX_USART3_UART_Init  usart.o
    0x08003d18   0x08003d18   0x00000038   Code   RO          836    i.MX_USART6_UART_Init  usart.o
    0x08003d50   0x08003d50   0x00000002   Code   RO          927    i.MemManage_Handler  stm32f4xx_it.o
    0x08003d52   0x08003d52   0x00000002   Code   RO          928    i.NMI_Handler       stm32f4xx_it.o
    0x08003d54   0x08003d54   0x0000006c   Code   RO         8073    i.RC_Init           bsp_usart.o
    0x08003dc0   0x08003dc0   0x0000184c   Code   RO         8011    i.SPI1_DMA_enable   bsp_spi.o
    0x0800560c   0x0800560c   0x0000007c   Code   RO         7000    i.Set_Motor_Parameter  can_task.o
    0x08005688   0x08005688   0x00000008   Code   RO          392    i.StartDefaultTask  freertos.o
    0x08005690   0x08005690   0x0000002c   Code   RO         5588    i.SysTick_Handler   port.o
    0x080056bc   0x080056bc   0x00000094   Code   RO           15    i.SystemClock_Config  main.o
    0x08005750   0x08005750   0x00000010   Code   RO         4211    i.SystemInit        system_stm32f4xx.o
    0x08005760   0x08005760   0x0000000c   Code   RO          929    i.TIM3_IRQHandler   stm32f4xx_it.o
    0x0800576c   0x0800576c   0x000000dc   Code   RO         2948    i.TIM_Base_SetConfig  stm32f4xx_hal_tim.o
    0x08005848   0x08005848   0x0000001a   Code   RO         2949    i.TIM_CCxChannelCmd  stm32f4xx_hal_tim.o
    0x08005862   0x08005862   0x00000014   Code   RO         2959    i.TIM_ETR_SetConfig  stm32f4xx_hal_tim.o
    0x08005876   0x08005876   0x00000010   Code   RO         2960    i.TIM_ITRx_SetConfig  stm32f4xx_hal_tim.o
    0x08005886   0x08005886   0x00000002   PAD
    0x08005888   0x08005888   0x00000068   Code   RO         2961    i.TIM_OC1_SetConfig  stm32f4xx_hal_tim.o
    0x080058f0   0x080058f0   0x00000074   Code   RO         2962    i.TIM_OC2_SetConfig  stm32f4xx_hal_tim.o
    0x08005964   0x08005964   0x00000070   Code   RO         2963    i.TIM_OC3_SetConfig  stm32f4xx_hal_tim.o
    0x080059d4   0x080059d4   0x00000054   Code   RO         2964    i.TIM_OC4_SetConfig  stm32f4xx_hal_tim.o
    0x08005a28   0x08005a28   0x00000022   Code   RO         2966    i.TIM_TI1_ConfigInputStage  stm32f4xx_hal_tim.o
    0x08005a4a   0x08005a4a   0x00000024   Code   RO         2968    i.TIM_TI2_ConfigInputStage  stm32f4xx_hal_tim.o
    0x08005a6e   0x08005a6e   0x00000010   Code   RO         3880    i.UART_DMAAbortOnError  stm32f4xx_hal_uart.o
    0x08005a7e   0x08005a7e   0x0000004e   Code   RO         3890    i.UART_EndRxTransfer  stm32f4xx_hal_uart.o
    0x08005acc   0x08005acc   0x0000001a   Code   RO         3891    i.UART_EndTransmit_IT  stm32f4xx_hal_uart.o
    0x08005ae6   0x08005ae6   0x000000c8   Code   RO         3893    i.UART_Receive_IT   stm32f4xx_hal_uart.o
    0x08005bae   0x08005bae   0x00000002   PAD
    0x08005bb0   0x08005bb0   0x00000114   Code   RO         3894    i.UART_SetConfig    stm32f4xx_hal_uart.o
    0x08005cc4   0x08005cc4   0x0000005e   Code   RO         3897    i.UART_Transmit_IT  stm32f4xx_hal_uart.o
    0x08005d22   0x08005d22   0x00000074   Code   RO         3898    i.UART_WaitOnFlagUntilTimeout  stm32f4xx_hal_uart.o
    0x08005d96   0x08005d96   0x00000002   PAD
    0x08005d98   0x08005d98   0x0000000c   Code   RO          930    i.USART1_IRQHandler  stm32f4xx_it.o
    0x08005da4   0x08005da4   0x000000c4   Code   RO         7625    i.USART3_IRQHandler  remote_control.o
    0x08005e68   0x08005e68   0x000000b4   Code   RO         6471    i.USART6_IRQHandler  referee_task.o
    0x08005f1c   0x08005f1c   0x00000002   Code   RO          931    i.UsageFault_Handler  stm32f4xx_it.o
    0x08005f1e   0x08005f1e   0x00000030   Code   RO         8544    i.__ARM_fpclassify  m_wm.l(fpclassify.o)
    0x08005f4e   0x08005f4e   0x00000020   Code   RO         2141    i.__NVIC_SetPriority  stm32f4xx_hal_cortex.o
    0x08005f6e   0x08005f6e   0x00000002   PAD
    0x08005f70   0x08005f70   0x000000c8   Code   RO         8268    i.__hardfp_cos      m_wm.l(cos.o)
    0x08006038   0x08006038   0x00000014   Code   RO         8292    i.__hardfp_fabs     m_wm.l(fabs.o)
    0x0800604c   0x0800604c   0x00000004   PAD
    0x08006050   0x08006050   0x000000c8   Code   RO         8298    i.__hardfp_sin      m_wm.l(sin.o)
    0x08006118   0x08006118   0x0000007a   Code   RO         8322    i.__hardfp_sqrt     m_wm.l(sqrt.o)
    0x08006192   0x08006192   0x00000006   PAD
    0x08006198   0x08006198   0x00000438   Code   RO         8482    i.__ieee754_rem_pio2  m_wm.l(rred.o)
    0x080065d0   0x080065d0   0x00000170   Code   RO         8446    i.__kernel_cos      m_wm.l(cos_i.o)
    0x08006740   0x08006740   0x000000f8   Code   RO         8479    i.__kernel_poly     m_wm.l(poly.o)
    0x08006838   0x08006838   0x00000130   Code   RO         8490    i.__kernel_sin      m_wm.l(sin_i.o)
    0x08006968   0x08006968   0x00000014   Code   RO         8450    i.__mathlib_dbl_infnan  m_wm.l(dunder.o)
    0x0800697c   0x0800697c   0x00000004   PAD
    0x08006980   0x08006980   0x00000020   Code   RO         8452    i.__mathlib_dbl_invalid  m_wm.l(dunder.o)
    0x080069a0   0x080069a0   0x00000020   Code   RO         8455    i.__mathlib_dbl_underflow  m_wm.l(dunder.o)
    0x080069c0   0x080069c0   0x00000002   Code   RO          838    i._sys_exit         usart.o
    0x080069c2   0x080069c2   0x00000002   PAD
    0x080069c4   0x080069c4   0x00000058   Code   RO         7980    i.can_filter_init   bsp_can.o
    0x08006a1c   0x08006a1c   0x00000018   Code   RO         8294    i.fabs              m_wm.l(fabs.o)
    0x08006a34   0x08006a34   0x00000084   Code   RO         7304    i.fifo_s_puts       fifo.o
    0x08006ab8   0x08006ab8   0x00000028   Code   RO         7835    i.float_to_uint     math_lib.o
    0x08006ae0   0x08006ae0   0x0000004a   Code   RO         7001    i.float_to_uint_mi  can_task.o
    0x08006b2a   0x08006b2a   0x00000002   PAD
    0x08006b2c   0x08006b2c   0x00000010   Code   RO         5668    i.fn_BuzzerClose    buzzer_task.o
    0x08006b3c   0x08006b3c   0x0000002c   Code   RO         5669    i.fn_BuzzerPrompt   buzzer_task.o
    0x08006b68   0x08006b68   0x000000bc   Code   RO         5845    i.fn_ChassisInit    chassis_task.o
    0x08006c24   0x08006c24   0x000000e4   Code   RO         5846    i.fn_ChassisMode    chassis_task.o
    0x08006d08   0x08006d08   0x00000070   Code   RO         7002    i.fn_ChassisMotor3508Data  can_task.o
    0x08006d78   0x08006d78   0x000000c0   Code   RO         5847    i.fn_ChassisMotorInit  chassis_task.o
    0x08006e38   0x08006e38   0x00000ca8   Code   RO         5848    i.fn_ChassisMove    chassis_task.o
    0x08007ae0   0x08007ae0   0x00000048   Code   RO         7004    i.fn_DM_start_motor  can_task.o
    0x08007b28   0x08007b28   0x00000024   Code   RO         7836    i.fn_Fp32Limit      math_lib.o
    0x08007b4c   0x08007b4c   0x00000184   Code   RO         6172    i.fn_GimbalInit     gimbal_task.o
    0x08007cd0   0x08007cd0   0x00000088   Code   RO         6173    i.fn_GimbalMode     gimbal_task.o
    0x08007d58   0x08007d58   0x000000e0   Code   RO         7005    i.fn_GimbalMotor2006data  can_task.o
    0x08007e38   0x08007e38   0x00000050   Code   RO         7006    i.fn_GimbalMotor3508Data  can_task.o
    0x08007e88   0x08007e88   0x0000012c   Code   RO         6174    i.fn_GimbalMotorInit  gimbal_task.o
    0x08007fb4   0x08007fb4   0x00000050   Code   RO         7007    i.fn_GimbalMotorMidata  can_task.o
    0x08008004   0x08008004   0x00000728   Code   RO         6175    i.fn_GimbalMove     gimbal_task.o
    0x0800872c   0x0800872c   0x0000009c   Code   RO         7935    i.fn_Iclear_PidClac  pid.o
    0x080087c8   0x080087c8   0x000000c0   Code   RO         7936    i.fn_Iclear_PidClacAngle  pid.o
    0x08008888   0x08008888   0x00000044   Code   RO         6380    i.fn_LedBlue        led_task.o
    0x080088cc   0x080088cc   0x00000044   Code   RO         6381    i.fn_LedGreen       led_task.o
    0x08008910   0x08008910   0x00000024   Code   RO         6382    i.fn_LedInit        led_task.o
    0x08008934   0x08008934   0x00000044   Code   RO         6383    i.fn_LedRed         led_task.o
    0x08008978   0x08008978   0x00000038   Code   RO         6176    i.fn_MotorMode      gimbal_task.o
    0x080089b0   0x080089b0   0x00000086   Code   RO         7937    i.fn_PidClac        pid.o
    0x08008a36   0x08008a36   0x00000002   PAD
    0x08008a38   0x08008a38   0x000000a8   Code   RO         7938    i.fn_PidClacAngle   pid.o
    0x08008ae0   0x08008ae0   0x00000058   Code   RO         7939    i.fn_PidInit        pid.o
    0x08008b38   0x08008b38   0x00000044   Code   RO         7839    i.fn_RadFormat      math_lib.o
    0x08008b7c   0x08008b7c   0x000000d0   Code   RO         7668    i.fn_ShootMode      shoot_task.o
    0x08008c4c   0x08008c4c   0x0000011c   Code   RO         7669    i.fn_ShootMotorInit  shoot_task.o
    0x08008d68   0x08008d68   0x000004a2   Code   RO         7670    i.fn_ShootMove      shoot_task.o
    0x0800920a   0x0800920a   0x00000002   PAD
    0x0800920c   0x0800920c   0x00000100   Code   RO         7008    i.fn_TriggerMotor3508Data  can_task.o
    0x0800930c   0x0800930c   0x00000104   Code   RO         7842    i.fn_WheelSpeedW1   math_lib.o
    0x08009410   0x08009410   0x00000108   Code   RO         7843    i.fn_WheelSpeedW2   math_lib.o
    0x08009518   0x08009518   0x00000108   Code   RO         7844    i.fn_WheelSpeedW3   math_lib.o
    0x08009620   0x08009620   0x00000104   Code   RO         7845    i.fn_WheelSpeedW4   math_lib.o
    0x08009724   0x08009724   0x000001b8   Code   RO         7552    i.fn_chassis_power_control  power_control.o
    0x080098dc   0x080098dc   0x0000016c   Code   RO         7553    i.fn_chassis_speed_autoset  power_control.o
    0x08009a48   0x08009a48   0x00000020   Code   RO         7554    i.fn_chassis_speed_reset_speed  power_control.o
    0x08009a68   0x08009a68   0x00000020   Code   RO         7555    i.fn_chassis_speed_reset_w  power_control.o
    0x08009a88   0x08009a88   0x00000050   Code   RO         7009    i.fn_cmd_CAN1GimbalMotor1  can_task.o
    0x08009ad8   0x08009ad8   0x00000050   Code   RO         7011    i.fn_cmd_CAN2ChassisMotor  can_task.o
    0x08009b28   0x08009b28   0x00000058   Code   RO         7012    i.fn_cmd_CAN2TriggerMotor  can_task.o
    0x08009b80   0x08009b80   0x00000098   Code   RO         7013    i.fn_cmd_quat_to_computer  can_task.o
    0x08009c18   0x08009c18   0x00000050   Code   RO         7014    i.fn_cmd_shoot_data_to_computer  can_task.o
    0x08009c68   0x08009c68   0x0000006c   Code   RO         7015    i.fn_cmd_supercap   can_task.o
    0x08009cd4   0x08009cd4   0x000000e4   Code   RO         7016    i.fn_ctrl_DM_motor  can_task.o
    0x08009db8   0x08009db8   0x000000b8   Code   RO         7671    i.fn_fric_state     shoot_task.o
    0x08009e70   0x08009e70   0x00000098   Code   RO         7556    i.fn_level_power_limit  power_control.o
    0x08009f08   0x08009f08   0x0000001a   Code   RO         7814    i.fn_low_filter     filter.o
    0x08009f22   0x08009f22   0x00000002   PAD
    0x08009f24   0x08009f24   0x0000001c   Code   RO         7753    i.fn_ocular_servo_init  servo_task.o
    0x08009f40   0x08009f40   0x0000001c   Code   RO         7846    i.fn_scope_judgment  math_lib.o
    0x08009f5c   0x08009f5c   0x00000030   Code   RO         8045    i.fn_servo_pwm_set  bsp_tim.o
    0x08009f8c   0x08009f8c   0x00000080   Code   RO         7755    i.fn_setmode_secondpitch  servo_task.o
    0x0800a00c   0x0800a00c   0x0000001c   Code   RO         7756    i.fn_setpwm_ocular  servo_task.o
    0x0800a028   0x0800a028   0x00000098   Code   RO         7757    i.fn_setpwm_secondpitch  servo_task.o
    0x0800a0c0   0x0800a0c0   0x00000060   Code   RO         7672    i.fn_shoot_init     shoot_task.o
    0x0800a120   0x0800a120   0x000000c0   Code   RO         7673    i.fn_shoot_motor3508_init  shoot_task.o
    0x0800a1e0   0x0800a1e0   0x0000004c   Code   RO         7017    i.get_autoaim_measure  can_task.o
    0x0800a22c   0x0800a22c   0x00000064   Code   RO         7018    i.get_cap_data      can_task.o
    0x0800a290   0x0800a290   0x00000098   Code   RO         7019    i.get_dm_motor_data  can_task.o
    0x0800a328   0x0800a328   0x0000007c   Code   RO         7020    i.get_mi_motor_data  can_task.o
    0x0800a3a4   0x0800a3a4   0x00000028   Code   RO         7021    i.get_motor_measure  can_task.o
    0x0800a3cc   0x0800a3cc   0x00000010   Code   RO         6474    i.get_shoot_speed   referee_task.o
    0x0800a3dc   0x0800a3dc   0x00000124   Code   RO         6268    i.imu_cmd_spi_dma   ins_task.o
    0x0800a500   0x0800a500   0x0000002c   Code   RO         7022    i.init_cybergear    can_task.o
    0x0800a52c   0x0800a52c   0x000000c8   Code   RO           16    i.main              main.o
    0x0800a5f4   0x0800a5f4   0x0000000c   Code   RO         5138    i.makeFreeRtosPriority  cmsis_os.o
    0x0800a600   0x0800a600   0x00000120   Code   RO         7023    i.motor_mi_controlmode  can_task.o
    0x0800a720   0x0800a720   0x00000010   Code   RO         5140    i.osDelay           cmsis_os.o
    0x0800a730   0x0800a730   0x0000000a   Code   RO         5143    i.osKernelStart     cmsis_os.o
    0x0800a73a   0x0800a73a   0x00000058   Code   RO         5177    i.osThreadCreate    cmsis_os.o
    0x0800a792   0x0800a792   0x00000002   PAD
    0x0800a794   0x0800a794   0x00000044   Code   RO         7491    i.plot4             plot.o
    0x0800a7d8   0x0800a7d8   0x00000078   Code   RO         4767    i.prvAddCurrentTaskToDelayedList  tasks.o
    0x0800a850   0x0800a850   0x00000088   Code   RO         4768    i.prvAddNewTaskToReadyList  tasks.o
    0x0800a8d8   0x0800a8d8   0x0000003c   Code   RO         4769    i.prvCheckTasksWaitingTermination  tasks.o
    0x0800a914   0x0800a914   0x00000040   Code   RO         4770    i.prvDeleteTCB      tasks.o
    0x0800a954   0x0800a954   0x0000004c   Code   RO         5520    i.prvHeapInit       heap_4.o
    0x0800a9a0   0x0800a9a0   0x00000028   Code   RO         4771    i.prvIdleTask       tasks.o
    0x0800a9c8   0x0800a9c8   0x000000ac   Code   RO         4772    i.prvInitialiseNewTask  tasks.o
    0x0800aa74   0x0800aa74   0x00000058   Code   RO         4773    i.prvInitialiseTaskLists  tasks.o
    0x0800aacc   0x0800aacc   0x00000054   Code   RO         5521    i.prvInsertBlockIntoFreeList  heap_4.o
    0x0800ab20   0x0800ab20   0x00000024   Code   RO         4774    i.prvResetNextTaskUnblockTime  tasks.o
    0x0800ab44   0x0800ab44   0x0000002c   Code   RO         5589    i.prvTaskExitError  port.o
    0x0800ab70   0x0800ab70   0x000000dc   Code   RO         5522    i.pvPortMalloc      heap_4.o
    0x0800ac4c   0x0800ac4c   0x00000024   Code   RO         5590    i.pxPortInitialiseStack  port.o
    0x0800ac70   0x0800ac70   0x00000010   Code   RO         7626    i.remote_control_init  remote_control.o
    0x0800ac80   0x0800ac80   0x000000d8   Code   RO         7627    i.sbus_to_rc        remote_control.o
    0x0800ad58   0x0800ad58   0x00000012   Code   RO         7024    i.set_mode_cybergear  can_task.o
    0x0800ad6a   0x0800ad6a   0x00000002   PAD
    0x0800ad6c   0x0800ad6c   0x00000028   Code   RO         7025    i.start_cybergear   can_task.o
    0x0800ad94   0x0800ad94   0x0000003c   Code   RO         5671    i.tim1              buzzer_task.o
    0x0800add0   0x0800add0   0x0000003c   Code   RO         5672    i.tim2              buzzer_task.o
    0x0800ae0c   0x0800ae0c   0x0000003c   Code   RO         5673    i.tim3              buzzer_task.o
    0x0800ae48   0x0800ae48   0x00000028   Code   RO         7026    i.uint16_to_float   can_task.o
    0x0800ae70   0x0800ae70   0x00000028   Code   RO         7847    i.uint_to_float     math_lib.o
    0x0800ae98   0x0800ae98   0x00000026   Code   RO         4380    i.uxListRemove      list.o
    0x0800aebe   0x0800aebe   0x00000002   PAD
    0x0800aec0   0x0800aec0   0x00000014   Code   RO          395    i.vApplicationGetIdleTaskMemory  freertos.o
    0x0800aed4   0x0800aed4   0x00000016   Code   RO         4381    i.vListInitialise   list.o
    0x0800aeea   0x0800aeea   0x00000006   Code   RO         4382    i.vListInitialiseItem  list.o
    0x0800aef0   0x0800aef0   0x00000030   Code   RO         4383    i.vListInsert       list.o
    0x0800af20   0x0800af20   0x00000018   Code   RO         4384    i.vListInsertEnd    list.o
    0x0800af38   0x0800af38   0x00000040   Code   RO         5592    i.vPortEnterCritical  port.o
    0x0800af78   0x0800af78   0x0000002c   Code   RO         5593    i.vPortExitCritical  port.o
    0x0800afa4   0x0800afa4   0x00000064   Code   RO         5523    i.vPortFree         heap_4.o
    0x0800b008   0x0800b008   0x00000024   Code   RO         5594    i.vPortSetupTimerInterrupt  port.o
    0x0800b02c   0x0800b02c   0x00000054   Code   RO         5595    i.vPortValidateInterruptPriority  port.o
    0x0800b080   0x0800b080   0x00000050   Code   RO         4787    i.vTaskDelay        tasks.o
    0x0800b0d0   0x0800b0d0   0x000000bc   Code   RO         4792    i.vTaskNotifyGiveFromISR  tasks.o
    0x0800b18c   0x0800b18c   0x00000088   Code   RO         4800    i.vTaskStartScheduler  tasks.o
    0x0800b214   0x0800b214   0x00000010   Code   RO         4802    i.vTaskSuspendAll   tasks.o
    0x0800b224   0x0800b224   0x00000060   Code   RO         4803    i.vTaskSwitchContext  tasks.o
    0x0800b284   0x0800b284   0x000000f4   Code   RO         5596    i.xPortStartScheduler  port.o
    0x0800b378   0x0800b378   0x00000064   Code   RO         4807    i.xTaskCreate       tasks.o
    0x0800b3dc   0x0800b3dc   0x0000005c   Code   RO         4808    i.xTaskCreateStatic  tasks.o
    0x0800b438   0x0800b438   0x0000001c   Code   RO         4813    i.xTaskGetSchedulerState  tasks.o
    0x0800b454   0x0800b454   0x000000d0   Code   RO         4816    i.xTaskIncrementTick  tasks.o
    0x0800b524   0x0800b524   0x000000cc   Code   RO         4822    i.xTaskResumeAll    tasks.o
    0x0800b5f0   0x0800b5f0   0x00000018   Code   RO         8198    x$fpl$basic         fz_wm.l(basic.o)
    0x0800b608   0x0800b608   0x00000062   Code   RO         8200    x$fpl$d2f           fz_wm.l(d2f.o)
    0x0800b66a   0x0800b66a   0x00000002   PAD
    0x0800b66c   0x0800b66c   0x00000150   Code   RO         8202    x$fpl$dadd          fz_wm.l(daddsub_clz.o)
    0x0800b7bc   0x0800b7bc   0x00000018   Code   RO         8417    x$fpl$dcmpinf       fz_wm.l(dcmpi.o)
    0x0800b7d4   0x0800b7d4   0x000002b0   Code   RO         8209    x$fpl$ddiv          fz_wm.l(ddiv.o)
    0x0800ba84   0x0800ba84   0x0000005e   Code   RO         8538    x$fpl$dfix          fz_wm.l(dfix.o)
    0x0800bae2   0x0800bae2   0x00000002   PAD
    0x0800bae4   0x0800bae4   0x0000005a   Code   RO         8212    x$fpl$dfixu         fz_wm.l(dfixu.o)
    0x0800bb3e   0x0800bb3e   0x0000002e   Code   RO         8217    x$fpl$dflt          fz_wm.l(dflt_clz.o)
    0x0800bb6c   0x0800bb6c   0x00000026   Code   RO         8216    x$fpl$dfltu         fz_wm.l(dflt_clz.o)
    0x0800bb92   0x0800bb92   0x00000002   PAD
    0x0800bb94   0x0800bb94   0x00000078   Code   RO         8222    x$fpl$dleqf         fz_wm.l(dleqf.o)
    0x0800bc0c   0x0800bc0c   0x00000154   Code   RO         8224    x$fpl$dmul          fz_wm.l(dmul.o)
    0x0800bd60   0x0800bd60   0x0000009c   Code   RO         8421    x$fpl$dnaninf       fz_wm.l(dnaninf.o)
    0x0800bdfc   0x0800bdfc   0x0000000c   Code   RO         8423    x$fpl$dretinf       fz_wm.l(dretinf.o)
    0x0800be08   0x0800be08   0x0000006c   Code   RO         8226    x$fpl$drleqf        fz_wm.l(drleqf.o)
    0x0800be74   0x0800be74   0x00000016   Code   RO         8203    x$fpl$drsb          fz_wm.l(daddsub_clz.o)
    0x0800be8a   0x0800be8a   0x00000002   PAD
    0x0800be8c   0x0800be8c   0x00000198   Code   RO         8425    x$fpl$dsqrt         fz_wm.l(dsqrt_umaal.o)
    0x0800c024   0x0800c024   0x000001d4   Code   RO         8204    x$fpl$dsub          fz_wm.l(daddsub_clz.o)
    0x0800c1f8   0x0800c1f8   0x00000056   Code   RO         8228    x$fpl$f2d           fz_wm.l(f2d.o)
    0x0800c24e   0x0800c24e   0x0000008c   Code   RO         8427    x$fpl$fnaninf       fz_wm.l(fnaninf.o)
    0x0800c2da   0x0800c2da   0x0000000a   Code   RO         8542    x$fpl$fpinit        fz_wm.l(fpinit.o)
    0x0800c2e4   0x0800c2e4   0x0000000a   Code   RO         8429    x$fpl$fretinf       fz_wm.l(fretinf.o)
    0x0800c2ee   0x0800c2ee   0x00000000   Code   RO         8431    x$fpl$usenofp       fz_wm.l(usenofp.o)
    0x0800c2ee   0x0800c2ee   0x00000002   PAD
    0x0800c2f0   0x0800c2f0   0x0000008c   Data   RO          397    .constdata          freertos.o
    0x0800c37c   0x0800c37c   0x00000008   Data   RO         1855    .constdata          stm32f4xx_hal_dma.o
    0x0800c384   0x0800c384   0x00000010   Data   RO         4212    .constdata          system_stm32f4xx.o
    0x0800c394   0x0800c394   0x00000008   Data   RO         4213    .constdata          system_stm32f4xx.o
    0x0800c39c   0x0800c39c   0x0000003c   Data   RO         5850    .constdata          chassis_task.o
    0x0800c3d8   0x0800c3d8   0x00000090   Data   RO         6179    .constdata          gimbal_task.o
    0x0800c468   0x0800c468   0x00000048   Data   RO         7675    .constdata          shoot_task.o
    0x0800c4b0   0x0800c4b0   0x00000030   Data   RO         8447    .constdata          m_wm.l(cos_i.o)
    0x0800c4e0   0x0800c4e0   0x000000c8   Data   RO         8484    .constdata          m_wm.l(rred.o)
    0x0800c5a8   0x0800c5a8   0x00000028   Data   RO         8491    .constdata          m_wm.l(sin_i.o)
    0x0800c5d0   0x0800c5d0   0x0000003d   Data   RO          398    .conststring        freertos.o
    0x0800c60d   0x0800c60d   0x00000003   PAD
    0x0800c610   0x0800c610   0x00000020   Data   RO         8628    Region$$Table       anon$$obj.o


    Execution Region RW_IRAM1 (Exec base: 0x20000000, Load base: 0x0800c630, Size: 0x00007fb8, Max: 0x0001c000, ABSOLUTE, COMPRESSED[0x00000038])

    Exec Addr    Load Addr    Size         Type   Attr      Idx    E Section Name        Object

    0x20000000   COMPRESSED   0x00000014   Data   RW          399    .data               freertos.o
    0x20000014   COMPRESSED   0x00000004   Data   RW          635    .data               can.o
    0x20000018   COMPRESSED   0x0000000c   Data   RW         2300    .data               stm32f4xx_hal.o
    0x20000024   COMPRESSED   0x00000004   Data   RW         4214    .data               system_stm32f4xx.o
    0x20000028   COMPRESSED   0x0000003c   Data   RW         4825    .data               tasks.o
    0x20000064   COMPRESSED   0x00000020   Data   RW         5529    .data               heap_4.o
    0x20000084   COMPRESSED   0x0000000c   Data   RW         5597    .data               port.o
    0x20000090   COMPRESSED   0x00000004   Data   RW         5679    .data               buzzer_task.o
    0x20000094   COMPRESSED   0x00000020   Data   RW         5770    .data               calibrate_task.o
    0x200000b4   COMPRESSED   0x00000018   Data   RW         5851    .data               chassis_task.o
    0x200000cc   COMPRESSED   0x0000000e   Data   RW         6113    .data               detect_task.o
    0x200000da   COMPRESSED   0x00000018   Data   RW         6180    .data               gimbal_task.o
    0x200000f2   COMPRESSED   0x00000002   PAD
    0x200000f4   COMPRESSED   0x00000054   Data   RW         6272    .data               ins_task.o
    0x20000148   COMPRESSED   0x00000006   Data   RW         6384    .data               led_task.o
    0x2000014e   COMPRESSED   0x00000002   PAD
    0x20000150   COMPRESSED   0x00000057   Data   RW         6509    .data               referee_task.o
    0x200001a7   COMPRESSED   0x00000001   PAD
    0x200001a8   COMPRESSED   0x0000000a   Data   RW         6691    .data               supercap_task.o
    0x200001b2   COMPRESSED   0x00000002   PAD
    0x200001b4   COMPRESSED   0x0000000c   Data   RW         7029    .data               can_task.o
    0x200001c0   COMPRESSED   0x00000018   Data   RW         7557    .data               power_control.o
    0x200001d8   COMPRESSED   0x00000004   Data   RW         7558    .data               power_control.o
    0x200001dc   COMPRESSED   0x00000004   Data   RW         7559    .data               power_control.o
    0x200001e0   COMPRESSED   0x00000004   Data   RW         7560    .data               power_control.o
    0x200001e4   COMPRESSED   0x00000004   Data   RW         7561    .data               power_control.o
    0x200001e8   COMPRESSED   0x00000004   Data   RW         7562    .data               power_control.o
    0x200001ec   COMPRESSED   0x00000004   Data   RW         7563    .data               power_control.o
    0x200001f0   COMPRESSED   0x00000004   Data   RW         7564    .data               power_control.o
    0x200001f4   COMPRESSED   0x00000004   Data   RW         7629    .data               remote_control.o
    0x200001f8   COMPRESSED   0x00000010   Data   RW         7677    .data               shoot_task.o
    0x20000208   COMPRESSED   0x00000004   Data   RW         7759    .data               servo_task.o
    0x2000020c        -       0x00000254   Zero   RW          396    .bss                freertos.o
    0x20000460        -       0x00000050   Zero   RW          634    .bss                can.o
    0x200004b0        -       0x00000118   Zero   RW          709    .bss                spi.o
    0x200005c8        -       0x00000168   Zero   RW          758    .bss                tim.o
    0x20000730        -       0x000001f8   Zero   RW          841    .bss                usart.o
    0x20000928        -       0x00000048   Zero   RW         1066    .bss                stm32f4xx_hal_timebase_tim.o
    0x20000970        -       0x000000f0   Zero   RW         4824    .bss                tasks.o
    0x20000a60        -       0x000050b4   Zero   RW         5528    .bss                heap_4.o
    0x20005b14        -       0x00000074   Zero   RW         5849    .bss                chassis_task.o
    0x20005b88        -       0x00000224   Zero   RW         6178    .bss                gimbal_task.o
    0x20005dac        -       0x000000bc   Zero   RW         6271    .bss                ins_task.o
    0x20005e68        -       0x00000bad   Zero   RW         6498    .bss                referee_task.o
    0x20006a15   COMPRESSED   0x00000003   PAD
    0x20006a18        -       0x00000ea0   Zero   RW         7027    .bss                can_task.o
    0x200078b8        -       0x0000002b   Zero   RW         7494    .bss                plot.o
    0x200078e3   COMPRESSED   0x00000001   PAD
    0x200078e4        -       0x00000016   Zero   RW         7628    .bss                remote_control.o
    0x200078fa   COMPRESSED   0x00000002   PAD
    0x200078fc        -       0x0000001c   Zero   RW         7674    .bss                shoot_task.o
    0x20007918        -       0x0000001a   Zero   RW         7758    .bss                servo_task.o
    0x20007932        -       0x00000024   Zero   RW         8076    .bss                bsp_usart.o
    0x20007956   COMPRESSED   0x00000002   PAD
    0x20007958        -       0x00000060   Zero   RW         8497    .bss                c_w.l(libspace.o)
    0x200079b8        -       0x00000200   Zero   RW            2    HEAP                startup_stm32f407xx.o
    0x20007bb8        -       0x00000400   Zero   RW            1    STACK               startup_stm32f407xx.o


    Execution Region RW_IRAM2 (Exec base: 0x2001c000, Load base: 0x0800c668, Size: 0x00000000, Max: 0x00004000, ABSOLUTE)

    **** No section assigned to this execution region ****


==============================================================================

Image component sizes


      Code (inc. data)   RO Data    RW Data    ZI Data      Debug   Object Name

         0          0          0          0          0        432   bmi088driver.o
        88          8          0          0          0        574   bsp_can.o
      6220         60          0          0          0       4666   bsp_spi.o
        48          8          0          0          0        595   bsp_tim.o
       108         14          0          0         36       1225   bsp_usart.o
       400         64          0          4          0       4175   buzzer_task.o
         0          0          0         32          0        533   calibrate_task.o
       396         44          0          4         80       2570   can.o
      3158        308          0         12       3744      26135   can_task.o
      4220        444         60         24        116      12070   chassis_task.o
       126          0          0          0          0      25451   cmsis_os.o
         0          0          0          0          0       7436   croutine.o
         0          0          0         14          0       2102   detect_task.o
       124          4          0          0          0        862   dma.o
         0          0          0          0          0      19132   event_groups.o
       132          0          0          0          0       7826   fifo.o
        26          0          0          0          0       1328   filter.o
       156         14        201         20        596      31930   freertos.o
      3060        290        144         24        548       8675   gimbal_task.o
       336         22          0          0          0     704731   gpio.o
       480         28          0         32      20660       7611   heap_4.o
      1640         68          0         84        188      13781   ins_task.o
       264         34          0          6          0       2844   led_task.o
       138          0          0          0          0       3630   list.o
       372         36          0          0          0     699944   main.o
      1260         46          0          0          0       7286   math_lib.o
       738         32          0          0          0       4517   pid.o
        68         10          0          0         43       1197   plot.o
       786         84          0         12          0      12073   port.o
      1020         90          0         52          0      10670   power_control.o
       196         26          0         87       2989      16429   referee_task.o
       428         44          0          4         22       5928   remote_control.o
       336         42          0          4         26       3510   servo_task.o
      2150        214         72         16         28       8512   shoot_task.o
       344         32          0          0        280       1967   spi.o
        64         26        392          0       1536        852   startup_stm32f407xx.o
       116         18          0         12          0       8790   stm32f4xx_hal.o
      1766          6          0          0          0      14883   stm32f4xx_hal_can.o
       158         14          0          0          0      33162   stm32f4xx_hal_cortex.o
      1018         14          8          0          0       5899   stm32f4xx_hal_dma.o
       502         50          0          0          0       2975   stm32f4xx_hal_gpio.o
        56          4          0          0          0        882   stm32f4xx_hal_msp.o
      1536         88          0          0          0       7073   stm32f4xx_hal_rcc.o
       190          0          0          0          0       1247   stm32f4xx_hal_spi.o
      2172        170          0          0          0      17495   stm32f4xx_hal_tim.o
       232         30          0          0          0       3453   stm32f4xx_hal_tim_ex.o
       152         20          0          0         72       1587   stm32f4xx_hal_timebase_tim.o
      1650         14          0          0          0      11928   stm32f4xx_hal_uart.o
       126         48          0          0          0       8158   stm32f4xx_it.o
         0          0          0          0          0        392   stream_buffer.o
         0          0          0         10          0       2029   supercap_task.o
        16          4         24          4          0       1163   system_stm32f4xx.o
      1864        134          0         60        240      23067   tasks.o
      1276        122          0          0        360       6352   tim.o
         0          0          0          0          0       2500   timers.o
       702         74          0          0        504       5373   usart.o

    ----------------------------------------------------------------------
     42468       2902        936        524      32076    1821607   Object Totals
         0          0         32          0          0          0   (incl. Generated)
        54          0          3          7          8          0   (incl. Padding)

    ----------------------------------------------------------------------

      Code (inc. data)   RO Data    RW Data    ZI Data      Debug   Library Member Name

        90          0          0          0          0          0   __dczerorl2.o
         8          0          0          0          0         68   __main.o
         0          0          0          0          0          0   __rtentry.o
        12          0          0          0          0          0   __rtentry2.o
         6          0          0          0          0          0   __rtentry4.o
        52          8          0          0          0          0   __scatter.o
        28          0          0          0          0          0   __scatter_zi.o
        22          0          0          0          0        100   _rserrno.o
        16          0          0          0          0         68   aeabi_memset.o
        18          0          0          0          0         80   exit.o
         6          0          0          0          0        152   heapauxi.o
         2          0          0          0          0          0   libinit.o
         6          0          0          0          0          0   libinit2.o
         2          0          0          0          0          0   libshutdown.o
         2          0          0          0          0          0   libshutdown2.o
         8          4          0          0         96         68   libspace.o
       238          0          0          0          0        100   lludivv7m.o
         8          4          0          0          0         68   rt_errno_addr_intlibspace.o
        68          0          0          0          0         68   rt_memclr.o
        78          0          0          0          0         80   rt_memclr_w.o
       138          0          0          0          0         68   rt_memcpy_v6.o
       100          0          0          0          0         80   rt_memcpy_w.o
         2          0          0          0          0          0   rtexit.o
        10          0          0          0          0          0   rtexit2.o
        74          0          0          0          0         80   sys_stackheap_outer.o
         2          0          0          0          0         68   use_no_semi.o
         2          0          0          0          0         68   use_no_semi_2.o
        24          0          0          0          0        164   basic.o
        98          4          0          0          0        140   d2f.o
       826         16          0          0          0        492   daddsub_clz.o
        24          0          0          0          0        116   dcmpi.o
       688        140          0          0          0        256   ddiv.o
        94          4          0          0          0        140   dfix.o
        90          4          0          0          0        140   dfixu.o
        84          0          0          0          0        232   dflt_clz.o
       120          4          0          0          0        140   dleqf.o
       340         12          0          0          0        152   dmul.o
       156          4          0          0          0        140   dnaninf.o
        12          0          0          0          0        116   dretinf.o
       108          0          0          0          0        128   drleqf.o
       408         56          0          0          0        168   dsqrt_umaal.o
        86          4          0          0          0        132   f2d.o
       140          4          0          0          0        132   fnaninf.o
        10          0          0          0          0        116   fpinit.o
        10          0          0          0          0        116   fretinf.o
         0          0          0          0          0          0   usenofp.o
       200         20          0          0          0        164   cos.o
       368         46         48          0          0        200   cos_i.o
        84         16          0          0          0        372   dunder.o
        44          0          0          0          0        248   fabs.o
        48          0          0          0          0        124   fpclassify.o
       248          0          0          0          0        152   poly.o
      1080        142        200          0          0        188   rred.o
       200         20          0          0          0        164   sin.o
       304         24         40          0          0        208   sin_i.o
       122          0          0          0          0        148   sqrt.o

    ----------------------------------------------------------------------
      7044        536        288          0         96       6204   Library Totals
        30          0          0          0          0          0   (incl. Padding)

    ----------------------------------------------------------------------

      Code (inc. data)   RO Data    RW Data    ZI Data      Debug   Library Name

       998         16          0          0         96       1216   c_w.l
      3318        252          0          0          0       3020   fz_wm.l
      2698        268        288          0          0       1968   m_wm.l

    ----------------------------------------------------------------------
      7044        536        288          0         96       6204   Library Totals

    ----------------------------------------------------------------------

==============================================================================


      Code (inc. data)   RO Data    RW Data    ZI Data      Debug   

     49512       3438       1224        524      32172    1799039   Grand Totals
     49512       3438       1224         56      32172    1799039   ELF Image Totals (compressed)
     49512       3438       1224         56          0          0   ROM Totals

==============================================================================

    Total RO  Size (Code + RO Data)                50736 (  49.55kB)
    Total RW  Size (RW Data + ZI Data)             32696 (  31.93kB)
    Total ROM Size (Code + RO Data + RW Data)      50792 (  49.60kB)

==============================================================================

